Component: ARM Compiler 5.06 update 7 (build 960) Tool: armlink [4d3601]

==============================================================================

Section Cross References

    startup_stm32f103xb.o(STACK) refers (Special) to heapauxi.o(.text) for __use_two_region_memory
    startup_stm32f103xb.o(HEAP) refers (Special) to heapauxi.o(.text) for __use_two_region_memory
    startup_stm32f103xb.o(RESET) refers (Special) to heapauxi.o(.text) for __use_two_region_memory
    startup_stm32f103xb.o(RESET) refers to startup_stm32f103xb.o(STACK) for __initial_sp
    startup_stm32f103xb.o(RESET) refers to startup_stm32f103xb.o(.text) for Reset_Handler
    startup_stm32f103xb.o(RESET) refers to stm32f1xx_it.o(i.NMI_Handler) for NMI_Handler
    startup_stm32f103xb.o(RESET) refers to stm32f1xx_it.o(i.HardFault_Handler) for HardFault_Handler
    startup_stm32f103xb.o(RESET) refers to stm32f1xx_it.o(i.MemManage_Handler) for MemManage_Handler
    startup_stm32f103xb.o(RESET) refers to stm32f1xx_it.o(i.BusFault_Handler) for BusFault_Handler
    startup_stm32f103xb.o(RESET) refers to stm32f1xx_it.o(i.UsageFault_Handler) for UsageFault_Handler
    startup_stm32f103xb.o(RESET) refers to stm32f1xx_it.o(i.SVC_Handler) for SVC_Handler
    startup_stm32f103xb.o(RESET) refers to stm32f1xx_it.o(i.DebugMon_Handler) for DebugMon_Handler
    startup_stm32f103xb.o(RESET) refers to stm32f1xx_it.o(i.PendSV_Handler) for PendSV_Handler
    startup_stm32f103xb.o(RESET) refers to stm32f1xx_it.o(i.SysTick_Handler) for SysTick_Handler
    startup_stm32f103xb.o(RESET) refers to stm32f1xx_it.o(i.RCC_IRQHandler) for RCC_IRQHandler
    startup_stm32f103xb.o(RESET) refers to stm32f1xx_it.o(i.TIM1_UP_IRQHandler) for TIM1_UP_IRQHandler
    startup_stm32f103xb.o(.text) refers (Special) to heapauxi.o(.text) for __use_two_region_memory
    startup_stm32f103xb.o(.text) refers to system_stm32f1xx.o(i.SystemInit) for SystemInit
    startup_stm32f103xb.o(.text) refers to __main.o(!!!main) for __main
    startup_stm32f103xb.o(.text) refers to startup_stm32f103xb.o(HEAP) for Heap_Mem
    startup_stm32f103xb.o(.text) refers to startup_stm32f103xb.o(STACK) for Stack_Mem
    delay.o(i.Delay_ms) refers to delay.o(i.Delay_us) for Delay_us
    delay.o(i.Delay_s) refers to delay.o(i.Delay_ms) for Delay_ms
    myi2c.o(i.MyI2C_Init) refers to myi2c.o(i.MyI2C_Stop) for MyI2C_Stop
    myi2c.o(i.MyI2C_R_SDA) refers to stm32f1xx_hal_gpio.o(i.HAL_GPIO_ReadPin) for HAL_GPIO_ReadPin
    myi2c.o(i.MyI2C_R_SDA) refers to delay.o(i.Delay_us) for Delay_us
    myi2c.o(i.MyI2C_ReceiveAck) refers to myi2c.o(i.MyI2C_W_SDA) for MyI2C_W_SDA
    myi2c.o(i.MyI2C_ReceiveAck) refers to myi2c.o(i.MyI2C_W_SCL) for MyI2C_W_SCL
    myi2c.o(i.MyI2C_ReceiveAck) refers to myi2c.o(i.MyI2C_R_SDA) for MyI2C_R_SDA
    myi2c.o(i.MyI2C_ReceiveByte) refers to myi2c.o(i.MyI2C_W_SDA) for MyI2C_W_SDA
    myi2c.o(i.MyI2C_ReceiveByte) refers to myi2c.o(i.MyI2C_W_SCL) for MyI2C_W_SCL
    myi2c.o(i.MyI2C_ReceiveByte) refers to myi2c.o(i.MyI2C_R_SDA) for MyI2C_R_SDA
    myi2c.o(i.MyI2C_ReceiveByte) refers to myi2c.o(i.MyI2C_SendAck) for MyI2C_SendAck
    myi2c.o(i.MyI2C_SendAck) refers to myi2c.o(i.MyI2C_W_SCL) for MyI2C_W_SCL
    myi2c.o(i.MyI2C_SendAck) refers to myi2c.o(i.MyI2C_W_SDA) for MyI2C_W_SDA
    myi2c.o(i.MyI2C_SendByte) refers to myi2c.o(i.MyI2C_W_SDA) for MyI2C_W_SDA
    myi2c.o(i.MyI2C_SendByte) refers to myi2c.o(i.MyI2C_W_SCL) for MyI2C_W_SCL
    myi2c.o(i.MyI2C_Start) refers to myi2c.o(i.MyI2C_W_SDA) for MyI2C_W_SDA
    myi2c.o(i.MyI2C_Start) refers to myi2c.o(i.MyI2C_W_SCL) for MyI2C_W_SCL
    myi2c.o(i.MyI2C_Stop) refers to myi2c.o(i.MyI2C_W_SDA) for MyI2C_W_SDA
    myi2c.o(i.MyI2C_Stop) refers to myi2c.o(i.MyI2C_W_SCL) for MyI2C_W_SCL
    myi2c.o(i.MyI2C_W_SCL) refers to stm32f1xx_hal_gpio.o(i.HAL_GPIO_WritePin) for HAL_GPIO_WritePin
    myi2c.o(i.MyI2C_W_SCL) refers to delay.o(i.Delay_us) for Delay_us
    myi2c.o(i.MyI2C_W_SDA) refers to stm32f1xx_hal_gpio.o(i.HAL_GPIO_WritePin) for HAL_GPIO_WritePin
    myi2c.o(i.MyI2C_W_SDA) refers to delay.o(i.Delay_us) for Delay_us
    oled.o(i.OLED_Clear) refers to oled.o(i.OLED_UpdateScreen) for OLED_UpdateScreen
    oled.o(i.OLED_Clear) refers to oled.o(.bss) for .bss
    oled.o(i.OLED_EraseArea) refers to oled.o(.bss) for .bss
    oled.o(i.OLED_Init) refers to oled.o(i.OLED_WriteLenCommand) for OLED_WriteLenCommand
    oled.o(i.OLED_Init) refers to oled.o(i.OLED_SetCursor) for OLED_SetCursor
    oled.o(i.OLED_Init) refers to oled.o(i.OLED_Clear) for OLED_Clear
    oled.o(i.OLED_Init) refers to oled.o(.data) for .data
    oled.o(i.OLED_SetCursor) refers to oled.o(i.OLED_WriteLenCommand) for OLED_WriteLenCommand
    oled.o(i.OLED_ShowChar) refers to oled.o(i.OLED_ShowImage) for OLED_ShowImage
    oled.o(i.OLED_ShowChar) refers to oled.o(.constdata) for .constdata
    oled.o(i.OLED_ShowHexNum) refers to oled.o(i.OLED_ShowChar) for OLED_ShowChar
    oled.o(i.OLED_ShowImage) refers to oled.o(i.OLED_EraseArea) for OLED_EraseArea
[...]
    _fdiv1                                   0x08005d99   Thumb Code     0  fdiv.o(x$fpl$fdiv)
    x$fpl$ffixu                              0x08005f1c   Section       62  ffixu.o(x$fpl$ffixu)
    x$fpl$fflt                               0x08005f5c   Section       48  fflt_clz.o(x$fpl$fflt)
    x$fpl$ffltu                              0x08005f8c   Section       38  fflt_clz.o(x$fpl$ffltu)
    x$fpl$fmul                               0x08005fb4   Section      258  fmul.o(x$fpl$fmul)
    x$fpl$fnaninf                            0x080060b6   Section      140  fnaninf.o(x$fpl$fnaninf)
    x$fpl$fretinf                            0x08006142   Section       10  fretinf.o(x$fpl$fretinf)
    x$fpl$fsub                               0x0800614c   Section      234  faddsub_clz.o(x$fpl$fsub)
    _fsub1                                   0x0800615b   Thumb Code     0  faddsub_clz.o(x$fpl$fsub)
    x$fpl$printf1                            0x08006236   Section        4  printf1.o(x$fpl$printf1)
    x$fpl$retnan                             0x0800623a   Section      100  retnan.o(x$fpl$retnan)
    x$fpl$scalbn                             0x0800629e   Section       92  scalbn.o(x$fpl$scalbn)
    x$fpl$scalbnf                            0x080062fa   Section       76  scalbnf.o(x$fpl$scalbnf)
    x$fpl$trapveneer                         0x08006346   Section       48  trapv.o(x$fpl$trapveneer)
    .constdata                               0x08006376   Section     2056  oled.o(.constdata)
    x$fpl$usenofp                            0x08006376   Section        0  usenofp.o(x$fpl$usenofp)
    .constdata                               0x08006b7e   Section       30  inv_mpu.o(.constdata)
    .constdata                               0x08006b9c   Section       12  inv_mpu.o(.constdata)
    .constdata                               0x08006ba8   Section       40  inv_mpu.o(.constdata)
    .constdata                               0x08006bd0   Section     3062  inv_mpu_dmp_motion_driver.o(.constdata)
    dmp_memory                               0x08006bd0   Data        3062  inv_mpu_dmp_motion_driver.o(.constdata)
    .constdata                               0x080077c6   Section       18  stm32f1xx_hal_rcc.o(.constdata)
    aPredivFactorTable                       0x080077c6   Data           2  stm32f1xx_hal_rcc.o(.constdata)
    aPLLMULFactorTable                       0x080077c8   Data          16  stm32f1xx_hal_rcc.o(.constdata)
    .constdata                               0x080077d8   Section       18  stm32f1xx_hal_rcc_ex.o(.constdata)
    aPredivFactorTable                       0x080077d8   Data           2  stm32f1xx_hal_rcc_ex.o(.constdata)
    aPLLMULFactorTable                       0x080077da   Data          16  stm32f1xx_hal_rcc_ex.o(.constdata)
    .constdata                               0x080077ea   Section       16  system_stm32f1xx.o(.constdata)
    .constdata                               0x080077fa   Section        8  system_stm32f1xx.o(.constdata)
    .constdata                               0x08007802   Section       17  __printf_flags_wp.o(.constdata)
    maptable                                 0x08007802   Data          17  __printf_flags_wp.o(.constdata)
    .constdata                               0x08007818   Section       80  asin.o(.constdata)
    pS                                       0x08007818   Data          48  asin.o(.constdata)
    qS                                       0x08007848   Data          32  asin.o(.constdata)
    .constdata                               0x08007868   Section      152  atan.o(.constdata)
    atanhi                                   0x08007868   Data          32  atan.o(.constdata)
    atanlo                                   0x08007888   Data          32  atan.o(.constdata)
    aTodd                                    0x080078a8   Data          40  atan.o(.constdata)
    aTeven                                   0x080078d0   Data          48  atan.o(.constdata)
    .constdata                               0x08007900   Section        8  qnan.o(.constdata)
    .constdata                               0x08007908   Section      148  bigflt0.o(.constdata)
    tenpwrs_x                                0x08007908   Data          60  bigflt0.o(.constdata)
    tenpwrs_i                                0x08007944   Data          64  bigflt0.o(.constdata)
    locale$$data                             0x080079bc   Section       28  lc_numeric_c.o(locale$$data)
    __lcnum_c_name                           0x080079c0   Data           2  lc_numeric_c.o(locale$$data)
    __lcnum_c_start                          0x080079c8   Data           0  lc_numeric_c.o(locale$$data)
    __lcnum_c_point                          0x080079d4   Data           0  lc_numeric_c.o(locale$$data)
    __lcnum_c_thousands                      0x080079d6   Data           0  lc_numeric_c.o(locale$$data)
    __lcnum_c_grouping                       0x080079d7   Data           0  lc_numeric_c.o(locale$$data)
    __lcnum_c_end                            0x080079d8   Data           0  lc_numeric_c.o(locale$$data)
    .data                                    0x20000000   Section       23  oled.o(.data)
    .data                                    0x20000018   Section       44  inv_mpu.o(.data)
    st                                       0x20000018   Data          44  inv_mpu.o(.data)
    .data                                    0x20000044   Section       15  mpu6050.o(.data)
    gyro_orientation                         0x2000004a   Data           9  mpu6050.o(.data)
    .data                                    0x20000054   Section        4  mpu6050.o(.data)
    .data                                    0x20000058   Section       12  main.o(.data)
    .data                                    0x20000064   Section       12  stm32f1xx_hal.o(.data)
    .data                                    0x20000070   Section        4  system_stm32f1xx.o(.data)
    .bss                                     0x20000074   Section     1024  oled.o(.bss)
    .bss                                     0x20000474   Section       16  inv_mpu_dmp_motion_driver.o(.bss)
    dmp                                      0x20000474   Data          16  inv_mpu_dmp_motion_driver.o(.bss)
    .bss                                     0x20000484   Section       20  main.o(.bss)
    .bss                                     0x20000498   Section       84  i2c.o(.bss)
    .bss                                     0x200004ec   Section       20  rtc.o(.bss)
    .bss                                     0x20000500   Section       72  tim.o(.bss)
    .bss                                     0x20000548   Section       96  libspace.o(.bss)
    HEAP                                     0x200005a8   Section      512  startup_stm32f103xb.o(HEAP)
    Heap_Mem                                 0x200005a8   Data         512  startup_stm32f103xb.o(HEAP)
    STACK                                    0x200007a8   Section     1024  startup_stm32f103xb.o(STACK)
    Stack_Mem                                0x200007a8   Data        1024  startup_stm32f103xb.o(STACK)
    __initial_sp                             0x20000ba8   Data           0  startup_stm32f103xb.o(STACK)

    Global Symbols

    Symbol Name                              Value     Ov Type        Size  Object(Section)

    BuildAttributes$$THM_ISAv4$P$D$K$B$S$PE$A:L22UL41UL21$X:L11$S22US41US21$IEEE1$IW$USESV6$~STKCKD$USESV7$~SHL$OTIME$ROPI$IEEEX$EBA8$UX$STANDARDLIB$REQ8$PRES8$EABIv2 0x00000000   Number         0  anon$$obj.o ABSOLUTE
    __ARM_use_no_argv                        0x00000000   Number         0  main.o ABSOLUTE
    _printf_flags                            0x00000000   Number         0  printf_stubs.o ABSOLUTE
    _printf_return_value                     0x00000000   Number         0  printf_stubs.o ABSOLUTE
    _printf_sizespec                         0x00000000   Number         0  printf_stubs.o ABSOLUTE
    _printf_widthprec                        0x00000000   Number         0  printf_stubs.o ABSOLUTE
    __ARM_exceptions_init                     - Undefined Weak Reference
    __alloca_initialize                       - Undefined Weak Reference
    __arm_fini_                               - Undefined Weak Reference
    __arm_preinit_                            - Undefined Weak Reference
    __cpp_initialize__aeabi_                  - Undefined Weak Reference
    __cxa_finalize                            - Undefined Weak Reference
    __sigvec_lookup                           - Undefined Weak Reference
    __user_heap_extent                        - Undefined Weak Reference
    _atexit_init                              - Undefined Weak Reference
    _call_atexit_fns                          - Undefined Weak Reference
    _clock_init                               - Undefined Weak Reference
    _fp_trap_init                             - Undefined Weak Reference
    _fp_trap_shutdown                         - Undefined Weak Reference
    _get_lc_collate                           - Undefined Weak Reference
    _get_lc_ctype                             - Undefined Weak Reference
    _get_lc_monetary                          - Undefined Weak Reference
    _get_lc_time                              - Undefined Weak Reference
    _getenv_init                              - Undefined Weak Reference
    _handle_redirection                       - Undefined Weak Reference
    _mutex_acquire                            - Undefined Weak Reference
    _mutex_free                               - Undefined Weak Reference
    _mutex_release                            - Undefined Weak Reference
    _printf_truncate_signed                   - Undefined Weak Reference
    _printf_truncate_unsigned                 - Undefined Weak Reference
    _rand_init                                - Undefined Weak Reference
    _signal_finish                            - Undefined Weak Reference
    _signal_init                              - Undefined Weak Reference
    __Vectors_Size                           0x000000ec   Number         0  startup_stm32f103xb.o ABSOLUTE
    __Vectors                                0x08000000   Data           4  startup_stm32f103xb.o(RESET)
    __Vectors_End                            0x080000ec   Data           0  startup_stm32f103xb.o(RESET)
    __main                                   0x080000ed   Thumb Code     8  __main.o(!!!main)
    __scatterload                            0x080000f5   Thumb Code     0  __scatter.o(!!!scatter)
    __scatterload_rt2                        0x080000f5   Thumb Code    44  __scatter.o(!!!scatter)
    __scatterload_rt2_thumb_only             0x080000f5   Thumb Code     0  __scatter.o(!!!scatter)
    __scatterload_null                       0x08000103   Thumb Code     0  __scatter.o(!!!scatter)
    __scatterload_copy                       0x08000129   Thumb Code    26  __scatter_copy.o(!!handler_copy)
    __scatterload_zeroinit                   0x08000145   Thumb Code    28  __scatter_zi.o(!!handler_zi)
    _printf_f                                0x08000161   Thumb Code     0  _printf_f.o(.ARM.Collect$$_printf_percent$$00000003)
    _printf_percent                          0x08000161   Thumb Code     0  _printf_percent.o(.ARM.Collect$$_printf_percent$$00000000)
    _printf_d                                0x08000167   Thumb Code     0  _printf_d.o(.ARM.Collect$$_printf_percent$$00000009)
    _printf_percent_end                      0x0800016d   Thumb Code     0  _printf_percent_end.o(.ARM.Collect$$_printf_percent$$00000017)
    __rt_lib_init                            0x08000171   Thumb Code     0  libinit.o(.ARM.Collect$$libinit$$00000000)
    __rt_lib_init_fp_1                       0x08000173   Thumb Code     0  libinit2.o(.ARM.Collect$$libinit$$00000002)
    __rt_lib_init_heap_1                     0x08000173   Thumb Code     0  libinit2.o(.ARM.Collect$$libinit$$0000000A)
    __rt_lib_init_lc_common                  0x08000173   Thumb Code     0  libinit2.o(.ARM.Collect$$libinit$$0000000F)
    __rt_lib_init_preinit_1                  0x08000173   Thumb Code     0  libinit2.o(.ARM.Collect$$libinit$$00000004)
    __rt_lib_init_rand_1                     0x08000173   Thumb Code     0  libinit2.o(.ARM.Collect$$libinit$$0000000E)
    __rt_lib_init_user_alloc_1               0x08000173   Thumb Code     0  libinit2.o(.ARM.Collect$$libinit$$0000000C)
    __rt_lib_init_lc_collate_1               0x08000179   Thumb Code     0  libinit2.o(.ARM.Collect$$libinit$$00000011)
    __rt_lib_init_lc_ctype_1                 0x08000179   Thumb Code     0  libinit2.o(.ARM.Collect$$libinit$$00000013)
    __rt_lib_init_lc_monetary_1              0x08000179   Thumb Code     0  libinit2.o(.ARM.Collect$$libinit$$00000015)
    __rt_lib_init_lc_numeric_2               0x08000179   Thumb Code     0  libinit2.o(.ARM.Collect$$libinit$$00000016)
    __rt_lib_init_alloca_1                   0x08000183   Thumb Code     0  libinit2.o(.ARM.Collect$$libinit$$0000002E)
    __rt_lib_init_argv_1                     0x08000183   Thumb Code     0  libinit2.o(.ARM.Collect$$libinit$$0000002C)
    __rt_lib_init_atexit_1                   0x08000183   Thumb Code     0  libinit2.o(.ARM.Collect$$libinit$$0000001B)
    __rt_lib_init_clock_1                    0x08000183   Thumb Code     0  libinit2.o(.ARM.Collect$$libinit$$00000021)
    __rt_lib_init_cpp_1                      0x08000183   Thumb Code     0  libinit2.o(.ARM.Collect$$libinit$$00000032)
    __rt_lib_init_exceptions_1               0x08000183   Thumb Code     0  libinit2.o(.ARM.Collect$$libinit$$00000030)
    __rt_lib_init_fp_trap_1                  0x08000183   Thumb Code     0  libinit2.o(.ARM.Collect$$libinit$$0000001F)
    __rt_lib_init_getenv_1                   0x08000183   Thumb Code     0  libinit2.o(.ARM.Collect$$libinit$$00000023)
    __rt_lib_init_lc_numeric_1               0x08000183   Thumb Code     0  libinit2.o(.ARM.Collect$$libinit$$00000017)
    __rt_lib_init_lc_time_1                  0x08000183   Thumb Code     0  libinit2.o(.ARM.Collect$$libinit$$00000019)
    __rt_lib_init_return                     0x08000183   Thumb Code     0  libinit2.o(.ARM.Collect$$libinit$$00000033)
    __rt_lib_init_signal_1                   0x08000183   Thumb Code     0  libinit2.o(.ARM.Collect$$libinit$$0000001D)
    __rt_lib_init_stdio_1                    0x08000183   Thumb Code     0  libinit2.o(.ARM.Collect$$libinit$$00000025)
    __rt_lib_shutdown                        0x08000185   Thumb Code     0  libshutdown.o(.ARM.Collect$$libshutdown$$00000000)
    __rt_lib_shutdown_cpp_1                  0x08000187   Thumb Code     0  libshutdown2.o(.ARM.Collect$$libshutdown$$00000004)
    __rt_lib_shutdown_fini_1                 0x08000187   Thumb Code     0  libshutdown2.o(.ARM.Collect$$libshutdown$$00000002)
    __rt_lib_shutdown_fp_trap_1              0x08000187   Thumb Code     0  libshutdown2.o(.ARM.Collect$$libshutdown$$00000009)
    __rt_lib_shutdown_heap_1                 0x08000187   Thumb Code     0  libshutdown2.o(.ARM.Collect$$libshutdown$$00000011)
    __rt_lib_shutdown_return                 0x08000187   Thumb Code     0  libshutdown2.o(.ARM.Collect$$libshutdown$$00000012)
    __rt_lib_shutdown_signal_1               0x08000187   Thumb Code     0  libshutdown2.o(.ARM.Collect$$libshutdown$$0000000C)
    __rt_lib_shutdown_stdio_1                0x08000187   Thumb Code     0  libshutdown2.o(.ARM.Collect$$libshutdown$$00000006)
    __rt_lib_shutdown_user_alloc_1           0x08000187   Thumb Code     0  libshutdown2.o(.ARM.Collect$$libshutdown$$0000000E)
    __rt_entry                               0x08000189   Thumb Code     0  __rtentry.o(.ARM.Collect$$rtentry$$00000000)
    __rt_entry_presh_1                       0x08000189   Thumb Code     0  __rtentry2.o(.ARM.Collect$$rtentry$$00000002)
    __rt_entry_sh                            0x08000189   Thumb Code     0  __rtentry4.o(.ARM.Collect$$rtentry$$00000004)
    __rt_entry_li                            0x0800018f   Thumb Code     0  __rtentry2.o(.ARM.Collect$$rtentry$$0000000A)
    __rt_entry_postsh_1                      0x0800018f   Thumb Code     0  __rtentry2.o(.ARM.Collect$$rtentry$$00000009)
    __rt_entry_main                          0x08000193   Thumb Code     0  __rtentry2.o(.ARM.Collect$$rtentry$$0000000D)
    __rt_entry_postli_1                      0x08000193   Thumb Code     0  __rtentry2.o(.ARM.Collect$$rtentry$$0000000C)
    __rt_exit                                0x0800019b   Thumb Code     0  rtexit.o(.ARM.Collect$$rtexit$$00000000)
    __rt_exit_ls                             0x0800019d   Thumb Code     0  rtexit2.o(.ARM.Collect$$rtexit$$00000003)
    __rt_exit_prels_1                        0x0800019d   Thumb Code     0  rtexit2.o(.ARM.Collect$$rtexit$$00000002)
    __rt_exit_exit                           0x080001a1   Thumb Code     0  rtexit2.o(.ARM.Collect$$rtexit$$00000004)
    Reset_Handler                            0x080001a9   Thumb Code     8  startup_stm32f103xb.o(.text)
    ADC1_2_IRQHandler                        0x080001c3   Thumb Code     0  startup_stm32f103xb.o(.text)
    CAN1_RX1_IRQHandler                      0x080001c3   Thumb Code     0  startup_stm32f103xb.o(.text)
    CAN1_SCE_IRQHandler                      0x080001c3   Thumb Code     0  startup_stm32f103xb.o(.text)
    DMA1_Channel1_IRQHandler                 0x080001c3   Thumb Code     0  startup_stm32f103xb.o(.text)
    DMA1_Channel2_IRQHandler                 0x080001c3   Thumb Code     0  startup_stm32f103xb.o(.text)
    DMA1_Channel3_IRQHandler                 0x080001c3   Thumb Code     0  startup_stm32f103xb.o(.text)
    DMA1_Channel4_IRQHandler                 0x080001c3   Thumb Code     0  startup_stm32f103xb.o(.text)
    DMA1_Channel5_IRQHandler                 0x080001c3   Thumb Code     0  startup_stm32f103xb.o(.text)
    DMA1_Channel6_IRQHandler                 0x080001c3   Thumb Code     0  startup_stm32f103xb.o(.text)
    DMA1_Channel7_IRQHandler                 0x080001c3   Thumb Code     0  startup_stm32f103xb.o(.text)
    EXTI0_IRQHandler                         0x080001c3   Thumb Code     0  startup_stm32f103xb.o(.text)
    EXTI15_10_IRQHandler                     0x080001c3   Thumb Code     0  startup_stm32f103xb.o(.text)
    EXTI1_IRQHandler                         0x080001c3   Thumb Code     0  startup_stm32f103xb.o(.text)
    EXTI2_IRQHandler                         0x080001c3   Thumb Code     0  startup_stm32f103xb.o(.text)
    EXTI3_IRQHandler                         0x080001c3   Thumb Code     0  startup_stm32f103xb.o(.text)
    EXTI4_IRQHandler                         0x080001c3   Thumb Code     0  startup_stm32f103xb.o(.text)
    EXTI9_5_IRQHandler                       0x080001c3   Thumb Code     0  startup_stm32f103xb.o(.text)
    FLASH_IRQHandler                         0x080001c3   Thumb Code     0  startup_stm32f103xb.o(.text)
    I2C1_ER_IRQHandler                       0x080001c3   Thumb Code     0  startup_stm32f103xb.o(.text)
    I2C1_EV_IRQHandler                       0x080001c3   Thumb Code     0  startup_stm32f103xb.o(.text)
    I2C2_ER_IRQHandler                       0x080001c3   Thumb Code     0  startup_stm32f103xb.o(.text)
    I2C2_EV_IRQHandler                       0x080001c3   Thumb Code     0  startup_stm32f103xb.o(.text)
    PVD_IRQHandler                           0x080001c3   Thumb Code     0  startup_stm32f103xb.o(.text)
    RTC_Alarm_IRQHandler                     0x080001c3   Thumb Code     0  startup_stm32f103xb.o(.text)
    RTC_IRQHandler                           0x080001c3   Thumb Code     0  startup_stm32f103xb.o(.text)
    SPI1_IRQHandler                          0x080001c3   Thumb Code     0  startup_stm32f103xb.o(.text)
    SPI2_IRQHandler                          0x080001c3   Thumb Code     0  startup_stm32f103xb.o(.text)
    TAMPER_IRQHandler                        0x080001c3   Thumb Code     0  startup_stm32f103xb.o(.text)
    TIM1_BRK_IRQHandler                      0x080001c3   Thumb Code     0  startup_stm32f103xb.o(.text)
    TIM1_CC_IRQHandler                       0x080001c3   Thumb Code     0  startup_stm32f103xb.o(.text)
    TIM1_TRG_COM_IRQHandler                  0x080001c3   Thumb Code     0  startup_stm32f103xb.o(.text)
    TIM2_IRQHandler                          0x080001c3   Thumb Code     0  startup_stm32f103xb.o(.text)
    TIM3_IRQHandler                          0x080001c3   Thumb Code     0  startup_stm32f103xb.o(.text)
    TIM4_IRQHandler                          0x080001c3   Thumb Code     0  startup_stm32f103xb.o(.text)
    USART1_IRQHandler                        0x080001c3   Thumb Code     0  startup_stm32f103xb.o(.text)
    USART2_IRQHandler                        0x080001c3   Thumb Code     0  startup_stm32f103xb.o(.text)
    USART3_IRQHandler                        0x080001c3   Thumb Code     0  startup_stm32f103xb.o(.text)
    USBWakeUp_IRQHandler                     0x080001c3   Thumb Code     0  startup_stm32f103xb.o(.text)
    USB_HP_CAN1_TX_IRQHandler                0x080001c3   Thumb Code     0  startup_stm32f103xb.o(.text)
    USB_LP_CAN1_RX0_IRQHandler               0x080001c3   Thumb Code     0  startup_stm32f103xb.o(.text)
    WWDG_IRQHandler                          0x080001c3   Thumb Code     0  startup_stm32f103xb.o(.text)
    __user_initial_stackheap                 0x080001c5   Thumb Code     0  startup_stm32f103xb.o(.text)
    __2sprintf                               0x080001e9   Thumb Code    34  noretval__2sprintf.o(.text)
    _printf_pre_padding                      0x08000211   Thumb Code    44  _printf_pad.o(.text)
    _printf_post_padding                     0x0800023d   Thumb Code    34  _printf_pad.o(.text)
    _printf_int_dec                          0x08000261   Thumb Code   104  _printf_dec.o(.text)
    __printf                                 0x080002d9   Thumb Code   308  __printf_flags_wp.o(.text)
    memcmp                                   0x08000411   Thumb Code    88  memcmp.o(.text)
    __aeabi_memset                           0x08000469   Thumb Code    16  aeabi_memset.o(.text)
    __aeabi_memclr4                          0x08000479   Thumb Code     0  rt_memclr_w.o(.text)
    __aeabi_memclr8                          0x08000479   Thumb Code     0  rt_memclr_w.o(.text)
    __rt_memclr_w                            0x08000479   Thumb Code    78  rt_memclr_w.o(.text)
    _memset_w                                0x0800047d   Thumb Code     0  rt_memclr_w.o(.text)
    __use_two_region_memory                  0x080004c7   Thumb Code     2  heapauxi.o(.text)
    __rt_heap_escrow                         0x080004c9   Thumb Code     2  heapauxi.o(.text)
    __rt_heap_expand                         0x080004cb   Thumb Code     2  heapauxi.o(.text)
    __read_errno                             0x080004cd   Thumb Code    10  _rserrno.o(.text)
    __set_errno                              0x080004d7   Thumb Code    12  _rserrno.o(.text)
    _printf_int_common                       0x080004e3   Thumb Code   178  _printf_intcommon.o(.text)
    __lib_sel_fp_printf                      0x08000595   Thumb Code     2  _printf_fp_dec.o(.text)
    _printf_fp_dec_real                      0x08000747   Thumb Code   620  _printf_fp_dec.o(.text)
    _printf_char_common                      0x080009bf   Thumb Code    32  _printf_char_common.o(.text)
    _sputc                                   0x080009e5   Thumb Code    10  _sputc.o(.text)
    __aeabi_memclr                           0x080009ef   Thumb Code     0  rt_memclr.o(.text)
    __rt_memclr                              0x080009ef   Thumb Code    68  rt_memclr.o(.text)
    _memset                                  0x080009f3   Thumb Code     0  rt_memclr.o(.text)
    __rt_locale                              0x08000a35   Thumb Code     8  rt_locale_intlibspace.o(.text)
    __aeabi_errno_addr                       0x08000a3d   Thumb Code     8  rt_errno_addr_intlibspace.o(.text)
    __errno$intlibspace                      0x08000a3d   Thumb Code     0  rt_errno_addr_intlibspace.o(.text)
    __rt_errno_addr$intlibspace              0x08000a3d   Thumb Code     0  rt_errno_addr_intlibspace.o(.text)
    _ll_udiv10                               0x08000a45   Thumb Code   138  lludiv10.o(.text)
    _printf_fp_infnan                        0x08000ad1   Thumb Code   112  _printf_fp_infnan.o(.text)
    _btod_etento                             0x08000b51   Thumb Code   224  bigflt0.o(.text)
    __user_libspace                          0x08000c35   Thumb Code     8  libspace.o(.text)
    __user_perproc_libspace                  0x08000c35   Thumb Code     0  libspace.o(.text)
    __user_perthread_libspace                0x08000c35   Thumb Code     0  libspace.o(.text)
    __user_setup_stackheap                   0x08000c3d   Thumb Code    74  sys_stackheap_outer.o(.text)
    exit                                     0x08000c87   Thumb Code    18  exit.o(.text)
    strcmp                                   0x08000c99   Thumb Code   128  strcmpv7m.o(.text)
    __I$use$semihosting                      0x08000d19   Thumb Code     0  use_no_semi.o(.text)
    __use_no_semihosting_swi                 0x08000d19   Thumb Code     2  use_no_semi.o(.text)
    __semihosting_library_function           0x08000d1b   Thumb Code     0  indicate_semi.o(.text)
    _sys_exit                                0x08000d1d   Thumb Code     8  sys_exit.o(.text)
    _btod_d2e                                0x08000d29   Thumb Code    62  btod.o(CL$$btod_d2e)
    _d2e_denorm_low                          0x08000d67   Thumb Code    70  btod.o(CL$$btod_d2e_denorm_low)
    _d2e_norm_op1                            0x08000dad   Thumb Code    96  btod.o(CL$$btod_d2e_norm_op1)
    __btod_div_common                        0x08000e0d   Thumb Code   696  btod.o(CL$$btod_div_common)
    _e2e                                     0x08001145   Thumb Code   220  btod.o(CL$$btod_e2e)
    _btod_ediv                               0x08001221   Thumb Code    42  btod.o(CL$$btod_ediv)
    _btod_emul                               0x0800124b   Thumb Code    42  btod.o(CL$$btod_emul)
    __btod_mult_common                       0x08001275   Thumb Code   580  btod.o(CL$$btod_mult_common)
    BusFault_Handler                         0x080014b9   Thumb Code     2  stm32f1xx_it.o(i.BusFault_Handler)
    DebugMon_Handler                         0x080014bb   Thumb Code     2  stm32f1xx_it.o(i.DebugMon_Handler)
    Delay_ms                                 0x080014bd   Thumb Code    22  delay.o(i.Delay_ms)
    Delay_us                                 0x080014d3   Thumb Code    32  delay.o(i.Delay_us)
    Error_Handler                            0x080014f3   Thumb Code     4  main.o(i.Error_Handler)
    HAL_GPIO_Init                            0x080014f9   Thumb Code   446  stm32f1xx_hal_gpio.o(i.HAL_GPIO_Init)
    HAL_GPIO_ReadPin                         0x080016d9   Thumb Code    10  stm32f1xx_hal_gpio.o(i.HAL_GPIO_ReadPin)
    HAL_GPIO_WritePin                        0x080016e3   Thumb Code    10  stm32f1xx_hal_gpio.o(i.HAL_GPIO_WritePin)
    HAL_GetTick                              0x080016ed   Thumb Code     6  stm32f1xx_hal.o(i.HAL_GetTick)
    HAL_I2C_Init                             0x080016f9   Thumb Code   376  stm32f1xx_hal_i2c.o(i.HAL_I2C_Init)
    HAL_I2C_Mem_Write                        0x08001881   Thumb Code   294  stm32f1xx_hal_i2c.o(i.HAL_I2C_Mem_Write)
    HAL_I2C_MspInit                          0x080019b1   Thumb Code    96  i2c.o(i.HAL_I2C_MspInit)
    HAL_IncTick                              0x08001a21   Thumb Code    12  stm32f1xx_hal.o(i.HAL_IncTick)
    HAL_Init                                 0x08001a31   Thumb Code    32  stm32f1xx_hal.o(i.HAL_Init)
    HAL_InitTick                             0x08001a55   Thumb Code    54  stm32f1xx_hal.o(i.HAL_InitTick)
    HAL_MspInit                              0x08001a95   Thumb Code    68  stm32f1xx_hal_msp.o(i.HAL_MspInit)
    HAL_NVIC_EnableIRQ                       0x08001ae1   Thumb Code    26  stm32f1xx_hal_cortex.o(i.HAL_NVIC_EnableIRQ)
    HAL_NVIC_SetPriority                     0x08001afd   Thumb Code    60  stm32f1xx_hal_cortex.o(i.HAL_NVIC_SetPriority)
    HAL_NVIC_SetPriorityGrouping             0x08001b3d   Thumb Code    26  stm32f1xx_hal_cortex.o(i.HAL_NVIC_SetPriorityGrouping)
    HAL_PWR_EnableBkUpAccess                 0x08001b61   Thumb Code     8  stm32f1xx_hal_pwr.o(i.HAL_PWR_EnableBkUpAccess)
    HAL_RCCEx_GetPeriphCLKFreq               0x08001b6d   Thumb Code   148  stm32f1xx_hal_rcc_ex.o(i.HAL_RCCEx_GetPeriphCLKFreq)
    HAL_RCCEx_PeriphCLKConfig                0x08001c11   Thumb Code   224  stm32f1xx_hal_rcc_ex.o(i.HAL_RCCEx_PeriphCLKConfig)
    HAL_RCC_ClockConfig                      0x08001cfd   Thumb Code   280  stm32f1xx_hal_rcc.o(i.HAL_RCC_ClockConfig)
    HAL_RCC_GetPCLK1Freq                     0x08001e29   Thumb Code    20  stm32f1xx_hal_rcc.o(i.HAL_RCC_GetPCLK1Freq)
    HAL_RCC_GetPCLK2Freq                     0x08001e49   Thumb Code    20  stm32f1xx_hal_rcc.o(i.HAL_RCC_GetPCLK2Freq)
    HAL_RCC_GetSysClockFreq                  0x08001e69   Thumb Code    58  stm32f1xx_hal_rcc.o(i.HAL_RCC_GetSysClockFreq)
    HAL_RCC_OscConfig                        0x08001eb5   Thumb Code   778  stm32f1xx_hal_rcc.o(i.HAL_RCC_OscConfig)
    HAL_RTC_Init                             0x080021d5   Thumb Code   144  stm32f1xx_hal_rtc.o(i.HAL_RTC_Init)
    HAL_RTC_MspInit                          0x08002269   Thumb Code    40  rtc.o(i.HAL_RTC_MspInit)
    HAL_RTC_WaitForSynchro                   0x0800229d   Thumb Code    58  stm32f1xx_hal_rtc.o(i.HAL_RTC_WaitForSynchro)
    HAL_SYSTICK_Config                       0x080022d7   Thumb Code    40  stm32f1xx_hal_cortex.o(i.HAL_SYSTICK_Config)
    HAL_TIMEx_BreakCallback                  0x080022ff   Thumb Code     2  stm32f1xx_hal_tim_ex.o(i.HAL_TIMEx_BreakCallback)
    HAL_TIMEx_CommutCallback                 0x08002301   Thumb Code     2  stm32f1xx_hal_tim_ex.o(i.HAL_TIMEx_CommutCallback)
    HAL_TIMEx_MasterConfigSynchronization    0x08002305   Thumb Code    92  stm32f1xx_hal_tim_ex.o(i.HAL_TIMEx_MasterConfigSynchronization)
    HAL_TIM_Base_Init                        0x0800236d   Thumb Code    90  stm32f1xx_hal_tim.o(i.HAL_TIM_Base_Init)
    HAL_TIM_Base_MspInit                     0x080023c9   Thumb Code    50  tim.o(i.HAL_TIM_Base_MspInit)
    HAL_TIM_Base_Start_IT                    0x08002405   Thumb Code    76  stm32f1xx_hal_tim.o(i.HAL_TIM_Base_Start_IT)
    HAL_TIM_ConfigClockSource                0x0800245d   Thumb Code   220  stm32f1xx_hal_tim.o(i.HAL_TIM_ConfigClockSource)
    HAL_TIM_IC_CaptureCallback               0x08002539   Thumb Code     2  stm32f1xx_hal_tim.o(i.HAL_TIM_IC_CaptureCallback)
    HAL_TIM_IRQHandler                       0x0800253b   Thumb Code   304  stm32f1xx_hal_tim.o(i.HAL_TIM_IRQHandler)
    HAL_TIM_OC_DelayElapsedCallback          0x0800266b   Thumb Code     2  stm32f1xx_hal_tim.o(i.HAL_TIM_OC_DelayElapsedCallback)
    HAL_TIM_PWM_PulseFinishedCallback        0x0800266d   Thumb Code     2  stm32f1xx_hal_tim.o(i.HAL_TIM_PWM_PulseFinishedCallback)
    HAL_TIM_PeriodElapsedCallback            0x08002671   Thumb Code    16  main.o(i.HAL_TIM_PeriodElapsedCallback)
    HAL_TIM_TriggerCallback                  0x08002685   Thumb Code     2  stm32f1xx_hal_tim.o(i.HAL_TIM_TriggerCallback)
    HardFault_Handler                        0x08002687   Thumb Code     2  stm32f1xx_it.o(i.HardFault_Handler)
    MPU_Set_LPF                              0x0800295b   Thumb Code    56  mpu6050.o(i.MPU_Set_LPF)
    MPU_Set_Rate                             0x08002993   Thumb Code    48  mpu6050.o(i.MPU_Set_Rate)
    MX_GPIO_Init                             0x080029c5   Thumb Code   120  gpio.o(i.MX_GPIO_Init)
    MX_I2C1_Init                             0x08002a45   Thumb Code    50  i2c.o(i.MX_I2C1_Init)
    MX_RTC_Init                              0x08002a85   Thumb Code    36  rtc.o(i.MX_RTC_Init)
    MX_TIM1_Init                             0x08002ab1   Thumb Code   100  tim.o(i.MX_TIM1_Init)
    MemManage_Handler                        0x08002b1d   Thumb Code     2  stm32f1xx_it.o(i.MemManage_Handler)
    MyI2C_Init                               0x08002b1f   Thumb Code     4  myi2c.o(i.MyI2C_Init)
    MyI2C_R_SDA                              0x08002b25   Thumb Code    24  myi2c.o(i.MyI2C_R_SDA)
    MyI2C_ReceiveAck                         0x08002b41   Thumb Code    30  myi2c.o(i.MyI2C_ReceiveAck)
    MyI2C_ReceiveByte                        0x08002b5f   Thumb Code    62  myi2c.o(i.MyI2C_ReceiveByte)
    MyI2C_SendAck                            0x08002b9d   Thumb Code    38  myi2c.o(i.MyI2C_SendAck)
    MyI2C_SendByte                           0x08002bc3   Thumb Code    52  myi2c.o(i.MyI2C_SendByte)
    MyI2C_Start                              0x08002bf7   Thumb Code    30  myi2c.o(i.MyI2C_Start)
    MyI2C_Stop                               0x08002c15   Thumb Code    24  myi2c.o(i.MyI2C_Stop)
    MyI2C_W_SCL                              0x08002c2d   Thumb Code    24  myi2c.o(i.MyI2C_W_SCL)
    MyI2C_W_SDA                              0x08002c49   Thumb Code    24  myi2c.o(i.MyI2C_W_SDA)
    NMI_Handler                              0x08002c65   Thumb Code     2  stm32f1xx_it.o(i.NMI_Handler)
    OLED_Clear                               0x08002c69   Thumb Code    42  oled.o(i.OLED_Clear)
    OLED_EraseArea                           0x08002c99   Thumb Code    92  oled.o(i.OLED_EraseArea)
    OLED_Init                                0x08002cf9   Thumb Code    26  oled.o(i.OLED_Init)
    OLED_SetCursor                           0x08002d19   Thumb Code    38  oled.o(i.OLED_SetCursor)
    OLED_ShowChar                            0x08002d41   Thumb Code    54  oled.o(i.OLED_ShowChar)
    OLED_ShowImage                           0x08002d81   Thumb Code   110  oled.o(i.OLED_ShowImage)
    OLED_ShowString                          0x08002df5   Thumb Code    44  oled.o(i.OLED_ShowString)
    OLED_UpdateScreen                        0x08002e21   Thumb Code    38  oled.o(i.OLED_UpdateScreen)
    OLED_WriteLenCommand                     0x08002e4d   Thumb Code    24  oled.o(i.OLED_WriteLenCommand)
    OLED_WriteLenData                        0x08002e69   Thumb Code    24  oled.o(i.OLED_WriteLenData)
    PendSV_Handler                           0x08002e85   Thumb Code     2  stm32f1xx_it.o(i.PendSV_Handler)
    RCC_IRQHandler                           0x08002e87   Thumb Code     2  stm32f1xx_it.o(i.RCC_IRQHandler)
    SVC_Handler                              0x08002ef3   Thumb Code     2  stm32f1xx_it.o(i.SVC_Handler)
    SysTick_Handler                          0x08002ef5   Thumb Code     4  stm32f1xx_it.o(i.SysTick_Handler)
    SystemClock_Config                       0x08002ef9   Thumb Code   128  main.o(i.SystemClock_Config)
    SystemInit                               0x08002f79   Thumb Code     2  system_stm32f1xx.o(i.SystemInit)
    TIM1_UP_IRQHandler                       0x08002f7d   Thumb Code     6  stm32f1xx_it.o(i.TIM1_UP_IRQHandler)
    TIM_Base_SetConfig                       0x08002f89   Thumb Code   108  stm32f1xx_hal_tim.o(i.TIM_Base_SetConfig)
    TIM_ETR_SetConfig                        0x08003001   Thumb Code    20  stm32f1xx_hal_tim.o(i.TIM_ETR_SetConfig)
    UsageFault_Handler                       0x0800306b   Thumb Code     2  stm32f1xx_it.o(i.UsageFault_Handler)
    __ARM_fpclassify                         0x0800306d   Thumb Code    40  fpclassify.o(i.__ARM_fpclassify)
    __kernel_poly                            0x080030b5   Thumb Code   170  poly.o(i.__kernel_poly)
    __mathlib_dbl_infnan                     0x0800315f   Thumb Code     6  dunder.o(i.__mathlib_dbl_infnan)
    __mathlib_dbl_infnan2                    0x08003165   Thumb Code     4  dunder.o(i.__mathlib_dbl_infnan2)
    __mathlib_dbl_invalid                    0x08003169   Thumb Code    12  dunder.o(i.__mathlib_dbl_invalid)
    __mathlib_dbl_underflow                  0x08003175   Thumb Code    10  dunder.o(i.__mathlib_dbl_underflow)
    _is_digit                                0x08003185   Thumb Code    14  __printf_wp.o(i._is_digit)
    asin                                     0x08003195   Thumb Code   572  asin.o(i.asin)
    atan                                     0x08003405   Thumb Code   474  atan.o(i.atan)
    atan2                                    0x08003625   Thumb Code   374  atan2.o(i.atan2)
    dmp_enable_6x_lp_quat                    0x080037c1   Thumb Code    58  inv_mpu_dmp_motion_driver.o(i.dmp_enable_6x_lp_quat)
    dmp_enable_feature                       0x080037fd   Thumb Code   464  inv_mpu_dmp_motion_driver.o(i.dmp_enable_feature)
    dmp_enable_gyro_cal                      0x080039d5   Thumb Code    34  inv_mpu_dmp_motion_driver.o(i.dmp_enable_gyro_cal)
    dmp_enable_lp_quat                       0x08003a11   Thumb Code    58  inv_mpu_dmp_motion_driver.o(i.dmp_enable_lp_quat)
    dmp_load_motion_driver_firmware          0x08003a4d   Thumb Code    16  inv_mpu_dmp_motion_driver.o(i.dmp_load_motion_driver_firmware)
    dmp_read_fifo                            0x08003a61   Thumb Code   352  inv_mpu_dmp_motion_driver.o(i.dmp_read_fifo)
    dmp_set_fifo_rate                        0x08003bc5   Thumb Code    82  inv_mpu_dmp_motion_driver.o(i.dmp_set_fifo_rate)
    dmp_set_orientation                      0x08003c29   Thumb Code   246  inv_mpu_dmp_motion_driver.o(i.dmp_set_orientation)
    dmp_set_shake_reject_thresh              0x08003d35   Thumb Code    48  inv_mpu_dmp_motion_driver.o(i.dmp_set_shake_reject_thresh)
    dmp_set_shake_reject_time                0x08003d65   Thumb Code    32  inv_mpu_dmp_motion_driver.o(i.dmp_set_shake_reject_time)
    dmp_set_shake_reject_timeout             0x08003d85   Thumb Code    32  inv_mpu_dmp_motion_driver.o(i.dmp_set_shake_reject_timeout)
    dmp_set_tap_axes                         0x08003da5   Thumb Code    64  inv_mpu_dmp_motion_driver.o(i.dmp_set_tap_axes)
    dmp_set_tap_count                        0x08003de5   Thumb Code    34  inv_mpu_dmp_motion_driver.o(i.dmp_set_tap_count)
    dmp_set_tap_thresh                       0x08003e09   Thumb Code   274  inv_mpu_dmp_motion_driver.o(i.dmp_set_tap_thresh)
    dmp_set_tap_time                         0x08003f31   Thumb Code    32  inv_mpu_dmp_motion_driver.o(i.dmp_set_tap_time)
    dmp_set_tap_time_multi                   0x08003f51   Thumb Code    32  inv_mpu_dmp_motion_driver.o(i.dmp_set_tap_time_multi)
    inv_orientation_matrix_to_scalar         0x08003f71   Thumb Code    34  mpu6050.o(i.inv_orientation_matrix_to_scalar)
    inv_row_2_scale                          0x08003f93   Thumb Code    72  mpu6050.o(i.inv_row_2_scale)
    main                                     0x08003fdd   Thumb Code   192  main.o(i.main)
    mpu6050_Init                             0x080040ed   Thumb Code   144  mpu6050.o(i.mpu6050_Init)
    mpu_configure_fifo                       0x0800417d   Thumb Code    78  inv_mpu.o(i.mpu_configure_fifo)
    mpu_dmp_get_data                         0x080041d1   Thumb Code  1076  mpu6050.o(i.mpu_dmp_get_data)
    mpu_dmp_init                             0x08004605   Thumb Code   134  mpu6050.o(i.mpu_dmp_init)
    mpu_get_accel_fsr                        0x08004691   Thumb Code    54  inv_mpu.o(i.mpu_get_accel_fsr)
    mpu_init                                 0x080046cd   Thumb Code   180  inv_mpu.o(i.mpu_init)
    mpu_lenread                              0x08004785   Thumb Code    96  mpu6050.o(i.mpu_lenread)
    mpu_lenwrite                             0x080047e5   Thumb Code    68  mpu6050.o(i.mpu_lenwrite)
    mpu_load_firmware                        0x08004829   Thumb Code   154  inv_mpu.o(i.mpu_load_firmware)
    mpu_lp_accel_mode                        0x080048c9   Thumb Code   178  inv_mpu.o(i.mpu_lp_accel_mode)
    mpu_read                                 0x08004981   Thumb Code    70  mpu6050.o(i.mpu_read)
    mpu_read_fifo_stream                     0x080049c9   Thumb Code   140  inv_mpu.o(i.mpu_read_fifo_stream)
    mpu_read_mem                             0x08004a59   Thumb Code    80  inv_mpu.o(i.mpu_read_mem)
    mpu_reset_fifo                           0x08004aad   Thumb Code   346  inv_mpu.o(i.mpu_reset_fifo)
    mpu_set_accel_fsr                        0x08004c0d   Thumb Code    98  inv_mpu.o(i.mpu_set_accel_fsr)
    mpu_set_bypass                           0x08004c75   Thumb Code   214  inv_mpu.o(i.mpu_set_bypass)
    mpu_set_dmp_state                        0x08004d51   Thumb Code   114  inv_mpu.o(i.mpu_set_dmp_state)
    mpu_set_gyro_fsr                         0x08004dc9   Thumb Code   104  inv_mpu.o(i.mpu_set_gyro_fsr)
    mpu_set_int_latched                      0x08004e35   Thumb Code    94  inv_mpu.o(i.mpu_set_int_latched)
    mpu_set_lpf                              0x08004e99   Thumb Code   102  inv_mpu.o(i.mpu_set_lpf)
    mpu_set_sample_rate                      0x08004f05   Thumb Code   124  inv_mpu.o(i.mpu_set_sample_rate)
    mpu_set_sensors                          0x08004f85   Thumb Code   178  inv_mpu.o(i.mpu_set_sensors)
    mpu_write                                0x0800503d   Thumb Code    52  mpu6050.o(i.mpu_write)
    mpu_write_mem                            0x08005071   Thumb Code    80  inv_mpu.o(i.mpu_write_mem)
    myget_ms                                 0x080050c5   Thumb Code    18  mpu6050.o(i.myget_ms)
    run_self_test                            0x080050dd   Thumb Code     8  mpu6050.o(i.run_self_test)
    sqrt                                     0x08005141   Thumb Code    76  sqrt.o(i.sqrt)
    _get_lc_numeric                          0x0800518d   Thumb Code    44  lc_numeric_c.o(locale$$code)
    __aeabi_d2f                              0x080051b9   Thumb Code     0  d2f.o(x$fpl$d2f)
    _d2f                                     0x080051b9   Thumb Code    98  d2f.o(x$fpl$d2f)
    __aeabi_dadd                             0x0800521d   Thumb Code     0  daddsub_clz.o(x$fpl$dadd)
    _dadd                                    0x0800521d   Thumb Code   332  daddsub_clz.o(x$fpl$dadd)
    __fpl_dcheck_NaN1                        0x0800536d   Thumb Code    10  dcheck1.o(x$fpl$dcheck1)
    __fpl_dcmp_Inf                           0x0800537d   Thumb Code    24  dcmpi.o(x$fpl$dcmpinf)
    __aeabi_ddiv                             0x08005395   Thumb Code     0  ddiv.o(x$fpl$ddiv)
    _ddiv                                    0x08005395   Thumb Code   552  ddiv.o(x$fpl$ddiv)
    __aeabi_cdcmpeq                          0x08005645   Thumb Code     0  deqf.o(x$fpl$deqf)
    _dcmpeq                                  0x08005645   Thumb Code   120  deqf.o(x$fpl$deqf)
    __aeabi_dmul                             0x080056bd   Thumb Code     0  dmul.o(x$fpl$dmul)
    _dmul                                    0x080056bd   Thumb Code   332  dmul.o(x$fpl$dmul)
    __fpl_dnaninf                            0x08005811   Thumb Code   156  dnaninf.o(x$fpl$dnaninf)
    __fpl_dretinf                            0x080058ad   Thumb Code    12  dretinf.o(x$fpl$dretinf)
    __aeabi_drsub                            0x080058b9   Thumb Code     0  daddsub_clz.o(x$fpl$drsb)
    _drsb                                    0x080058b9   Thumb Code    22  daddsub_clz.o(x$fpl$drsb)
    _dsqrt                                   0x080058d1   Thumb Code   456  dsqrt_noumaal.o(x$fpl$dsqrt)
    __aeabi_dsub                             0x08005a9d   Thumb Code     0  daddsub_clz.o(x$fpl$dsub)
    _dsub                                    0x08005a9d   Thumb Code   464  daddsub_clz.o(x$fpl$dsub)
    __aeabi_f2d                              0x08005c71   Thumb Code     0  f2d.o(x$fpl$f2d)
    _f2d                                     0x08005c71   Thumb Code    86  f2d.o(x$fpl$f2d)
    __aeabi_fadd                             0x08005cc9   Thumb Code     0  faddsub_clz.o(x$fpl$fadd)
    _fadd                                    0x08005cc9   Thumb Code   196  faddsub_clz.o(x$fpl$fadd)
    __fpl_fcheck_NaN1                        0x08005d8d   Thumb Code     6  fcheck1.o(x$fpl$fcheck1)
    __aeabi_fdiv                             0x08005d99   Thumb Code     0  fdiv.o(x$fpl$fdiv)
    _fdiv                                    0x08005d99   Thumb Code   384  fdiv.o(x$fpl$fdiv)
    __aeabi_f2uiz                            0x08005f1d   Thumb Code     0  ffixu.o(x$fpl$ffixu)
    _ffixu                                   0x08005f1d   Thumb Code    62  ffixu.o(x$fpl$ffixu)
    __aeabi_i2f                              0x08005f5d   Thumb Code     0  fflt_clz.o(x$fpl$fflt)
    _fflt                                    0x08005f5d   Thumb Code    48  fflt_clz.o(x$fpl$fflt)
    __aeabi_ui2f                             0x08005f8d   Thumb Code     0  fflt_clz.o(x$fpl$ffltu)
    _ffltu                                   0x08005f8d   Thumb Code    38  fflt_clz.o(x$fpl$ffltu)
    __aeabi_fmul                             0x08005fb5   Thumb Code     0  fmul.o(x$fpl$fmul)
    _fmul                                    0x08005fb5   Thumb Code   258  fmul.o(x$fpl$fmul)
    __fpl_fnaninf                            0x080060b7   Thumb Code   140  fnaninf.o(x$fpl$fnaninf)
    __fpl_fretinf                            0x08006143   Thumb Code    10  fretinf.o(x$fpl$fretinf)
    __aeabi_fsub                             0x0800614d   Thumb Code     0  faddsub_clz.o(x$fpl$fsub)
    _fsub                                    0x0800614d   Thumb Code   234  faddsub_clz.o(x$fpl$fsub)
    _printf_fp_dec                           0x08006237   Thumb Code     4  printf1.o(x$fpl$printf1)
    __fpl_return_NaN                         0x0800623b   Thumb Code   100  retnan.o(x$fpl$retnan)
    __ARM_scalbn                             0x0800629f   Thumb Code    92  scalbn.o(x$fpl$scalbn)
    __ARM_scalbnf                            0x080062fb   Thumb Code    76  scalbnf.o(x$fpl$scalbnf)
    __fpl_cmpreturn                          0x08006347   Thumb Code    48  trapv.o(x$fpl$trapveneer)
    F6x8                                     0x08006376   Data         552  oled.o(.constdata)
    __I$use$fp                               0x08006376   Number         0  usenofp.o(x$fpl$usenofp)
    F8X16                                    0x0800659e   Data        1504  oled.o(.constdata)
    reg                                      0x08006b7e   Data          30  inv_mpu.o(.constdata)
    hw                                       0x08006b9c   Data          12  inv_mpu.o(.constdata)
    test                                     0x08006ba8   Data          40  inv_mpu.o(.constdata)
    AHBPrescTable                            0x080077ea   Data          16  system_stm32f1xx.o(.constdata)
    APBPrescTable                            0x080077fa   Data           8  system_stm32f1xx.o(.constdata)
    __mathlib_zero                           0x08007900   Data           8  qnan.o(.constdata)
    Region$$Table$$Base                      0x0800799c   Number         0  anon$$obj.o(Region$$Table)
    Region$$Table$$Limit                     0x080079bc   Number         0  anon$$obj.o(Region$$Table)
    command                                  0x20000000   Data          23  oled.o(.data)
    bias_flag                                0x20000044   Data           1  mpu6050.o(.data)
    times                                    0x20000046   Data           2  mpu6050.o(.data)
    times2                                   0x20000048   Data           2  mpu6050.o(.data)
    yaw_bias                                 0x20000054   Data           4  mpu6050.o(.data)
    pitch                                    0x20000058   Data           4  main.o(.data)
    roll                                     0x2000005c   Data           4  main.o(.data)
    yaw                                      0x20000060   Data           4  main.o(.data)
    uwTickFreq                               0x20000064   Data           1  stm32f1xx_hal.o(.data)
    uwTickPrio                               0x20000068   Data           4  stm32f1xx_hal.o(.data)
    uwTick                                   0x2000006c   Data           4  stm32f1xx_hal.o(.data)
    SystemCoreClock                          0x20000070   Data           4  system_stm32f1xx.o(.data)
    OLED_DisplayBuf                          0x20000074   Data        1024  oled.o(.bss)
    display_buf                              0x20000484   Data          20  main.o(.bss)
    hi2c1                                    0x20000498   Data          84  i2c.o(.bss)
    hrtc                                     0x200004ec   Data          20  rtc.o(.bss)
    htim1                                    0x20000500   Data          72  tim.o(.bss)
    __libspace_start                         0x20000548   Data          96  libspace.o(.bss)
    __temporary_stack_top$libspace           0x200005a8   Data           0  libspace.o(.bss)



==============================================================================

Memory Map of the image

  Image Entry point : 0x080000ed

  Load Region LR_IROM1 (Base: 0x08000000, Size: 0x00007a4c, Max: 0x00010000, ABSOLUTE)

    Execution Region ER_IROM1 (Exec base: 0x08000000, Load base: 0x08000000, Size: 0x000079d8, Max: 0x00010000, ABSOLUTE)

    Exec Addr    Load Addr    Size         Type   Attr      Idx    E Section Name        Object

    0x08000000   0x08000000   0x000000ec   Data   RO            3    RESET               startup_stm32f103xb.o
    0x080000ec   0x080000ec   0x00000008   Code   RO         4129  * !!!main             c_w.l(__main.o)
    0x080000f4   0x080000f4   0x00000034   Code   RO         4669    !!!scatter          c_w.l(__scatter.o)
    0x08000128   0x08000128   0x0000001a   Code   RO         4671    !!handler_copy      c_w.l(__scatter_copy.o)
    0x08000142   0x08000142   0x00000002   PAD
    0x08000144   0x08000144   0x0000001c   Code   RO         4673    !!handler_zi        c_w.l(__scatter_zi.o)
    0x08000160   0x08000160   0x00000000   Code   RO         4120    .ARM.Collect$$_printf_percent$$00000000  c_w.l(_printf_percent.o)
    0x08000160   0x08000160   0x00000006   Code   RO         4119    .ARM.Collect$$_printf_percent$$00000003  c_w.l(_printf_f.o)
    0x08000166   0x08000166   0x00000006   Code   RO         4118    .ARM.Collect$$_printf_percent$$00000009  c_w.l(_printf_d.o)
    0x0800016c   0x0800016c   0x00000004   Code   RO         4208    .ARM.Collect$$_printf_percent$$00000017  c_w.l(_printf_percent_end.o)
    0x08000170   0x08000170   0x00000002   Code   RO         4456    .ARM.Collect$$libinit$$00000000  c_w.l(libinit.o)
    0x08000172   0x08000172   0x00000000   Code   RO         4458    .ARM.Collect$$libinit$$00000002  c_w.l(libinit2.o)
    0x08000172   0x08000172   0x00000000   Code   RO         4460    .ARM.Collect$$libinit$$00000004  c_w.l(libinit2.o)
    0x08000172   0x08000172   0x00000000   Code   RO         4463    .ARM.Collect$$libinit$$0000000A  c_w.l(libinit2.o)
    0x08000172   0x08000172   0x00000000   Code   RO         4465    .ARM.Collect$$libinit$$0000000C  c_w.l(libinit2.o)
    0x08000172   0x08000172   0x00000000   Code   RO         4467    .ARM.Collect$$libinit$$0000000E  c_w.l(libinit2.o)
    0x08000172   0x08000172   0x00000006   Code   RO         4468    .ARM.Collect$$libinit$$0000000F  c_w.l(libinit2.o)
    0x08000178   0x08000178   0x00000000   Code   RO         4470    .ARM.Collect$$libinit$$00000011  c_w.l(libinit2.o)
    0x08000178   0x08000178   0x00000000   Code   RO         4472    .ARM.Collect$$libinit$$00000013  c_w.l(libinit2.o)
    0x08000178   0x08000178   0x00000000   Code   RO         4474    .ARM.Collect$$libinit$$00000015  c_w.l(libinit2.o)
    0x08000178   0x08000178   0x0000000a   Code   RO         4475    .ARM.Collect$$libinit$$00000016  c_w.l(libinit2.o)
    0x08000182   0x08000182   0x00000000   Code   RO         4476    .ARM.Collect$$libinit$$00000017  c_w.l(libinit2.o)
    0x08000182   0x08000182   0x00000000   Code   RO         4478    .ARM.Collect$$libinit$$00000019  c_w.l(libinit2.o)
    0x08000182   0x08000182   0x00000000   Code   RO         4480    .ARM.Collect$$libinit$$0000001B  c_w.l(libinit2.o)
    0x08000182   0x08000182   0x00000000   Code   RO         4482    .ARM.Collect$$libinit$$0000001D  c_w.l(libinit2.o)
    0x08000182   0x08000182   0x00000000   Code   RO         4484    .ARM.Collect$$libinit$$0000001F  c_w.l(libinit2.o)
    0x08000182   0x08000182   0x00000000   Code   RO         4486    .ARM.Collect$$libinit$$00000021  c_w.l(libinit2.o)
    0x08000182   0x08000182   0x00000000   Code   RO         4488    .ARM.Collect$$libinit$$00000023  c_w.l(libinit2.o)
    0x08000182   0x08000182   0x00000000   Code   RO         4490    .ARM.Collect$$libinit$$00000025  c_w.l(libinit2.o)
    0x08000182   0x08000182   0x00000000   Code   RO         4494    .ARM.Collect$$libinit$$0000002C  c_w.l(libinit2.o)
    0x08000182   0x08000182   0x00000000   Code   RO         4496    .ARM.Collect$$libinit$$0000002E  c_w.l(libinit2.o)
    0x08000182   0x08000182   0x00000000   Code   RO         4498    .ARM.Collect$$libinit$$00000030  c_w.l(libinit2.o)
    0x08000182   0x08000182   0x00000000   Code   RO         4500    .ARM.Collect$$libinit$$00000032  c_w.l(libinit2.o)
    0x08000182   0x08000182   0x00000002   Code   RO         4501    .ARM.Collect$$libinit$$00000033  c_w.l(libinit2.o)
    0x08000184   0x08000184   0x00000002   Code   RO         4650    .ARM.Collect$$libshutdown$$00000000  c_w.l(libshutdown.o)
    0x08000186   0x08000186   0x00000000   Code   RO         4503    .ARM.Collect$$libshutdown$$00000002  c_w.l(libshutdown2.o)
    0x08000186   0x08000186   0x00000000   Code   RO         4505    .ARM.Collect$$libshutdown$$00000004  c_w.l(libshutdown2.o)
    0x08000186   0x08000186   0x00000000   Code   RO         4507    .ARM.Collect$$libshutdown$$00000006  c_w.l(libshutdown2.o)
    0x08000186   0x08000186   0x00000000   Code   RO         4510    .ARM.Collect$$libshutdown$$00000009  c_w.l(libshutdown2.o)
    0x08000186   0x08000186   0x00000000   Code   RO         4513    .ARM.Collect$$libshutdown$$0000000C  c_w.l(libshutdown2.o)
    0x08000186   0x08000186   0x00000000   Code   RO         4515    .ARM.Collect$$libshutdown$$0000000E  c_w.l(libshutdown2.o)
    0x08000186   0x08000186   0x00000000   Code   RO         4518    .ARM.Collect$$libshutdown$$00000011  c_w.l(libshutdown2.o)
    0x08000186   0x08000186   0x00000002   Code   RO         4519    .ARM.Collect$$libshutdown$$00000012  c_w.l(libshutdown2.o)
    0x08000188   0x08000188   0x00000000   Code   RO         4193    .ARM.Collect$$rtentry$$00000000  c_w.l(__rtentry.o)
    0x08000188   0x08000188   0x00000000   Code   RO         4274    .ARM.Collect$$rtentry$$00000002  c_w.l(__rtentry2.o)
    0x08000188   0x08000188   0x00000006   Code   RO         4286    .ARM.Collect$$rtentry$$00000004  c_w.l(__rtentry4.o)
    0x0800018e   0x0800018e   0x00000000   Code   RO         4276    .ARM.Collect$$rtentry$$00000009  c_w.l(__rtentry2.o)
    0x0800018e   0x0800018e   0x00000004   Code   RO         4277    .ARM.Collect$$rtentry$$0000000A  c_w.l(__rtentry2.o)
    0x08000192   0x08000192   0x00000000   Code   RO         4279    .ARM.Collect$$rtentry$$0000000C  c_w.l(__rtentry2.o)
    0x08000192   0x08000192   0x00000008   Code   RO         4280    .ARM.Collect$$rtentry$$0000000D  c_w.l(__rtentry2.o)
    0x0800019a   0x0800019a   0x00000002   Code   RO         4527    .ARM.Collect$$rtexit$$00000000  c_w.l(rtexit.o)
    0x0800019c   0x0800019c   0x00000000   Code   RO         4589    .ARM.Collect$$rtexit$$00000002  c_w.l(rtexit2.o)
    0x0800019c   0x0800019c   0x00000004   Code   RO         4590    .ARM.Collect$$rtexit$$00000003  c_w.l(rtexit2.o)
    0x080001a0   0x080001a0   0x00000006   Code   RO         4591    .ARM.Collect$$rtexit$$00000004  c_w.l(rtexit2.o)
    0x080001a6   0x080001a6   0x00000002   PAD
    0x080001a8   0x080001a8   0x00000040   Code   RO            4    .text               startup_stm32f103xb.o
    0x080001e8   0x080001e8   0x00000028   Code   RO         4068    .text               c_w.l(noretval__2sprintf.o)
    0x08000210   0x08000210   0x0000004e   Code   RO         4072    .text               c_w.l(_printf_pad.o)
    0x0800025e   0x0800025e   0x00000002   PAD
    0x08000260   0x08000260   0x00000078   Code   RO         4074    .text               c_w.l(_printf_dec.o)
    0x080002d8   0x080002d8   0x00000138   Code   RO         4109    .text               c_w.l(__printf_flags_wp.o)
    0x08000410   0x08000410   0x00000058   Code   RO         4121    .text               c_w.l(memcmp.o)
    0x08000468   0x08000468   0x00000010   Code   RO         4123    .text               c_w.l(aeabi_memset.o)
    0x08000478   0x08000478   0x0000004e   Code   RO         4125    .text               c_w.l(rt_memclr_w.o)
    0x080004c6   0x080004c6   0x00000006   Code   RO         4127    .text               c_w.l(heapauxi.o)
    0x080004cc   0x080004cc   0x00000016   Code   RO         4196    .text               c_w.l(_rserrno.o)
    0x080004e2   0x080004e2   0x000000b2   Code   RO         4198    .text               c_w.l(_printf_intcommon.o)
    0x08000594   0x08000594   0x0000041e   Code   RO         4200    .text               c_w.l(_printf_fp_dec.o)
    0x080009b2   0x080009b2   0x00000002   PAD
    0x080009b4   0x080009b4   0x00000030   Code   RO         4202    .text               c_w.l(_printf_char_common.o)
    0x080009e4   0x080009e4   0x0000000a   Code   RO         4204    .text               c_w.l(_sputc.o)
    0x080009ee   0x080009ee   0x00000044   Code   RO         4215    .text               c_w.l(rt_memclr.o)
    0x08000a32   0x08000a32   0x00000002   PAD
    0x08000a34   0x08000a34   0x00000008   Code   RO         4295    .text               c_w.l(rt_locale_intlibspace.o)
    0x08000a3c   0x08000a3c   0x00000008   Code   RO         4300    .text               c_w.l(rt_errno_addr_intlibspace.o)
    0x08000a44   0x08000a44   0x0000008a   Code   RO         4302    .text               c_w.l(lludiv10.o)
    0x08000ace   0x08000ace   0x00000002   PAD
    0x08000ad0   0x08000ad0   0x00000080   Code   RO         4304    .text               c_w.l(_printf_fp_infnan.o)
    0x08000b50   0x08000b50   0x000000e4   Code   RO         4308    .text               c_w.l(bigflt0.o)
    0x08000c34   0x08000c34   0x00000008   Code   RO         4365    .text               c_w.l(libspace.o)
    0x08000c3c   0x08000c3c   0x0000004a   Code   RO         4370    .text               c_w.l(sys_stackheap_outer.o)
    0x08000c86   0x08000c86   0x00000012   Code   RO         4443    .text               c_w.l(exit.o)
    0x08000c98   0x08000c98   0x00000080   Code   RO         4449    .text               c_w.l(strcmpv7m.o)
    0x08000d18   0x08000d18   0x00000002   Code   RO         4524    .text               c_w.l(use_no_semi.o)
    0x08000d1a   0x08000d1a   0x00000000   Code   RO         4526    .text               c_w.l(indicate_semi.o)
    0x08000d1a   0x08000d1a   0x00000002   PAD
    0x08000d1c   0x08000d1c   0x0000000c   Code   RO         4586    .text               c_w.l(sys_exit.o)
    0x08000d28   0x08000d28   0x0000003e   Code   RO         4311    CL$$btod_d2e        c_w.l(btod.o)
    0x08000d66   0x08000d66   0x00000046   Code   RO         4313    CL$$btod_d2e_denorm_low  c_w.l(btod.o)
    0x08000dac   0x08000dac   0x00000060   Code   RO         4312    CL$$btod_d2e_norm_op1  c_w.l(btod.o)
    0x08000e0c   0x08000e0c   0x00000338   Code   RO         4321    CL$$btod_div_common  c_w.l(btod.o)
    0x08001144   0x08001144   0x000000dc   Code   RO         4318    CL$$btod_e2e        c_w.l(btod.o)
    0x08001220   0x08001220   0x0000002a   Code   RO         4315    CL$$btod_ediv       c_w.l(btod.o)
    0x0800124a   0x0800124a   0x0000002a   Code   RO         4314    CL$$btod_emul       c_w.l(btod.o)
    0x08001274   0x08001274   0x00000244   Code   RO         4320    CL$$btod_mult_common  c_w.l(btod.o)
    0x080014b8   0x080014b8   0x00000002   Code   RO         1211    i.BusFault_Handler  stm32f1xx_it.o
    0x080014ba   0x080014ba   0x00000002   Code   RO         1212    i.DebugMon_Handler  stm32f1xx_it.o
    0x080014bc   0x080014bc   0x00000016   Code   RO           13    i.Delay_ms          delay.o
    0x080014d2   0x080014d2   0x00000020   Code   RO           15    i.Delay_us          delay.o
    0x080014f2   0x080014f2   0x00000004   Code   RO         1004    i.Error_Handler     main.o
    0x080014f6   0x080014f6   0x00000002   PAD
    0x080014f8   0x080014f8   0x000001e0   Code   RO         2116    i.HAL_GPIO_Init     stm32f1xx_hal_gpio.o
    0x080016d8   0x080016d8   0x0000000a   Code   RO         2118    i.HAL_GPIO_ReadPin  stm32f1xx_hal_gpio.o
    0x080016e2   0x080016e2   0x0000000a   Code   RO         2120    i.HAL_GPIO_WritePin  stm32f1xx_hal_gpio.o
    0x080016ec   0x080016ec   0x0000000c   Code   RO         1810    i.HAL_GetTick       stm32f1xx_hal.o
    0x080016f8   0x080016f8   0x00000188   Code   RO         1373    i.HAL_I2C_Init      stm32f1xx_hal_i2c.o
    0x08001880   0x08001880   0x00000130   Code   RO         1394    i.HAL_I2C_Mem_Write  stm32f1xx_hal_i2c.o
    0x080019b0   0x080019b0   0x00000070   Code   RO         1086    i.HAL_I2C_MspInit   i2c.o
    0x08001a20   0x08001a20   0x00000010   Code   RO         1816    i.HAL_IncTick       stm32f1xx_hal.o
    0x08001a30   0x08001a30   0x00000024   Code   RO         1817    i.HAL_Init          stm32f1xx_hal.o
    0x08001a54   0x08001a54   0x00000040   Code   RO         1818    i.HAL_InitTick      stm32f1xx_hal.o
    0x08001a94   0x08001a94   0x0000004c   Code   RO         1302    i.HAL_MspInit       stm32f1xx_hal_msp.o
    0x08001ae0   0x08001ae0   0x0000001a   Code   RO         2276    i.HAL_NVIC_EnableIRQ  stm32f1xx_hal_cortex.o
    0x08001afa   0x08001afa   0x00000002   PAD
    0x08001afc   0x08001afc   0x00000040   Code   RO         2282    i.HAL_NVIC_SetPriority  stm32f1xx_hal_cortex.o
    0x08001b3c   0x08001b3c   0x00000024   Code   RO         2283    i.HAL_NVIC_SetPriorityGrouping  stm32f1xx_hal_cortex.o
    0x08001b60   0x08001b60   0x0000000c   Code   RO         2398    i.HAL_PWR_EnableBkUpAccess  stm32f1xx_hal_pwr.o
    0x08001b6c   0x08001b6c   0x000000a4   Code   RO         2077    i.HAL_RCCEx_GetPeriphCLKFreq  stm32f1xx_hal_rcc_ex.o
    0x08001c10   0x08001c10   0x000000ec   Code   RO         2078    i.HAL_RCCEx_PeriphCLKConfig  stm32f1xx_hal_rcc_ex.o
    0x08001cfc   0x08001cfc   0x0000012c   Code   RO         1974    i.HAL_RCC_ClockConfig  stm32f1xx_hal_rcc.o
    0x08001e28   0x08001e28   0x00000020   Code   RO         1981    i.HAL_RCC_GetPCLK1Freq  stm32f1xx_hal_rcc.o
    0x08001e48   0x08001e48   0x00000020   Code   RO         1982    i.HAL_RCC_GetPCLK2Freq  stm32f1xx_hal_rcc.o
    0x08001e68   0x08001e68   0x0000004c   Code   RO         1983    i.HAL_RCC_GetSysClockFreq  stm32f1xx_hal_rcc.o
    0x08001eb4   0x08001eb4   0x00000320   Code   RO         1986    i.HAL_RCC_OscConfig  stm32f1xx_hal_rcc.o
    0x080021d4   0x080021d4   0x00000094   Code   RO         2784    i.HAL_RTC_Init      stm32f1xx_hal_rtc.o
    0x08002268   0x08002268   0x00000034   Code   RO         1128    i.HAL_RTC_MspInit   rtc.o
    0x0800229c   0x0800229c   0x0000003a   Code   RO         2792    i.HAL_RTC_WaitForSynchro  stm32f1xx_hal_rtc.o
    0x080022d6   0x080022d6   0x00000028   Code   RO         2287    i.HAL_SYSTICK_Config  stm32f1xx_hal_cortex.o
    0x080022fe   0x080022fe   0x00000002   Code   RO         3754    i.HAL_TIMEx_BreakCallback  stm32f1xx_hal_tim_ex.o
    0x08002300   0x08002300   0x00000002   Code   RO         3755    i.HAL_TIMEx_CommutCallback  stm32f1xx_hal_tim_ex.o
    0x08002302   0x08002302   0x00000002   PAD
    0x08002304   0x08002304   0x00000068   Code   RO         3773    i.HAL_TIMEx_MasterConfigSynchronization  stm32f1xx_hal_tim_ex.o
    0x0800236c   0x0800236c   0x0000005a   Code   RO         3050    i.HAL_TIM_Base_Init  stm32f1xx_hal_tim.o
    0x080023c6   0x080023c6   0x00000002   PAD
    0x080023c8   0x080023c8   0x0000003c   Code   RO         1170    i.HAL_TIM_Base_MspInit  tim.o
    0x08002404   0x08002404   0x00000058   Code   RO         3055    i.HAL_TIM_Base_Start_IT  stm32f1xx_hal_tim.o
    0x0800245c   0x0800245c   0x000000dc   Code   RO         3059    i.HAL_TIM_ConfigClockSource  stm32f1xx_hal_tim.o
    0x08002538   0x08002538   0x00000002   Code   RO         3084    i.HAL_TIM_IC_CaptureCallback  stm32f1xx_hal_tim.o
    0x0800253a   0x0800253a   0x00000130   Code   RO         3098    i.HAL_TIM_IRQHandler  stm32f1xx_hal_tim.o
    0x0800266a   0x0800266a   0x00000002   Code   RO         3101    i.HAL_TIM_OC_DelayElapsedCallback  stm32f1xx_hal_tim.o
    0x0800266c   0x0800266c   0x00000002   Code   RO         3128    i.HAL_TIM_PWM_PulseFinishedCallback  stm32f1xx_hal_tim.o
    0x0800266e   0x0800266e   0x00000002   PAD
    0x08002670   0x08002670   0x00000014   Code   RO         1005    i.HAL_TIM_PeriodElapsedCallback  main.o
    0x08002684   0x08002684   0x00000002   Code   RO         3141    i.HAL_TIM_TriggerCallback  stm32f1xx_hal_tim.o
    0x08002686   0x08002686   0x00000002   Code   RO         1213    i.HardFault_Handler  stm32f1xx_it.o
    0x08002688   0x08002688   0x0000002e   Code   RO         1416    i.I2C_IsAcknowledgeFailed  stm32f1xx_hal_i2c.o
    0x080026b6   0x080026b6   0x00000002   PAD
    0x080026b8   0x080026b8   0x000000a8   Code   RO         1427    i.I2C_RequestMemoryWrite  stm32f1xx_hal_i2c.o
    0x08002760   0x08002760   0x00000056   Code   RO         1431    i.I2C_WaitOnBTFFlagUntilTimeout  stm32f1xx_hal_i2c.o
    0x080027b6   0x080027b6   0x00000002   PAD
    0x080027b8   0x080027b8   0x00000090   Code   RO         1432    i.I2C_WaitOnFlagUntilTimeout  stm32f1xx_hal_i2c.o
    0x08002848   0x08002848   0x000000bc   Code   RO         1433    i.I2C_WaitOnMasterAddressFlagUntilTimeout  stm32f1xx_hal_i2c.o
    0x08002904   0x08002904   0x00000056   Code   RO         1435    i.I2C_WaitOnTXEFlagUntilTimeout  stm32f1xx_hal_i2c.o
    0x0800295a   0x0800295a   0x00000038   Code   RO          885    i.MPU_Set_LPF       mpu6050.o
    0x08002992   0x08002992   0x00000030   Code   RO          886    i.MPU_Set_Rate      mpu6050.o
    0x080029c2   0x080029c2   0x00000002   PAD
    0x080029c4   0x080029c4   0x00000080   Code   RO         1061    i.MX_GPIO_Init      gpio.o
    0x08002a44   0x08002a44   0x00000040   Code   RO         1087    i.MX_I2C1_Init      i2c.o
    0x08002a84   0x08002a84   0x0000002c   Code   RO         1129    i.MX_RTC_Init       rtc.o
    0x08002ab0   0x08002ab0   0x0000006c   Code   RO         1171    i.MX_TIM1_Init      tim.o
    0x08002b1c   0x08002b1c   0x00000002   Code   RO         1214    i.MemManage_Handler  stm32f1xx_it.o
    0x08002b1e   0x08002b1e   0x00000004   Code   RO           75    i.MyI2C_Init        myi2c.o
    0x08002b22   0x08002b22   0x00000002   PAD
    0x08002b24   0x08002b24   0x0000001c   Code   RO           76    i.MyI2C_R_SDA       myi2c.o
    0x08002b40   0x08002b40   0x0000001e   Code   RO           77    i.MyI2C_ReceiveAck  myi2c.o
    0x08002b5e   0x08002b5e   0x0000003e   Code   RO           78    i.MyI2C_ReceiveByte  myi2c.o
    0x08002b9c   0x08002b9c   0x00000026   Code   RO           79    i.MyI2C_SendAck     myi2c.o
    0x08002bc2   0x08002bc2   0x00000034   Code   RO           80    i.MyI2C_SendByte    myi2c.o
    0x08002bf6   0x08002bf6   0x0000001e   Code   RO           81    i.MyI2C_Start       myi2c.o
    0x08002c14   0x08002c14   0x00000018   Code   RO           82    i.MyI2C_Stop        myi2c.o
    0x08002c2c   0x08002c2c   0x0000001c   Code   RO           83    i.MyI2C_W_SCL       myi2c.o
    0x08002c48   0x08002c48   0x0000001c   Code   RO           84    i.MyI2C_W_SDA       myi2c.o
    0x08002c64   0x08002c64   0x00000002   Code   RO         1215    i.NMI_Handler       stm32f1xx_it.o
    0x08002c66   0x08002c66   0x00000002   PAD
    0x08002c68   0x08002c68   0x00000030   Code   RO          236    i.OLED_Clear        oled.o
    0x08002c98   0x08002c98   0x00000060   Code   RO          237    i.OLED_EraseArea    oled.o
    0x08002cf8   0x08002cf8   0x00000020   Code   RO          238    i.OLED_Init         oled.o
    0x08002d18   0x08002d18   0x00000026   Code   RO          239    i.OLED_SetCursor    oled.o
    0x08002d3e   0x08002d3e   0x00000002   PAD
    0x08002d40   0x08002d40   0x00000040   Code   RO          240    i.OLED_ShowChar     oled.o
    0x08002d80   0x08002d80   0x00000074   Code   RO          242    i.OLED_ShowImage    oled.o
    0x08002df4   0x08002df4   0x0000002c   Code   RO          245    i.OLED_ShowString   oled.o
    0x08002e20   0x08002e20   0x0000002c   Code   RO          246    i.OLED_UpdateScreen  oled.o
    0x08002e4c   0x08002e4c   0x0000001c   Code   RO          249    i.OLED_WriteLenCommand  oled.o
    0x08002e68   0x08002e68   0x0000001c   Code   RO          250    i.OLED_WriteLenData  oled.o
    0x08002e84   0x08002e84   0x00000002   Code   RO         1216    i.PendSV_Handler    stm32f1xx_it.o
    0x08002e86   0x08002e86   0x00000002   Code   RO         1217    i.RCC_IRQHandler    stm32f1xx_it.o
    0x08002e88   0x08002e88   0x00000034   Code   RO         2796    i.RTC_EnterInitMode  stm32f1xx_hal_rtc.o
    0x08002ebc   0x08002ebc   0x00000036   Code   RO         2797    i.RTC_ExitInitMode  stm32f1xx_hal_rtc.o
    0x08002ef2   0x08002ef2   0x00000002   Code   RO         1218    i.SVC_Handler       stm32f1xx_it.o
    0x08002ef4   0x08002ef4   0x00000004   Code   RO         1219    i.SysTick_Handler   stm32f1xx_it.o
    0x08002ef8   0x08002ef8   0x00000080   Code   RO         1006    i.SystemClock_Config  main.o
    0x08002f78   0x08002f78   0x00000002   Code   RO         4022    i.SystemInit        system_stm32f1xx.o
    0x08002f7a   0x08002f7a   0x00000002   PAD
    0x08002f7c   0x08002f7c   0x0000000c   Code   RO         1220    i.TIM1_UP_IRQHandler  stm32f1xx_it.o
    0x08002f88   0x08002f88   0x00000078   Code   RO         3143    i.TIM_Base_SetConfig  stm32f1xx_hal_tim.o
    0x08003000   0x08003000   0x00000014   Code   RO         3154    i.TIM_ETR_SetConfig  stm32f1xx_hal_tim.o
    0x08003014   0x08003014   0x00000010   Code   RO         3155    i.TIM_ITRx_SetConfig  stm32f1xx_hal_tim.o
    0x08003024   0x08003024   0x00000022   Code   RO         3161    i.TIM_TI1_ConfigInputStage  stm32f1xx_hal_tim.o
    0x08003046   0x08003046   0x00000024   Code   RO         3163    i.TIM_TI2_ConfigInputStage  stm32f1xx_hal_tim.o
    0x0800306a   0x0800306a   0x00000002   Code   RO         1221    i.UsageFault_Handler  stm32f1xx_it.o
    0x0800306c   0x0800306c   0x00000028   Code   RO         4260    i.__ARM_fpclassify  m_ws.l(fpclassify.o)
    0x08003094   0x08003094   0x00000020   Code   RO         2289    i.__NVIC_SetPriority  stm32f1xx_hal_cortex.o
    0x080030b4   0x080030b4   0x000000aa   Code   RO         4262    i.__kernel_poly     m_ws.l(poly.o)
    0x0800315e   0x0800315e   0x00000006   Code   RO         4247    i.__mathlib_dbl_infnan  m_ws.l(dunder.o)
    0x08003164   0x08003164   0x00000004   Code   RO         4248    i.__mathlib_dbl_infnan2  m_ws.l(dunder.o)
    0x08003168   0x08003168   0x0000000c   Code   RO         4249    i.__mathlib_dbl_invalid  m_ws.l(dunder.o)
    0x08003174   0x08003174   0x00000010   Code   RO         4252    i.__mathlib_dbl_underflow  m_ws.l(dunder.o)
    0x08003184   0x08003184   0x0000000e   Code   RO         4107    i._is_digit         c_w.l(__printf_wp.o)
    0x08003192   0x08003192   0x00000002   PAD
    0x08003194   0x08003194   0x00000270   Code   RO         4176    i.asin              m_ws.l(asin.o)
    0x08003404   0x08003404   0x00000220   Code   RO         4237    i.atan              m_ws.l(atan.o)
    0x08003624   0x08003624   0x0000019c   Code   RO         4186    i.atan2             m_ws.l(atan2.o)
    0x080037c0   0x080037c0   0x0000003a   Code   RO          697    i.dmp_enable_6x_lp_quat  inv_mpu_dmp_motion_driver.o
    0x080037fa   0x080037fa   0x00000002   PAD
    0x080037fc   0x080037fc   0x000001d8   Code   RO          698    i.dmp_enable_feature  inv_mpu_dmp_motion_driver.o
    0x080039d4   0x080039d4   0x0000003c   Code   RO          699    i.dmp_enable_gyro_cal  inv_mpu_dmp_motion_driver.o
    0x08003a10   0x08003a10   0x0000003a   Code   RO          700    i.dmp_enable_lp_quat  inv_mpu_dmp_motion_driver.o
    0x08003a4a   0x08003a4a   0x00000002   PAD
    0x08003a4c   0x08003a4c   0x00000014   Code   RO          705    i.dmp_load_motion_driver_firmware  inv_mpu_dmp_motion_driver.o
    0x08003a60   0x08003a60   0x00000164   Code   RO          706    i.dmp_read_fifo     inv_mpu_dmp_motion_driver.o
    0x08003bc4   0x08003bc4   0x00000064   Code   RO          710    i.dmp_set_fifo_rate  inv_mpu_dmp_motion_driver.o
    0x08003c28   0x08003c28   0x0000010c   Code   RO          713    i.dmp_set_orientation  inv_mpu_dmp_motion_driver.o
    0x08003d34   0x08003d34   0x00000030   Code   RO          716    i.dmp_set_shake_reject_thresh  inv_mpu_dmp_motion_driver.o
    0x08003d64   0x08003d64   0x00000020   Code   RO          717    i.dmp_set_shake_reject_time  inv_mpu_dmp_motion_driver.o
    0x08003d84   0x08003d84   0x00000020   Code   RO          718    i.dmp_set_shake_reject_timeout  inv_mpu_dmp_motion_driver.o
    0x08003da4   0x08003da4   0x00000040   Code   RO          719    i.dmp_set_tap_axes  inv_mpu_dmp_motion_driver.o
    0x08003de4   0x08003de4   0x00000022   Code   RO          720    i.dmp_set_tap_count  inv_mpu_dmp_motion_driver.o
    0x08003e06   0x08003e06   0x00000002   PAD
    0x08003e08   0x08003e08   0x00000128   Code   RO          721    i.dmp_set_tap_thresh  inv_mpu_dmp_motion_driver.o
    0x08003f30   0x08003f30   0x00000020   Code   RO          722    i.dmp_set_tap_time  inv_mpu_dmp_motion_driver.o
    0x08003f50   0x08003f50   0x00000020   Code   RO          723    i.dmp_set_tap_time_multi  inv_mpu_dmp_motion_driver.o
    0x08003f70   0x08003f70   0x00000022   Code   RO          887    i.inv_orientation_matrix_to_scalar  mpu6050.o
    0x08003f92   0x08003f92   0x00000048   Code   RO          888    i.inv_row_2_scale   mpu6050.o
    0x08003fda   0x08003fda   0x00000002   PAD
    0x08003fdc   0x08003fdc   0x00000110   Code   RO         1007    i.main              main.o
    0x080040ec   0x080040ec   0x00000090   Code   RO          889    i.mpu6050_Init      mpu6050.o
    0x0800417c   0x0800417c   0x00000054   Code   RO          360    i.mpu_configure_fifo  inv_mpu.o
    0x080041d0   0x080041d0   0x00000434   Code   RO          890    i.mpu_dmp_get_data  mpu6050.o
    0x08004604   0x08004604   0x0000008c   Code   RO          891    i.mpu_dmp_init      mpu6050.o
    0x08004690   0x08004690   0x0000003c   Code   RO          361    i.mpu_get_accel_fsr  inv_mpu.o
    0x080046cc   0x080046cc   0x000000b8   Code   RO          377    i.mpu_init          inv_mpu.o
    0x08004784   0x08004784   0x00000060   Code   RO          894    i.mpu_lenread       mpu6050.o
    0x080047e4   0x080047e4   0x00000044   Code   RO          895    i.mpu_lenwrite      mpu6050.o
    0x08004828   0x08004828   0x000000a0   Code   RO          378    i.mpu_load_firmware  inv_mpu.o
    0x080048c8   0x080048c8   0x000000b8   Code   RO          379    i.mpu_lp_accel_mode  inv_mpu.o
    0x08004980   0x08004980   0x00000046   Code   RO          896    i.mpu_read          mpu6050.o
    0x080049c6   0x080049c6   0x00000002   PAD
    0x080049c8   0x080049c8   0x00000090   Code   RO          385    i.mpu_read_fifo_stream  inv_mpu.o
    0x08004a58   0x08004a58   0x00000054   Code   RO          386    i.mpu_read_mem      inv_mpu.o
    0x08004aac   0x08004aac   0x00000160   Code   RO          389    i.mpu_reset_fifo    inv_mpu.o
    0x08004c0c   0x08004c0c   0x00000068   Code   RO          393    i.mpu_set_accel_fsr  inv_mpu.o
    0x08004c74   0x08004c74   0x000000dc   Code   RO          394    i.mpu_set_bypass    inv_mpu.o
    0x08004d50   0x08004d50   0x00000078   Code   RO          396    i.mpu_set_dmp_state  inv_mpu.o
    0x08004dc8   0x08004dc8   0x0000006c   Code   RO          398    i.mpu_set_gyro_fsr  inv_mpu.o
    0x08004e34   0x08004e34   0x00000064   Code   RO          399    i.mpu_set_int_latched  inv_mpu.o
    0x08004e98   0x08004e98   0x0000006c   Code   RO          401    i.mpu_set_lpf       inv_mpu.o
    0x08004f04   0x08004f04   0x00000080   Code   RO          402    i.mpu_set_sample_rate  inv_mpu.o
    0x08004f84   0x08004f84   0x000000b8   Code   RO          403    i.mpu_set_sensors   inv_mpu.o
    0x0800503c   0x0800503c   0x00000034   Code   RO          897    i.mpu_write         mpu6050.o
    0x08005070   0x08005070   0x00000054   Code   RO          404    i.mpu_write_mem     inv_mpu.o
    0x080050c4   0x080050c4   0x00000018   Code   RO          898    i.myget_ms          mpu6050.o
    0x080050dc   0x080050dc   0x0000000c   Code   RO          899    i.run_self_test     mpu6050.o
    0x080050e8   0x080050e8   0x00000058   Code   RO          405    i.set_int_enable    inv_mpu.o
    0x08005140   0x08005140   0x0000004c   Code   RO         4266    i.sqrt              m_ws.l(sqrt.o)
    0x0800518c   0x0800518c   0x0000002c   Code   RO         4348    locale$$code        c_w.l(lc_numeric_c.o)
    0x080051b8   0x080051b8   0x00000062   Code   RO         4131    x$fpl$d2f           fz_ws.l(d2f.o)
    0x0800521a   0x0800521a   0x00000002   PAD
    0x0800521c   0x0800521c   0x00000150   Code   RO         4133    x$fpl$dadd          fz_ws.l(daddsub_clz.o)
    0x0800536c   0x0800536c   0x00000010   Code   RO         4217    x$fpl$dcheck1       fz_ws.l(dcheck1.o)
    0x0800537c   0x0800537c   0x00000018   Code   RO         4350    x$fpl$dcmpinf       fz_ws.l(dcmpi.o)
    0x08005394   0x08005394   0x000002b0   Code   RO         4220    x$fpl$ddiv          fz_ws.l(ddiv.o)
    0x08005644   0x08005644   0x00000078   Code   RO         4223    x$fpl$deqf          fz_ws.l(deqf.o)
    0x080056bc   0x080056bc   0x00000154   Code   RO         4139    x$fpl$dmul          fz_ws.l(dmul.o)
    0x08005810   0x08005810   0x0000009c   Code   RO         4225    x$fpl$dnaninf       fz_ws.l(dnaninf.o)
    0x080058ac   0x080058ac   0x0000000c   Code   RO         4227    x$fpl$dretinf       fz_ws.l(dretinf.o)
    0x080058b8   0x080058b8   0x00000016   Code   RO         4134    x$fpl$drsb          fz_ws.l(daddsub_clz.o)
    0x080058ce   0x080058ce   0x00000002   PAD
    0x080058d0   0x080058d0   0x000001cc   Code   RO         4354    x$fpl$dsqrt         fz_ws.l(dsqrt_noumaal.o)
    0x08005a9c   0x08005a9c   0x000001d4   Code   RO         4135    x$fpl$dsub          fz_ws.l(daddsub_clz.o)
    0x08005c70   0x08005c70   0x00000056   Code   RO         4141    x$fpl$f2d           fz_ws.l(f2d.o)
    0x08005cc6   0x08005cc6   0x00000002   PAD
    0x08005cc8   0x08005cc8   0x000000c4   Code   RO         4143    x$fpl$fadd          fz_ws.l(faddsub_clz.o)
    0x08005d8c   0x08005d8c   0x0000000c   Code   RO         4229    x$fpl$fcheck1       fz_ws.l(fcheck1.o)
    0x08005d98   0x08005d98   0x00000184   Code   RO         4150    x$fpl$fdiv          fz_ws.l(fdiv.o)
    0x08005f1c   0x08005f1c   0x0000003e   Code   RO         4157    x$fpl$ffixu         fz_ws.l(ffixu.o)
    0x08005f5a   0x08005f5a   0x00000002   PAD
    0x08005f5c   0x08005f5c   0x00000030   Code   RO         4162    x$fpl$fflt          fz_ws.l(fflt_clz.o)
    0x08005f8c   0x08005f8c   0x00000026   Code   RO         4161    x$fpl$ffltu         fz_ws.l(fflt_clz.o)
    0x08005fb2   0x08005fb2   0x00000002   PAD
    0x08005fb4   0x08005fb4   0x00000102   Code   RO         4167    x$fpl$fmul          fz_ws.l(fmul.o)
    0x080060b6   0x080060b6   0x0000008c   Code   RO         4231    x$fpl$fnaninf       fz_ws.l(fnaninf.o)
    0x08006142   0x08006142   0x0000000a   Code   RO         4233    x$fpl$fretinf       fz_ws.l(fretinf.o)
    0x0800614c   0x0800614c   0x000000ea   Code   RO         4145    x$fpl$fsub          fz_ws.l(faddsub_clz.o)
    0x08006236   0x08006236   0x00000004   Code   RO         4169    x$fpl$printf1       fz_ws.l(printf1.o)
    0x0800623a   0x0800623a   0x00000064   Code   RO         4358    x$fpl$retnan        fz_ws.l(retnan.o)
    0x0800629e   0x0800629e   0x0000005c   Code   RO         4171    x$fpl$scalbn        fz_ws.l(scalbn.o)
    0x080062fa   0x080062fa   0x0000004c   Code   RO         4173    x$fpl$scalbnf       fz_ws.l(scalbnf.o)
    0x08006346   0x08006346   0x00000030   Code   RO         4522    x$fpl$trapveneer    fz_ws.l(trapv.o)
    0x08006376   0x08006376   0x00000000   Code   RO         4235    x$fpl$usenofp       fz_ws.l(usenofp.o)
    0x08006376   0x08006376   0x00000808   Data   RO          252    .constdata          oled.o
    0x08006b7e   0x08006b7e   0x0000001e   Data   RO          406    .constdata          inv_mpu.o
    0x08006b9c   0x08006b9c   0x0000000c   Data   RO          407    .constdata          inv_mpu.o
    0x08006ba8   0x08006ba8   0x00000028   Data   RO          408    .constdata          inv_mpu.o
    0x08006bd0   0x08006bd0   0x00000bf6   Data   RO          725    .constdata          inv_mpu_dmp_motion_driver.o
    0x080077c6   0x080077c6   0x00000012   Data   RO         1987    .constdata          stm32f1xx_hal_rcc.o
    0x080077d8   0x080077d8   0x00000012   Data   RO         2079    .constdata          stm32f1xx_hal_rcc_ex.o
    0x080077ea   0x080077ea   0x00000010   Data   RO         4023    .constdata          system_stm32f1xx.o
    0x080077fa   0x080077fa   0x00000008   Data   RO         4024    .constdata          system_stm32f1xx.o
    0x08007802   0x08007802   0x00000011   Data   RO         4110    .constdata          c_w.l(__printf_flags_wp.o)
    0x08007813   0x08007813   0x00000005   PAD
    0x08007818   0x08007818   0x00000050   Data   RO         4177    .constdata          m_ws.l(asin.o)
    0x08007868   0x08007868   0x00000098   Data   RO         4238    .constdata          m_ws.l(atan.o)
    0x08007900   0x08007900   0x00000008   Data   RO         4264    .constdata          m_ws.l(qnan.o)
    0x08007908   0x08007908   0x00000094   Data   RO         4309    .constdata          c_w.l(bigflt0.o)
    0x0800799c   0x0800799c   0x00000020   Data   RO         4667    Region$$Table       anon$$obj.o
    0x080079bc   0x080079bc   0x0000001c   Data   RO         4347    locale$$data        c_w.l(lc_numeric_c.o)


    Execution Region RW_IRAM1 (Exec base: 0x20000000, Load base: 0x080079d8, Size: 0x00000ba8, Max: 0x00005000, ABSOLUTE)

    Exec Addr    Load Addr    Size         Type   Attr      Idx    E Section Name        Object

    0x20000000   0x080079d8   0x00000017   Data   RW          254    .data               oled.o
    0x20000017   0x080079ef   0x00000001   PAD
    0x20000018   0x080079f0   0x0000002c   Data   RW          409    .data               inv_mpu.o
    0x20000044   0x08007a1c   0x0000000f   Data   RW          900    .data               mpu6050.o
    0x20000053   0x08007a2b   0x00000001   PAD
    0x20000054   0x08007a2c   0x00000004   Data   RW          903    .data               mpu6050.o
    0x20000058   0x08007a30   0x0000000c   Data   RW         1009    .data               main.o
    0x20000064   0x08007a3c   0x0000000c   Data   RW         1824    .data               stm32f1xx_hal.o
    0x20000070   0x08007a48   0x00000004   Data   RW         4025    .data               system_stm32f1xx.o
    0x20000074        -       0x00000400   Zero   RW          251    .bss                oled.o
    0x20000474        -       0x00000010   Zero   RW          724    .bss                inv_mpu_dmp_motion_driver.o
    0x20000484        -       0x00000014   Zero   RW         1008    .bss                main.o
    0x20000498        -       0x00000054   Zero   RW         1088    .bss                i2c.o
    0x200004ec        -       0x00000014   Zero   RW         1130    .bss                rtc.o
    0x20000500        -       0x00000048   Zero   RW         1172    .bss                tim.o
    0x20000548        -       0x00000060   Zero   RW         4366    .bss                c_w.l(libspace.o)
    0x200005a8        -       0x00000200   Zero   RW            2    HEAP                startup_stm32f103xb.o
    0x200007a8        -       0x00000400   Zero   RW            1    STACK               startup_stm32f103xb.o


==============================================================================

Image component sizes


      Code (inc. data)   RO Data    RW Data    ZI Data      Debug   Object Name

        54          0          0          0          0       5728   delay.o
       128          8          0          0          0        915   gpio.o
       176         30          0          0         84       1593   i2c.o
      2496         94         82         44          0      18147   inv_mpu.o
      1962        104       3062          0         16      17925   inv_mpu_dmp_motion_driver.o
       424         84          0         12         20       2968   main.o
      1892         32          0         19          0       9799   mpu6050.o
       324         12          0          0          0     430578   myi2c.o
       538         46       2056         23       1024       7118   oled.o
        96         20          0          0         20       1439   rtc.o
        64         26        236          0       1536        792   startup_stm32f103xb.o
       128         24          0         12          0       5173   stm32f1xx_hal.o
       198         14          0          0          0      28839   stm32f1xx_hal_cortex.o
       500         34          0          0          0       3447   stm32f1xx_hal_gpio.o
      1414         32          0          0          0       9223   stm32f1xx_hal_i2c.o
        76          8          0          0          0        842   stm32f1xx_hal_msp.o
        12          4          0          0          0        495   stm32f1xx_hal_pwr.o
      1240         84         18          0          0       5016   stm32f1xx_hal_rcc.o
       400         28         18          0          0       2417   stm32f1xx_hal_rcc_ex.o
       312          4          0          0          0       3624   stm32f1xx_hal_rtc.o
       936         24          0          0          0       9625   stm32f1xx_hal_tim.o
       108         12          0          0          0       2337   stm32f1xx_hal_tim_ex.o
        34          6          0          0          0       4556   stm32f1xx_it.o
         2          0         24          4          0       1067   system_stm32f1xx.o
       168         18          0          0         72       1594   tim.o

    ----------------------------------------------------------------------
     13716        748       5528        116       2772     575257   Object Totals
         0          0         32          0          0          0   (incl. Generated)
        34          0          0          2          0          0   (incl. Padding)

    ----------------------------------------------------------------------

      Code (inc. data)   RO Data    RW Data    ZI Data      Debug   Library Member Name

         8          0          0          0          0         68   __main.o
       312          4         17          0          0         92   __printf_flags_wp.o
        14          0          0          0          0         68   __printf_wp.o
         0          0          0          0          0          0   __rtentry.o
        12          0          0          0          0          0   __rtentry2.o
         6          0          0          0          0          0   __rtentry4.o
        52          8          0          0          0          0   __scatter.o
        26          0          0          0          0          0   __scatter_copy.o
        28          0          0          0          0          0   __scatter_zi.o
        48          6          0          0          0         96   _printf_char_common.o
         6          0          0          0          0          0   _printf_d.o
       120         16          0          0          0         92   _printf_dec.o
         6          0          0          0          0          0   _printf_f.o
      1054          0          0          0          0        216   _printf_fp_dec.o
       128         16          0          0          0         84   _printf_fp_infnan.o
       178          0          0          0          0         88   _printf_intcommon.o
        78          0          0          0          0        108   _printf_pad.o
         0          0          0          0          0          0   _printf_percent.o
         4          0          0          0          0          0   _printf_percent_end.o
        22          0          0          0          0        100   _rserrno.o
        10          0          0          0          0         68   _sputc.o
        16          0          0          0          0         68   aeabi_memset.o
       228          4        148          0          0         96   bigflt0.o
      1936        128          0          0          0        672   btod.o
        18          0          0          0          0         80   exit.o
         6          0          0          0          0        152   heapauxi.o
         0          0          0          0          0          0   indicate_semi.o
        44         10         28          0          0         76   lc_numeric_c.o
         2          0          0          0          0          0   libinit.o
        18          0          0          0          0          0   libinit2.o
         2          0          0          0          0          0   libshutdown.o
         2          0          0          0          0          0   libshutdown2.o
         8          4          0          0         96         68   libspace.o
       138          0          0          0          0         80   lludiv10.o
        88          0          0          0          0         76   memcmp.o
        40          6          0          0          0         84   noretval__2sprintf.o
         8          4          0          0          0         68   rt_errno_addr_intlibspace.o
         8          4          0          0          0         68   rt_locale_intlibspace.o
        68          0          0          0          0         68   rt_memclr.o
        78          0          0          0          0         80   rt_memclr_w.o
         2          0          0          0          0          0   rtexit.o
        10          0          0          0          0          0   rtexit2.o
       128          0          0          0          0         68   strcmpv7m.o
        12          4          0          0          0         68   sys_exit.o
        74          0          0          0          0         80   sys_stackheap_outer.o
         2          0          0          0          0         68   use_no_semi.o
        98          4          0          0          0         92   d2f.o
       826         16          0          0          0        348   daddsub_clz.o
        16          4          0          0          0         68   dcheck1.o
        24          0          0          0          0         68   dcmpi.o
       688        140          0          0          0        208   ddiv.o
       120          4          0          0          0         92   deqf.o
       340         12          0          0          0        104   dmul.o
       156          4          0          0          0         92   dnaninf.o
        12          0          0          0          0         68   dretinf.o
       460         56          0          0          0        120   dsqrt_noumaal.o
        86          4          0          0          0         84   f2d.o
       430          8          0          0          0        168   faddsub_clz.o
        12          4          0          0          0         68   fcheck1.o
       388         76          0          0          0         96   fdiv.o
        62          4          0          0          0         84   ffixu.o
        86          0          0          0          0        136   fflt_clz.o
       258          4          0          0          0         84   fmul.o
       140          4          0          0          0         84   fnaninf.o
        10          0          0          0          0         68   fretinf.o
         4          0          0          0          0         68   printf1.o
       100          0          0          0          0         68   retnan.o
        92          0          0          0          0         68   scalbn.o
        76          0          0          0          0         68   scalbnf.o
        48          0          0          0          0         68   trapv.o
         0          0          0          0          0          0   usenofp.o
       624         52         80          0          0        168   asin.o
       544         70        152          0          0        124   atan.o
       412         38          0          0          0        144   atan2.o
        38          6          0          0          0        272   dunder.o
        40          0          0          0          0         68   fpclassify.o
       170          0          0          0          0         96   poly.o
         0          0          8          0          0          0   qnan.o
        76          0          0          0          0         84   sqrt.o

    ----------------------------------------------------------------------
     11510        724        438          0         96       6528   Library Totals
        26          0          5          0          0          0   (incl. Padding)

    ----------------------------------------------------------------------

      Code (inc. data)   RO Data    RW Data    ZI Data      Debug   Library Name

      5048        214        193          0         96       3100   c_w.l
      4532        344          0          0          0       2472   fz_ws.l
      1904        166        240          0          0        956   m_ws.l

    ----------------------------------------------------------------------
     11510        724        438          0         96       6528   Library Totals

    ----------------------------------------------------------------------

==============================================================================


      Code (inc. data)   RO Data    RW Data    ZI Data      Debug   

     25226       1472       5966        116       2868     570965   Grand Totals
     25226       1472       5966        116       2868     570965   ELF Image Totals
     25226       1472       5966        116          0          0   ROM Totals

==============================================================================

    Total RO  Size (Code + RO Data)                31192 (  30.46kB)
    Total RW  Size (RW Data + ZI Data)              2984 (   2.91kB)
    Total ROM Size (Code + RO Data + RW Data)      31308 (  30.57kB)

==============================================================================

