Component: ARM Compiler 5.06 update 7 (build 960) Tool: armlink [4d3601]

==============================================================================

Section Cross References

    startup_stm32f103xb.o(STACK) refers (Special) to heapauxi.o(.text) for __use_two_region_memory
    startup_stm32f103xb.o(HEAP) refers (Special) to heapauxi.o(.text) for __use_two_region_memory
    startup_stm32f103xb.o(RESET) refers (Special) to heapauxi.o(.text) for __use_two_region_memory
    startup_stm32f103xb.o(RESET) refers to startup_stm32f103xb.o(STACK) for __initial_sp
    startup_stm32f103xb.o(RESET) refers to startup_stm32f103xb.o(.text) for Reset_Handler
    startup_stm32f103xb.o(RESET) refers to stm32f1xx_it.o(i.NMI_Handler) for NMI_Handler
    startup_stm32f103xb.o(RESET) refers to stm32f1xx_it.o(i.HardFault_Handler) for HardFault_Handler
    startup_stm32f103xb.o(RESET) refers to stm32f1xx_it.o(i.MemManage_Handler) for MemManage_Handler
    startup_stm32f103xb.o(RESET) refers to stm32f1xx_it.o(i.BusFault_Handler) for BusFault_Handler
    startup_stm32f103xb.o(RESET) refers to stm32f1xx_it.o(i.UsageFault_Handler) for UsageFault_Handler
    startup_stm32f103xb.o(RESET) refers to stm32f1xx_it.o(i.SVC_Handler) for SVC_Handler
    startup_stm32f103xb.o(RESET) refers to stm32f1xx_it.o(i.DebugMon_Handler) for DebugMon_Handler
    startup_stm32f103xb.o(RESET) refers to stm32f1xx_it.o(i.PendSV_Handler) for PendSV_Handler
    startup_stm32f103xb.o(RESET) refers to stm32f1xx_it.o(i.SysTick_Handler) for SysTick_Handler
    startup_stm32f103xb.o(RESET) refers to stm32f1xx_it.o(i.RTC_Alarm_IRQHandler) for RTC_Alarm_IRQHandler
    startup_stm32f103xb.o(.text) refers (Special) to heapauxi.o(.text) for __use_two_region_memory
    startup_stm32f103xb.o(.text) refers to system_stm32f1xx.o(i.SystemInit) for SystemInit
    startup_stm32f103xb.o(.text) refers to __main.o(!!!main) for __main
    startup_stm32f103xb.o(.text) refers to startup_stm32f103xb.o(HEAP) for Heap_Mem
    startup_stm32f103xb.o(.text) refers to startup_stm32f103xb.o(STACK) for Stack_Mem
    delay.o(i.Delay_ms) refers to delay.o(i.Delay_us) for Delay_us
    delay.o(i.Delay_s) refers to delay.o(i.Delay_ms) for Delay_ms
    myi2c.o(i.MyI2C_Init) refers to myi2c.o(i.MyI2C_Stop) for MyI2C_Stop
    myi2c.o(i.MyI2C_R_SDA) refers to stm32f1xx_hal_gpio.o(i.HAL_GPIO_ReadPin) for HAL_GPIO_ReadPin
    myi2c.o(i.MyI2C_R_SDA) refers to delay.o(i.Delay_us) for Delay_us
    myi2c.o(i.MyI2C_ReceiveAck) refers to myi2c.o(i.MyI2C_W_SDA) for MyI2C_W_SDA
    myi2c.o(i.MyI2C_ReceiveAck) refers to myi2c.o(i.MyI2C_W_SCL) for MyI2C_W_SCL
    myi2c.o(i.MyI2C_ReceiveAck) refers to myi2c.o(i.MyI2C_R_SDA) for MyI2C_R_SDA
    myi2c.o(i.MyI2C_ReceiveByte) refers to myi2c.o(i.MyI2C_W_SDA) for MyI2C_W_SDA
    myi2c.o(i.MyI2C_ReceiveByte) refers to myi2c.o(i.MyI2C_W_SCL) for MyI2C_W_SCL
    myi2c.o(i.MyI2C_ReceiveByte) refers to myi2c.o(i.MyI2C_R_SDA) for MyI2C_R_SDA
    myi2c.o(i.MyI2C_ReceiveByte) refers to myi2c.o(i.MyI2C_SendAck) for MyI2C_SendAck
    myi2c.o(i.MyI2C_SendAck) refers to myi2c.o(i.MyI2C_W_SCL) for MyI2C_W_SCL
    myi2c.o(i.MyI2C_SendAck) refers to myi2c.o(i.MyI2C_W_SDA) for MyI2C_W_SDA
    myi2c.o(i.MyI2C_SendByte) refers to myi2c.o(i.MyI2C_W_SDA) for MyI2C_W_SDA
    myi2c.o(i.MyI2C_SendByte) refers to myi2c.o(i.MyI2C_W_SCL) for MyI2C_W_SCL
    myi2c.o(i.MyI2C_Start) refers to myi2c.o(i.MyI2C_W_SDA) for MyI2C_W_SDA
    myi2c.o(i.MyI2C_Start) refers to myi2c.o(i.MyI2C_W_SCL) for MyI2C_W_SCL
    myi2c.o(i.MyI2C_Stop) refers to myi2c.o(i.MyI2C_W_SDA) for MyI2C_W_SDA
    myi2c.o(i.MyI2C_Stop) refers to myi2c.o(i.MyI2C_W_SCL) for MyI2C_W_SCL
    myi2c.o(i.MyI2C_W_SCL) refers to stm32f1xx_hal_gpio.o(i.HAL_GPIO_WritePin) for HAL_GPIO_WritePin
    myi2c.o(i.MyI2C_W_SCL) refers to delay.o(i.Delay_us) for Delay_us
    myi2c.o(i.MyI2C_W_SDA) refers to stm32f1xx_hal_gpio.o(i.HAL_GPIO_WritePin) for HAL_GPIO_WritePin
    myi2c.o(i.MyI2C_W_SDA) refers to delay.o(i.Delay_us) for Delay_us
    oled.o(i.OLED_Clear) refers to oled.o(i.OLED_WR_CMD) for OLED_WR_CMD
    oled.o(i.OLED_Clear) refers to oled.o(i.OLED_WR_DATA) for OLED_WR_DATA
    oled.o(i.OLED_Display_Off) refers to oled.o(i.OLED_WR_CMD) for OLED_WR_CMD
    oled.o(i.OLED_Display_On) refers to oled.o(i.OLED_WR_CMD) for OLED_WR_CMD
    oled.o(i.OLED_Init) refers to stm32f1xx_hal.o(i.HAL_Delay) for HAL_Delay
    oled.o(i.OLED_Init) refers to oled.o(i.WriteCmd) for WriteCmd
    oled.o(i.OLED_On) refers to oled.o(i.OLED_WR_CMD) for OLED_WR_CMD
    oled.o(i.OLED_On) refers to oled.o(i.OLED_WR_DATA) for OLED_WR_DATA
    oled.o(i.OLED_Set_Pos) refers to oled.o(i.OLED_WR_CMD) for OLED_WR_CMD
    oled.o(i.OLED_ShowCHinese) refers to oled.o(i.OLED_Set_Pos) for OLED_Set_Pos
    oled.o(i.OLED_ShowCHinese) refers to oled.o(i.OLED_WR_DATA) for OLED_WR_DATA
    oled.o(i.OLED_ShowCHinese) refers to oled.o(.constdata) for .constdata
    oled.o(i.OLED_ShowChar) refers to oled.o(i.OLED_Set_Pos) for OLED_Set_Pos
[...]
    i.mpu_set_dmp_state                      0x08004de0   Section        0  inv_mpu.o(i.mpu_set_dmp_state)
    i.mpu_set_gyro_fsr                       0x08004e58   Section        0  inv_mpu.o(i.mpu_set_gyro_fsr)
    i.mpu_set_int_latched                    0x08004ec4   Section        0  inv_mpu.o(i.mpu_set_int_latched)
    i.mpu_set_lpf                            0x08004f28   Section        0  inv_mpu.o(i.mpu_set_lpf)
    i.mpu_set_sample_rate                    0x08004f94   Section        0  inv_mpu.o(i.mpu_set_sample_rate)
    i.mpu_set_sensors                        0x08005014   Section        0  inv_mpu.o(i.mpu_set_sensors)
    i.mpu_write                              0x080050cc   Section        0  mpu6050.o(i.mpu_write)
    i.mpu_write_mem                          0x08005100   Section        0  inv_mpu.o(i.mpu_write_mem)
    i.myget_ms                               0x08005154   Section        0  mpu6050.o(i.myget_ms)
    i.run_self_test                          0x0800516c   Section        0  mpu6050.o(i.run_self_test)
    i.set_int_enable                         0x080051ec   Section        0  inv_mpu.o(i.set_int_enable)
    set_int_enable                           0x080051ed   Thumb Code    84  inv_mpu.o(i.set_int_enable)
    i.sqrt                                   0x08005244   Section        0  sqrt.o(i.sqrt)
    locale$$code                             0x08005290   Section       44  lc_numeric_c.o(locale$$code)
    x$fpl$d2f                                0x080052bc   Section       98  d2f.o(x$fpl$d2f)
    x$fpl$dadd                               0x08005320   Section      336  daddsub_clz.o(x$fpl$dadd)
    _dadd1                                   0x08005331   Thumb Code     0  daddsub_clz.o(x$fpl$dadd)
    x$fpl$dcheck1                            0x08005470   Section       16  dcheck1.o(x$fpl$dcheck1)
    x$fpl$dcmpinf                            0x08005480   Section       24  dcmpi.o(x$fpl$dcmpinf)
    x$fpl$ddiv                               0x08005498   Section      688  ddiv.o(x$fpl$ddiv)
    ddiv_entry                               0x0800549f   Thumb Code     0  ddiv.o(x$fpl$ddiv)
    x$fpl$deqf                               0x08005748   Section      120  deqf.o(x$fpl$deqf)
    x$fpl$dmul                               0x080057c0   Section      340  dmul.o(x$fpl$dmul)
    x$fpl$dnaninf                            0x08005914   Section      156  dnaninf.o(x$fpl$dnaninf)
    x$fpl$dretinf                            0x080059b0   Section       12  dretinf.o(x$fpl$dretinf)
    x$fpl$drsb                               0x080059bc   Section       22  daddsub_clz.o(x$fpl$drsb)
    x$fpl$dsqrt                              0x080059d4   Section      460  dsqrt_noumaal.o(x$fpl$dsqrt)
    x$fpl$dsub                               0x08005ba0   Section      468  daddsub_clz.o(x$fpl$dsub)
    _dsub1                                   0x08005bb1   Thumb Code     0  daddsub_clz.o(x$fpl$dsub)
    x$fpl$f2d                                0x08005d74   Section       86  f2d.o(x$fpl$f2d)
    x$fpl$fadd                               0x08005dcc   Section      196  faddsub_clz.o(x$fpl$fadd)
    _fadd1                                   0x08005ddb   Thumb Code     0  faddsub_clz.o(x$fpl$fadd)
    x$fpl$fcheck1                            0x08005e90   Section       12  fcheck1.o(x$fpl$fcheck1)
    x$fpl$fdiv                               0x08005e9c   Section      388  fdiv.o(x$fpl$fdiv)
    _fdiv1                                   0x08005e9d   Thumb Code     0  fdiv.o(x$fpl$fdiv)
    x$fpl$ffix                               0x08006020   Section       54  ffix.o(x$fpl$ffix)
    x$fpl$ffixu                              0x08006058   Section       62  ffixu.o(x$fpl$ffixu)
    x$fpl$fflt                               0x08006098   Section       48  fflt_clz.o(x$fpl$fflt)
    x$fpl$ffltu                              0x080060c8   Section       38  fflt_clz.o(x$fpl$ffltu)
    x$fpl$fmul                               0x080060f0   Section      258  fmul.o(x$fpl$fmul)
    x$fpl$fnaninf                            0x080061f2   Section      140  fnaninf.o(x$fpl$fnaninf)
    x$fpl$fretinf                            0x0800627e   Section       10  fretinf.o(x$fpl$fretinf)
    x$fpl$fsub                               0x08006288   Section      234  faddsub_clz.o(x$fpl$fsub)
    _fsub1                                   0x08006297   Thumb Code     0  faddsub_clz.o(x$fpl$fsub)
    x$fpl$printf1                            0x08006372   Section        4  printf1.o(x$fpl$printf1)
    x$fpl$retnan                             0x08006376   Section      100  retnan.o(x$fpl$retnan)
    x$fpl$scalbn                             0x080063da   Section       92  scalbn.o(x$fpl$scalbn)
    x$fpl$scalbnf                            0x08006436   Section       76  scalbnf.o(x$fpl$scalbnf)
    x$fpl$trapveneer                         0x08006482   Section       48  trapv.o(x$fpl$trapveneer)
    .constdata                               0x080064b2   Section     2504  oled.o(.constdata)
    x$fpl$usenofp                            0x080064b2   Section        0  usenofp.o(x$fpl$usenofp)
    .constdata                               0x08006e7a   Section       30  inv_mpu.o(.constdata)
    .constdata                               0x08006e98   Section       12  inv_mpu.o(.constdata)
    .constdata                               0x08006ea4   Section       40  inv_mpu.o(.constdata)
    .constdata                               0x08006ecc   Section     3062  inv_mpu_dmp_motion_driver.o(.constdata)
    dmp_memory                               0x08006ecc   Data        3062  inv_mpu_dmp_motion_driver.o(.constdata)
    .constdata                               0x08007ac2   Section       18  stm32f1xx_hal_rcc.o(.constdata)
    aPredivFactorTable                       0x08007ac2   Data           2  stm32f1xx_hal_rcc.o(.constdata)
    aPLLMULFactorTable                       0x08007ac4   Data          16  stm32f1xx_hal_rcc.o(.constdata)
    .constdata                               0x08007ad4   Section       18  stm32f1xx_hal_rcc_ex.o(.constdata)
    aPredivFactorTable                       0x08007ad4   Data           2  stm32f1xx_hal_rcc_ex.o(.constdata)
    aPLLMULFactorTable                       0x08007ad6   Data          16  stm32f1xx_hal_rcc_ex.o(.constdata)
    .constdata                               0x08007ae6   Section       16  system_stm32f1xx.o(.constdata)
    .constdata                               0x08007af6   Section        8  system_stm32f1xx.o(.constdata)
    .constdata                               0x08007afe   Section       17  __printf_flags_wp.o(.constdata)
    maptable                                 0x08007afe   Data          17  __printf_flags_wp.o(.constdata)
    .constdata                               0x08007b10   Section       80  asin.o(.constdata)
    pS                                       0x08007b10   Data          48  asin.o(.constdata)
    qS                                       0x08007b40   Data          32  asin.o(.constdata)
    .constdata                               0x08007b60   Section      152  atan.o(.constdata)
    atanhi                                   0x08007b60   Data          32  atan.o(.constdata)
    atanlo                                   0x08007b80   Data          32  atan.o(.constdata)
    aTodd                                    0x08007ba0   Data          40  atan.o(.constdata)
    aTeven                                   0x08007bc8   Data          48  atan.o(.constdata)
    .constdata                               0x08007bf8   Section        8  qnan.o(.constdata)
    .constdata                               0x08007c00   Section      148  bigflt0.o(.constdata)
    tenpwrs_x                                0x08007c00   Data          60  bigflt0.o(.constdata)
    tenpwrs_i                                0x08007c3c   Data          64  bigflt0.o(.constdata)
    locale$$data                             0x08007cb4   Section       28  lc_numeric_c.o(locale$$data)
    __lcnum_c_name                           0x08007cb8   Data           2  lc_numeric_c.o(locale$$data)
    __lcnum_c_start                          0x08007cc0   Data           0  lc_numeric_c.o(locale$$data)
    __lcnum_c_point                          0x08007ccc   Data           0  lc_numeric_c.o(locale$$data)
    __lcnum_c_thousands                      0x08007cce   Data           0  lc_numeric_c.o(locale$$data)
    __lcnum_c_grouping                       0x08007ccf   Data           0  lc_numeric_c.o(locale$$data)
    __lcnum_c_end                            0x08007cd0   Data           0  lc_numeric_c.o(locale$$data)
    .data                                    0x20000000   Section       27  oled.o(.data)
    .data                                    0x2000001c   Section       44  inv_mpu.o(.data)
    st                                       0x2000001c   Data          44  inv_mpu.o(.data)
    .data                                    0x20000048   Section        9  mpu6050.o(.data)
    gyro_orientation                         0x20000048   Data           9  mpu6050.o(.data)
    .data                                    0x20000054   Section       12  main.o(.data)
    .data                                    0x20000060   Section       12  stm32f1xx_hal.o(.data)
    .data                                    0x2000006c   Section        4  system_stm32f1xx.o(.data)
    .bss                                     0x20000070   Section       16  inv_mpu_dmp_motion_driver.o(.bss)
    dmp                                      0x20000070   Data          16  inv_mpu_dmp_motion_driver.o(.bss)
    .bss                                     0x20000080   Section       20  main.o(.bss)
    .bss                                     0x20000094   Section       84  i2c.o(.bss)
    .bss                                     0x200000e8   Section       20  rtc.o(.bss)
    .bss                                     0x200000fc   Section       96  libspace.o(.bss)
    HEAP                                     0x20000160   Section      512  startup_stm32f103xb.o(HEAP)
    Heap_Mem                                 0x20000160   Data         512  startup_stm32f103xb.o(HEAP)
    STACK                                    0x20000360   Section     1024  startup_stm32f103xb.o(STACK)
    Stack_Mem                                0x20000360   Data        1024  startup_stm32f103xb.o(STACK)
    __initial_sp                             0x20000760   Data           0  startup_stm32f103xb.o(STACK)

    Global Symbols

    Symbol Name                              Value     Ov Type        Size  Object(Section)

    BuildAttributes$$THM_ISAv4$P$D$K$B$S$PE$A:L22UL41UL21$X:L11$S22US41US21$IEEE1$IW$USESV6$~STKCKD$USESV7$~SHL$OTIME$ROPI$IEEEX$EBA8$UX$STANDARDLIB$REQ8$PRES8$EABIv2 0x00000000   Number         0  anon$$obj.o ABSOLUTE
    __ARM_use_no_argv                        0x00000000   Number         0  main.o ABSOLUTE
    _printf_flags                            0x00000000   Number         0  printf_stubs.o ABSOLUTE
    _printf_return_value                     0x00000000   Number         0  printf_stubs.o ABSOLUTE
    _printf_sizespec                         0x00000000   Number         0  printf_stubs.o ABSOLUTE
    _printf_widthprec                        0x00000000   Number         0  printf_stubs.o ABSOLUTE
    __ARM_exceptions_init                     - Undefined Weak Reference
    __alloca_initialize                       - Undefined Weak Reference
    __arm_fini_                               - Undefined Weak Reference
    __arm_preinit_                            - Undefined Weak Reference
    __cpp_initialize__aeabi_                  - Undefined Weak Reference
    __cxa_finalize                            - Undefined Weak Reference
    __sigvec_lookup                           - Undefined Weak Reference
    __user_heap_extent                        - Undefined Weak Reference
    _atexit_init                              - Undefined Weak Reference
    _call_atexit_fns                          - Undefined Weak Reference
    _clock_init                               - Undefined Weak Reference
    _fp_trap_init                             - Undefined Weak Reference
    _fp_trap_shutdown                         - Undefined Weak Reference
    _get_lc_collate                           - Undefined Weak Reference
    _get_lc_ctype                             - Undefined Weak Reference
    _get_lc_monetary                          - Undefined Weak Reference
    _get_lc_time                              - Undefined Weak Reference
    _getenv_init                              - Undefined Weak Reference
    _handle_redirection                       - Undefined Weak Reference
    _mutex_acquire                            - Undefined Weak Reference
    _mutex_free                               - Undefined Weak Reference
    _mutex_release                            - Undefined Weak Reference
    _printf_truncate_unsigned                 - Undefined Weak Reference
    _rand_init                                - Undefined Weak Reference
    _signal_finish                            - Undefined Weak Reference
    _signal_init                              - Undefined Weak Reference
    __Vectors_Size                           0x000000ec   Number         0  startup_stm32f103xb.o ABSOLUTE
    __Vectors                                0x08000000   Data           4  startup_stm32f103xb.o(RESET)
    __Vectors_End                            0x080000ec   Data           0  startup_stm32f103xb.o(RESET)
    __main                                   0x080000ed   Thumb Code     8  __main.o(!!!main)
    __scatterload                            0x080000f5   Thumb Code     0  __scatter.o(!!!scatter)
    __scatterload_rt2                        0x080000f5   Thumb Code    44  __scatter.o(!!!scatter)
    __scatterload_rt2_thumb_only             0x080000f5   Thumb Code     0  __scatter.o(!!!scatter)
    __scatterload_null                       0x08000103   Thumb Code     0  __scatter.o(!!!scatter)
    __scatterload_copy                       0x08000129   Thumb Code    26  __scatter_copy.o(!!handler_copy)
    __scatterload_zeroinit                   0x08000145   Thumb Code    28  __scatter_zi.o(!!handler_zi)
    _printf_f                                0x08000161   Thumb Code     0  _printf_f.o(.ARM.Collect$$_printf_percent$$00000003)
    _printf_percent                          0x08000161   Thumb Code     0  _printf_percent.o(.ARM.Collect$$_printf_percent$$00000000)
    _printf_percent_end                      0x08000167   Thumb Code     0  _printf_percent_end.o(.ARM.Collect$$_printf_percent$$00000017)
    __rt_lib_init                            0x0800016b   Thumb Code     0  libinit.o(.ARM.Collect$$libinit$$00000000)
    __rt_lib_init_fp_1                       0x0800016d   Thumb Code     0  libinit2.o(.ARM.Collect$$libinit$$00000002)
    __rt_lib_init_heap_1                     0x0800016d   Thumb Code     0  libinit2.o(.ARM.Collect$$libinit$$0000000A)
    __rt_lib_init_lc_common                  0x0800016d   Thumb Code     0  libinit2.o(.ARM.Collect$$libinit$$0000000F)
    __rt_lib_init_preinit_1                  0x0800016d   Thumb Code     0  libinit2.o(.ARM.Collect$$libinit$$00000004)
    __rt_lib_init_rand_1                     0x0800016d   Thumb Code     0  libinit2.o(.ARM.Collect$$libinit$$0000000E)
    __rt_lib_init_user_alloc_1               0x0800016d   Thumb Code     0  libinit2.o(.ARM.Collect$$libinit$$0000000C)
    __rt_lib_init_lc_collate_1               0x08000173   Thumb Code     0  libinit2.o(.ARM.Collect$$libinit$$00000011)
    __rt_lib_init_lc_ctype_1                 0x08000173   Thumb Code     0  libinit2.o(.ARM.Collect$$libinit$$00000013)
    __rt_lib_init_lc_monetary_1              0x08000173   Thumb Code     0  libinit2.o(.ARM.Collect$$libinit$$00000015)
    __rt_lib_init_lc_numeric_2               0x08000173   Thumb Code     0  libinit2.o(.ARM.Collect$$libinit$$00000016)
    __rt_lib_init_alloca_1                   0x0800017d   Thumb Code     0  libinit2.o(.ARM.Collect$$libinit$$0000002E)
    __rt_lib_init_argv_1                     0x0800017d   Thumb Code     0  libinit2.o(.ARM.Collect$$libinit$$0000002C)
    __rt_lib_init_atexit_1                   0x0800017d   Thumb Code     0  libinit2.o(.ARM.Collect$$libinit$$0000001B)
    __rt_lib_init_clock_1                    0x0800017d   Thumb Code     0  libinit2.o(.ARM.Collect$$libinit$$00000021)
    __rt_lib_init_cpp_1                      0x0800017d   Thumb Code     0  libinit2.o(.ARM.Collect$$libinit$$00000032)
    __rt_lib_init_exceptions_1               0x0800017d   Thumb Code     0  libinit2.o(.ARM.Collect$$libinit$$00000030)
    __rt_lib_init_fp_trap_1                  0x0800017d   Thumb Code     0  libinit2.o(.ARM.Collect$$libinit$$0000001F)
    __rt_lib_init_getenv_1                   0x0800017d   Thumb Code     0  libinit2.o(.ARM.Collect$$libinit$$00000023)
    __rt_lib_init_lc_numeric_1               0x0800017d   Thumb Code     0  libinit2.o(.ARM.Collect$$libinit$$00000017)
    __rt_lib_init_lc_time_1                  0x0800017d   Thumb Code     0  libinit2.o(.ARM.Collect$$libinit$$00000019)
    __rt_lib_init_return                     0x0800017d   Thumb Code     0  libinit2.o(.ARM.Collect$$libinit$$00000033)
    __rt_lib_init_signal_1                   0x0800017d   Thumb Code     0  libinit2.o(.ARM.Collect$$libinit$$0000001D)
    __rt_lib_init_stdio_1                    0x0800017d   Thumb Code     0  libinit2.o(.ARM.Collect$$libinit$$00000025)
    __rt_lib_shutdown                        0x0800017f   Thumb Code     0  libshutdown.o(.ARM.Collect$$libshutdown$$00000000)
    __rt_lib_shutdown_cpp_1                  0x08000181   Thumb Code     0  libshutdown2.o(.ARM.Collect$$libshutdown$$00000004)
    __rt_lib_shutdown_fini_1                 0x08000181   Thumb Code     0  libshutdown2.o(.ARM.Collect$$libshutdown$$00000002)
    __rt_lib_shutdown_fp_trap_1              0x08000181   Thumb Code     0  libshutdown2.o(.ARM.Collect$$libshutdown$$00000009)
    __rt_lib_shutdown_heap_1                 0x08000181   Thumb Code     0  libshutdown2.o(.ARM.Collect$$libshutdown$$00000011)
    __rt_lib_shutdown_return                 0x08000181   Thumb Code     0  libshutdown2.o(.ARM.Collect$$libshutdown$$00000012)
    __rt_lib_shutdown_signal_1               0x08000181   Thumb Code     0  libshutdown2.o(.ARM.Collect$$libshutdown$$0000000C)
    __rt_lib_shutdown_stdio_1                0x08000181   Thumb Code     0  libshutdown2.o(.ARM.Collect$$libshutdown$$00000006)
    __rt_lib_shutdown_user_alloc_1           0x08000181   Thumb Code     0  libshutdown2.o(.ARM.Collect$$libshutdown$$0000000E)
    __rt_entry                               0x08000183   Thumb Code     0  __rtentry.o(.ARM.Collect$$rtentry$$00000000)
    __rt_entry_presh_1                       0x08000183   Thumb Code     0  __rtentry2.o(.ARM.Collect$$rtentry$$00000002)
    __rt_entry_sh                            0x08000183   Thumb Code     0  __rtentry4.o(.ARM.Collect$$rtentry$$00000004)
    __rt_entry_li                            0x08000189   Thumb Code     0  __rtentry2.o(.ARM.Collect$$rtentry$$0000000A)
    __rt_entry_postsh_1                      0x08000189   Thumb Code     0  __rtentry2.o(.ARM.Collect$$rtentry$$00000009)
    __rt_entry_main                          0x0800018d   Thumb Code     0  __rtentry2.o(.ARM.Collect$$rtentry$$0000000D)
    __rt_entry_postli_1                      0x0800018d   Thumb Code     0  __rtentry2.o(.ARM.Collect$$rtentry$$0000000C)
    __rt_exit                                0x08000195   Thumb Code     0  rtexit.o(.ARM.Collect$$rtexit$$00000000)
    __rt_exit_ls                             0x08000197   Thumb Code     0  rtexit2.o(.ARM.Collect$$rtexit$$00000003)
    __rt_exit_prels_1                        0x08000197   Thumb Code     0  rtexit2.o(.ARM.Collect$$rtexit$$00000002)
    __rt_exit_exit                           0x0800019b   Thumb Code     0  rtexit2.o(.ARM.Collect$$rtexit$$00000004)
    Reset_Handler                            0x080001a1   Thumb Code     8  startup_stm32f103xb.o(.text)
    ADC1_2_IRQHandler                        0x080001bb   Thumb Code     0  startup_stm32f103xb.o(.text)
    CAN1_RX1_IRQHandler                      0x080001bb   Thumb Code     0  startup_stm32f103xb.o(.text)
    CAN1_SCE_IRQHandler                      0x080001bb   Thumb Code     0  startup_stm32f103xb.o(.text)
    DMA1_Channel1_IRQHandler                 0x080001bb   Thumb Code     0  startup_stm32f103xb.o(.text)
    DMA1_Channel2_IRQHandler                 0x080001bb   Thumb Code     0  startup_stm32f103xb.o(.text)
    DMA1_Channel3_IRQHandler                 0x080001bb   Thumb Code     0  startup_stm32f103xb.o(.text)
    DMA1_Channel4_IRQHandler                 0x080001bb   Thumb Code     0  startup_stm32f103xb.o(.text)
    DMA1_Channel5_IRQHandler                 0x080001bb   Thumb Code     0  startup_stm32f103xb.o(.text)
    DMA1_Channel6_IRQHandler                 0x080001bb   Thumb Code     0  startup_stm32f103xb.o(.text)
    DMA1_Channel7_IRQHandler                 0x080001bb   Thumb Code     0  startup_stm32f103xb.o(.text)
    EXTI0_IRQHandler                         0x080001bb   Thumb Code     0  startup_stm32f103xb.o(.text)
    EXTI15_10_IRQHandler                     0x080001bb   Thumb Code     0  startup_stm32f103xb.o(.text)
    EXTI1_IRQHandler                         0x080001bb   Thumb Code     0  startup_stm32f103xb.o(.text)
    EXTI2_IRQHandler                         0x080001bb   Thumb Code     0  startup_stm32f103xb.o(.text)
    EXTI3_IRQHandler                         0x080001bb   Thumb Code     0  startup_stm32f103xb.o(.text)
    EXTI4_IRQHandler                         0x080001bb   Thumb Code     0  startup_stm32f103xb.o(.text)
    EXTI9_5_IRQHandler                       0x080001bb   Thumb Code     0  startup_stm32f103xb.o(.text)
    FLASH_IRQHandler                         0x080001bb   Thumb Code     0  startup_stm32f103xb.o(.text)
    I2C1_ER_IRQHandler                       0x080001bb   Thumb Code     0  startup_stm32f103xb.o(.text)
    I2C1_EV_IRQHandler                       0x080001bb   Thumb Code     0  startup_stm32f103xb.o(.text)
    I2C2_ER_IRQHandler                       0x080001bb   Thumb Code     0  startup_stm32f103xb.o(.text)
    I2C2_EV_IRQHandler                       0x080001bb   Thumb Code     0  startup_stm32f103xb.o(.text)
    PVD_IRQHandler                           0x080001bb   Thumb Code     0  startup_stm32f103xb.o(.text)
    RCC_IRQHandler                           0x080001bb   Thumb Code     0  startup_stm32f103xb.o(.text)
    RTC_IRQHandler                           0x080001bb   Thumb Code     0  startup_stm32f103xb.o(.text)
    SPI1_IRQHandler                          0x080001bb   Thumb Code     0  startup_stm32f103xb.o(.text)
    SPI2_IRQHandler                          0x080001bb   Thumb Code     0  startup_stm32f103xb.o(.text)
    TAMPER_IRQHandler                        0x080001bb   Thumb Code     0  startup_stm32f103xb.o(.text)
    TIM1_BRK_IRQHandler                      0x080001bb   Thumb Code     0  startup_stm32f103xb.o(.text)
    TIM1_CC_IRQHandler                       0x080001bb   Thumb Code     0  startup_stm32f103xb.o(.text)
    TIM1_TRG_COM_IRQHandler                  0x080001bb   Thumb Code     0  startup_stm32f103xb.o(.text)
    TIM1_UP_IRQHandler                       0x080001bb   Thumb Code     0  startup_stm32f103xb.o(.text)
    TIM2_IRQHandler                          0x080001bb   Thumb Code     0  startup_stm32f103xb.o(.text)
    TIM3_IRQHandler                          0x080001bb   Thumb Code     0  startup_stm32f103xb.o(.text)
    TIM4_IRQHandler                          0x080001bb   Thumb Code     0  startup_stm32f103xb.o(.text)
    USART1_IRQHandler                        0x080001bb   Thumb Code     0  startup_stm32f103xb.o(.text)
    USART2_IRQHandler                        0x080001bb   Thumb Code     0  startup_stm32f103xb.o(.text)
    USART3_IRQHandler                        0x080001bb   Thumb Code     0  startup_stm32f103xb.o(.text)
    USBWakeUp_IRQHandler                     0x080001bb   Thumb Code     0  startup_stm32f103xb.o(.text)
    USB_HP_CAN1_TX_IRQHandler                0x080001bb   Thumb Code     0  startup_stm32f103xb.o(.text)
    USB_LP_CAN1_RX0_IRQHandler               0x080001bb   Thumb Code     0  startup_stm32f103xb.o(.text)
    WWDG_IRQHandler                          0x080001bb   Thumb Code     0  startup_stm32f103xb.o(.text)
    __user_initial_stackheap                 0x080001bd   Thumb Code     0  startup_stm32f103xb.o(.text)
    __aeabi_ldivmod                          0x080001e1   Thumb Code     0  llsdiv.o(.text)
    _ll_sdiv                                 0x080001e1   Thumb Code    72  llsdiv.o(.text)
    __2sprintf                               0x08000229   Thumb Code    34  noretval__2sprintf.o(.text)
    __printf                                 0x08000251   Thumb Code   308  __printf_flags_wp.o(.text)
    memcmp                                   0x08000389   Thumb Code    88  memcmp.o(.text)
    __aeabi_memset                           0x080003e1   Thumb Code    16  aeabi_memset.o(.text)
    __aeabi_memclr4                          0x080003f1   Thumb Code     0  rt_memclr_w.o(.text)
    __aeabi_memclr8                          0x080003f1   Thumb Code     0  rt_memclr_w.o(.text)
    __rt_memclr_w                            0x080003f1   Thumb Code    78  rt_memclr_w.o(.text)
    _memset_w                                0x080003f5   Thumb Code     0  rt_memclr_w.o(.text)
    __use_two_region_memory                  0x0800043f   Thumb Code     2  heapauxi.o(.text)
    __rt_heap_escrow                         0x08000441   Thumb Code     2  heapauxi.o(.text)
    __rt_heap_expand                         0x08000443   Thumb Code     2  heapauxi.o(.text)
    __aeabi_uldivmod                         0x08000445   Thumb Code     0  lludivv7m.o(.text)
    _ll_udiv                                 0x08000445   Thumb Code   238  lludivv7m.o(.text)
    __read_errno                             0x08000533   Thumb Code    10  _rserrno.o(.text)
    __set_errno                              0x0800053d   Thumb Code    12  _rserrno.o(.text)
    __lib_sel_fp_printf                      0x08000549   Thumb Code     2  _printf_fp_dec.o(.text)
    _printf_fp_dec_real                      0x080006fb   Thumb Code   620  _printf_fp_dec.o(.text)
    _printf_char_common                      0x08000973   Thumb Code    32  _printf_char_common.o(.text)
    _sputc                                   0x08000999   Thumb Code    10  _sputc.o(.text)
    __aeabi_memclr                           0x080009a3   Thumb Code     0  rt_memclr.o(.text)
    __rt_memclr                              0x080009a3   Thumb Code    68  rt_memclr.o(.text)
    _memset                                  0x080009a7   Thumb Code     0  rt_memclr.o(.text)
    __rt_locale                              0x080009e9   Thumb Code     8  rt_locale_intlibspace.o(.text)
    __aeabi_errno_addr                       0x080009f1   Thumb Code     8  rt_errno_addr_intlibspace.o(.text)
    __errno$intlibspace                      0x080009f1   Thumb Code     0  rt_errno_addr_intlibspace.o(.text)
    __rt_errno_addr$intlibspace              0x080009f1   Thumb Code     0  rt_errno_addr_intlibspace.o(.text)
    _ll_udiv10                               0x080009f9   Thumb Code   138  lludiv10.o(.text)
    _printf_fp_infnan                        0x08000a85   Thumb Code   112  _printf_fp_infnan.o(.text)
    _btod_etento                             0x08000b05   Thumb Code   224  bigflt0.o(.text)
    __user_libspace                          0x08000be9   Thumb Code     8  libspace.o(.text)
    __user_perproc_libspace                  0x08000be9   Thumb Code     0  libspace.o(.text)
    __user_perthread_libspace                0x08000be9   Thumb Code     0  libspace.o(.text)
    __user_setup_stackheap                   0x08000bf1   Thumb Code    74  sys_stackheap_outer.o(.text)
    exit                                     0x08000c3b   Thumb Code    18  exit.o(.text)
    strcmp                                   0x08000c4d   Thumb Code   128  strcmpv7m.o(.text)
    __I$use$semihosting                      0x08000ccd   Thumb Code     0  use_no_semi.o(.text)
    __use_no_semihosting_swi                 0x08000ccd   Thumb Code     2  use_no_semi.o(.text)
    __semihosting_library_function           0x08000ccf   Thumb Code     0  indicate_semi.o(.text)
    _sys_exit                                0x08000cd1   Thumb Code     8  sys_exit.o(.text)
    _btod_d2e                                0x08000cdd   Thumb Code    62  btod.o(CL$$btod_d2e)
    _d2e_denorm_low                          0x08000d1b   Thumb Code    70  btod.o(CL$$btod_d2e_denorm_low)
    _d2e_norm_op1                            0x08000d61   Thumb Code    96  btod.o(CL$$btod_d2e_norm_op1)
    __btod_div_common                        0x08000dc1   Thumb Code   696  btod.o(CL$$btod_div_common)
    _e2e                                     0x080010f9   Thumb Code   220  btod.o(CL$$btod_e2e)
    _btod_ediv                               0x080011d5   Thumb Code    42  btod.o(CL$$btod_ediv)
    _btod_emul                               0x080011ff   Thumb Code    42  btod.o(CL$$btod_emul)
    __btod_mult_common                       0x08001229   Thumb Code   580  btod.o(CL$$btod_mult_common)
    BusFault_Handler                         0x0800146d   Thumb Code     2  stm32f1xx_it.o(i.BusFault_Handler)
    DebugMon_Handler                         0x0800146f   Thumb Code     2  stm32f1xx_it.o(i.DebugMon_Handler)
    Delay_ms                                 0x08001471   Thumb Code    22  delay.o(i.Delay_ms)
    Delay_us                                 0x08001487   Thumb Code    32  delay.o(i.Delay_us)
    Error_Handler                            0x080014a7   Thumb Code     4  main.o(i.Error_Handler)
    HAL_Delay                                0x080014ad   Thumb Code    32  stm32f1xx_hal.o(i.HAL_Delay)
    HAL_GPIO_Init                            0x080014d1   Thumb Code   446  stm32f1xx_hal_gpio.o(i.HAL_GPIO_Init)
    HAL_GPIO_ReadPin                         0x080016b1   Thumb Code    10  stm32f1xx_hal_gpio.o(i.HAL_GPIO_ReadPin)
    HAL_GPIO_WritePin                        0x080016bb   Thumb Code    10  stm32f1xx_hal_gpio.o(i.HAL_GPIO_WritePin)
    HAL_GetTick                              0x080016c5   Thumb Code     6  stm32f1xx_hal.o(i.HAL_GetTick)
    HAL_I2C_Init                             0x080016d1   Thumb Code   376  stm32f1xx_hal_i2c.o(i.HAL_I2C_Init)
    HAL_I2C_Mem_Write                        0x08001859   Thumb Code   294  stm32f1xx_hal_i2c.o(i.HAL_I2C_Mem_Write)
    HAL_I2C_MspInit                          0x08001989   Thumb Code    96  i2c.o(i.HAL_I2C_MspInit)
    HAL_IncTick                              0x080019f9   Thumb Code    12  stm32f1xx_hal.o(i.HAL_IncTick)
    HAL_Init                                 0x08001a09   Thumb Code    32  stm32f1xx_hal.o(i.HAL_Init)
    HAL_InitTick                             0x08001a2d   Thumb Code    54  stm32f1xx_hal.o(i.HAL_InitTick)
    HAL_MspInit                              0x08001a6d   Thumb Code    52  stm32f1xx_hal_msp.o(i.HAL_MspInit)
    HAL_NVIC_EnableIRQ                       0x08001aa9   Thumb Code    26  stm32f1xx_hal_cortex.o(i.HAL_NVIC_EnableIRQ)
    HAL_NVIC_SetPriority                     0x08001ac5   Thumb Code    60  stm32f1xx_hal_cortex.o(i.HAL_NVIC_SetPriority)
    HAL_NVIC_SetPriorityGrouping             0x08001b05   Thumb Code    26  stm32f1xx_hal_cortex.o(i.HAL_NVIC_SetPriorityGrouping)
    HAL_PWR_EnableBkUpAccess                 0x08001b29   Thumb Code     8  stm32f1xx_hal_pwr.o(i.HAL_PWR_EnableBkUpAccess)
    HAL_RCCEx_GetPeriphCLKFreq               0x08001b35   Thumb Code   148  stm32f1xx_hal_rcc_ex.o(i.HAL_RCCEx_GetPeriphCLKFreq)
    HAL_RCCEx_PeriphCLKConfig                0x08001bd9   Thumb Code   224  stm32f1xx_hal_rcc_ex.o(i.HAL_RCCEx_PeriphCLKConfig)
    HAL_RCC_ClockConfig                      0x08001cc5   Thumb Code   280  stm32f1xx_hal_rcc.o(i.HAL_RCC_ClockConfig)
    HAL_RCC_GetPCLK1Freq                     0x08001df1   Thumb Code    20  stm32f1xx_hal_rcc.o(i.HAL_RCC_GetPCLK1Freq)
    HAL_RCC_GetPCLK2Freq                     0x08001e11   Thumb Code    20  stm32f1xx_hal_rcc.o(i.HAL_RCC_GetPCLK2Freq)
    HAL_RCC_GetSysClockFreq                  0x08001e31   Thumb Code    58  stm32f1xx_hal_rcc.o(i.HAL_RCC_GetSysClockFreq)
    HAL_RCC_OscConfig                        0x08001e7d   Thumb Code   778  stm32f1xx_hal_rcc.o(i.HAL_RCC_OscConfig)
    HAL_RTC_AlarmAEventCallback              0x0800219d   Thumb Code     2  stm32f1xx_hal_rtc.o(i.HAL_RTC_AlarmAEventCallback)
    HAL_RTC_AlarmIRQHandler                  0x080021a1   Thumb Code    48  stm32f1xx_hal_rtc.o(i.HAL_RTC_AlarmIRQHandler)
    HAL_RTC_Init                             0x080021d5   Thumb Code   144  stm32f1xx_hal_rtc.o(i.HAL_RTC_Init)
    HAL_RTC_MspInit                          0x08002269   Thumb Code    60  rtc.o(i.HAL_RTC_MspInit)
    HAL_RTC_WaitForSynchro                   0x080022b1   Thumb Code    58  stm32f1xx_hal_rtc.o(i.HAL_RTC_WaitForSynchro)
    HAL_SYSTICK_Config                       0x080022eb   Thumb Code    40  stm32f1xx_hal_cortex.o(i.HAL_SYSTICK_Config)
    HardFault_Handler                        0x08002313   Thumb Code     2  stm32f1xx_it.o(i.HardFault_Handler)
    MPU_Set_LPF                              0x080025e7   Thumb Code    56  mpu6050.o(i.MPU_Set_LPF)
    MPU_Set_Rate                             0x0800261f   Thumb Code    48  mpu6050.o(i.MPU_Set_Rate)
    MX_GPIO_Init                             0x08002651   Thumb Code   120  gpio.o(i.MX_GPIO_Init)
    MX_I2C1_Init                             0x080026d1   Thumb Code    50  i2c.o(i.MX_I2C1_Init)
    MX_RTC_Init                              0x08002711   Thumb Code    36  rtc.o(i.MX_RTC_Init)
    MemManage_Handler                        0x0800273d   Thumb Code     2  stm32f1xx_it.o(i.MemManage_Handler)
    MyI2C_Init                               0x0800273f   Thumb Code     4  myi2c.o(i.MyI2C_Init)
    MyI2C_R_SDA                              0x08002745   Thumb Code    24  myi2c.o(i.MyI2C_R_SDA)
    MyI2C_ReceiveAck                         0x08002761   Thumb Code    30  myi2c.o(i.MyI2C_ReceiveAck)
    MyI2C_ReceiveByte                        0x0800277f   Thumb Code    62  myi2c.o(i.MyI2C_ReceiveByte)
    MyI2C_SendAck                            0x080027bd   Thumb Code    38  myi2c.o(i.MyI2C_SendAck)
    MyI2C_SendByte                           0x080027e3   Thumb Code    52  myi2c.o(i.MyI2C_SendByte)
    MyI2C_Start                              0x08002817   Thumb Code    30  myi2c.o(i.MyI2C_Start)
    MyI2C_Stop                               0x08002835   Thumb Code    24  myi2c.o(i.MyI2C_Stop)
    MyI2C_W_SCL                              0x0800284d   Thumb Code    24  myi2c.o(i.MyI2C_W_SCL)
    MyI2C_W_SDA                              0x08002869   Thumb Code    24  myi2c.o(i.MyI2C_W_SDA)
    NMI_Handler                              0x08002885   Thumb Code     2  stm32f1xx_it.o(i.NMI_Handler)
    OLED_Clear                               0x08002887   Thumb Code    52  oled.o(i.OLED_Clear)
    OLED_Init                                0x080028bb   Thumb Code    16  oled.o(i.OLED_Init)
    OLED_Set_Pos                             0x080028cb   Thumb Code    34  oled.o(i.OLED_Set_Pos)
    OLED_ShowChar                            0x080028ed   Thumb Code   126  oled.o(i.OLED_ShowChar)
    OLED_ShowString                          0x08002975   Thumb Code    54  oled.o(i.OLED_ShowString)
    OLED_WR_CMD                              0x080029ad   Thumb Code    32  oled.o(i.OLED_WR_CMD)
    OLED_WR_DATA                             0x080029d1   Thumb Code    32  oled.o(i.OLED_WR_DATA)
    PendSV_Handler                           0x080029f5   Thumb Code     2  stm32f1xx_it.o(i.PendSV_Handler)
    RTC_Alarm_IRQHandler                     0x080029f9   Thumb Code     6  stm32f1xx_it.o(i.RTC_Alarm_IRQHandler)
    SVC_Handler                              0x08002a6f   Thumb Code     2  stm32f1xx_it.o(i.SVC_Handler)
    SysTick_Handler                          0x08002a71   Thumb Code     4  stm32f1xx_it.o(i.SysTick_Handler)
    SystemClock_Config                       0x08002a75   Thumb Code   128  main.o(i.SystemClock_Config)
    SystemInit                               0x08002af5   Thumb Code     2  system_stm32f1xx.o(i.SystemInit)
    UsageFault_Handler                       0x08002af7   Thumb Code     2  stm32f1xx_it.o(i.UsageFault_Handler)
    WriteCmd                                 0x08002af9   Thumb Code    42  oled.o(i.WriteCmd)
    __ARM_fpclassify                         0x08002b2d   Thumb Code    40  fpclassify.o(i.__ARM_fpclassify)
    __kernel_poly                            0x08002b75   Thumb Code   170  poly.o(i.__kernel_poly)
    __mathlib_dbl_infnan                     0x08002c1f   Thumb Code     6  dunder.o(i.__mathlib_dbl_infnan)
    __mathlib_dbl_infnan2                    0x08002c25   Thumb Code     4  dunder.o(i.__mathlib_dbl_infnan2)
    __mathlib_dbl_invalid                    0x08002c29   Thumb Code    12  dunder.o(i.__mathlib_dbl_invalid)
    __mathlib_dbl_underflow                  0x08002c35   Thumb Code    10  dunder.o(i.__mathlib_dbl_underflow)
    _is_digit                                0x08002c45   Thumb Code    14  __printf_wp.o(i._is_digit)
    asin                                     0x08002cd5   Thumb Code   572  asin.o(i.asin)
    atan                                     0x08002f45   Thumb Code   474  atan.o(i.atan)
    atan2                                    0x08003165   Thumb Code   374  atan2.o(i.atan2)
    dmp_enable_6x_lp_quat                    0x08003301   Thumb Code    58  inv_mpu_dmp_motion_driver.o(i.dmp_enable_6x_lp_quat)
    dmp_enable_feature                       0x0800333d   Thumb Code   464  inv_mpu_dmp_motion_driver.o(i.dmp_enable_feature)
    dmp_enable_gyro_cal                      0x08003515   Thumb Code    34  inv_mpu_dmp_motion_driver.o(i.dmp_enable_gyro_cal)
    dmp_enable_lp_quat                       0x08003551   Thumb Code    58  inv_mpu_dmp_motion_driver.o(i.dmp_enable_lp_quat)
    dmp_load_motion_driver_firmware          0x0800358d   Thumb Code    16  inv_mpu_dmp_motion_driver.o(i.dmp_load_motion_driver_firmware)
    dmp_read_fifo                            0x080035a1   Thumb Code   352  inv_mpu_dmp_motion_driver.o(i.dmp_read_fifo)
    dmp_set_accel_bias                       0x08003705   Thumb Code   212  inv_mpu_dmp_motion_driver.o(i.dmp_set_accel_bias)
    dmp_set_fifo_rate                        0x080037dd   Thumb Code    82  inv_mpu_dmp_motion_driver.o(i.dmp_set_fifo_rate)
    dmp_set_gyro_bias                        0x08003841   Thumb Code   196  inv_mpu_dmp_motion_driver.o(i.dmp_set_gyro_bias)
    dmp_set_orientation                      0x0800390d   Thumb Code   246  inv_mpu_dmp_motion_driver.o(i.dmp_set_orientation)
    dmp_set_shake_reject_thresh              0x08003a19   Thumb Code    48  inv_mpu_dmp_motion_driver.o(i.dmp_set_shake_reject_thresh)
    dmp_set_shake_reject_time                0x08003a49   Thumb Code    32  inv_mpu_dmp_motion_driver.o(i.dmp_set_shake_reject_time)
    dmp_set_shake_reject_timeout             0x08003a69   Thumb Code    32  inv_mpu_dmp_motion_driver.o(i.dmp_set_shake_reject_timeout)
    dmp_set_tap_axes                         0x08003a89   Thumb Code    64  inv_mpu_dmp_motion_driver.o(i.dmp_set_tap_axes)
    dmp_set_tap_count                        0x08003ac9   Thumb Code    34  inv_mpu_dmp_motion_driver.o(i.dmp_set_tap_count)
    dmp_set_tap_thresh                       0x08003aed   Thumb Code   274  inv_mpu_dmp_motion_driver.o(i.dmp_set_tap_thresh)
    dmp_set_tap_time                         0x08003c15   Thumb Code    32  inv_mpu_dmp_motion_driver.o(i.dmp_set_tap_time)
    dmp_set_tap_time_multi                   0x08003c35   Thumb Code    32  inv_mpu_dmp_motion_driver.o(i.dmp_set_tap_time_multi)
    inv_orientation_matrix_to_scalar         0x080040e9   Thumb Code    34  mpu6050.o(i.inv_orientation_matrix_to_scalar)
    inv_row_2_scale                          0x0800410b   Thumb Code    72  mpu6050.o(i.inv_row_2_scale)
    main                                     0x08004155   Thumb Code   142  main.o(i.main)
    mpu6050_Init                             0x08004219   Thumb Code   144  mpu6050.o(i.mpu6050_Init)
    mpu_configure_fifo                       0x080042a9   Thumb Code    78  inv_mpu.o(i.mpu_configure_fifo)
    mpu_dmp_get_data                         0x080042fd   Thumb Code   408  mpu6050.o(i.mpu_dmp_get_data)
    mpu_dmp_init                             0x08004499   Thumb Code   134  mpu6050.o(i.mpu_dmp_init)
    mpu_get_accel_fsr                        0x08004525   Thumb Code    54  inv_mpu.o(i.mpu_get_accel_fsr)
    mpu_get_accel_sens                       0x08004561   Thumb Code    62  inv_mpu.o(i.mpu_get_accel_sens)
    mpu_get_gyro_fsr                         0x080045a5   Thumb Code    48  inv_mpu.o(i.mpu_get_gyro_fsr)
    mpu_get_gyro_sens                        0x080045d9   Thumb Code    44  inv_mpu.o(i.mpu_get_gyro_sens)
    mpu_get_lpf                              0x08004619   Thumb Code    52  inv_mpu.o(i.mpu_get_lpf)
    mpu_get_sample_rate                      0x08004651   Thumb Code    22  inv_mpu.o(i.mpu_get_sample_rate)
    mpu_init                                 0x0800466d   Thumb Code   180  inv_mpu.o(i.mpu_init)
    mpu_lenread                              0x08004725   Thumb Code    96  mpu6050.o(i.mpu_lenread)
    mpu_lenwrite                             0x08004785   Thumb Code    68  mpu6050.o(i.mpu_lenwrite)
    mpu_load_firmware                        0x080047c9   Thumb Code   154  inv_mpu.o(i.mpu_load_firmware)
    mpu_lp_accel_mode                        0x08004869   Thumb Code   178  inv_mpu.o(i.mpu_lp_accel_mode)
    mpu_read                                 0x08004921   Thumb Code    70  mpu6050.o(i.mpu_read)
    mpu_read_fifo_stream                     0x08004969   Thumb Code   140  inv_mpu.o(i.mpu_read_fifo_stream)
    mpu_read_mem                             0x080049f9   Thumb Code    80  inv_mpu.o(i.mpu_read_mem)
    mpu_reset_fifo                           0x08004a4d   Thumb Code   346  inv_mpu.o(i.mpu_reset_fifo)
    mpu_run_self_test                        0x08004bad   Thumb Code   236  inv_mpu.o(i.mpu_run_self_test)
    mpu_set_accel_fsr                        0x08004c9d   Thumb Code    98  inv_mpu.o(i.mpu_set_accel_fsr)
    mpu_set_bypass                           0x08004d05   Thumb Code   214  inv_mpu.o(i.mpu_set_bypass)
    mpu_set_dmp_state                        0x08004de1   Thumb Code   114  inv_mpu.o(i.mpu_set_dmp_state)
    mpu_set_gyro_fsr                         0x08004e59   Thumb Code   104  inv_mpu.o(i.mpu_set_gyro_fsr)
    mpu_set_int_latched                      0x08004ec5   Thumb Code    94  inv_mpu.o(i.mpu_set_int_latched)
    mpu_set_lpf                              0x08004f29   Thumb Code   102  inv_mpu.o(i.mpu_set_lpf)
    mpu_set_sample_rate                      0x08004f95   Thumb Code   124  inv_mpu.o(i.mpu_set_sample_rate)
    mpu_set_sensors                          0x08005015   Thumb Code   178  inv_mpu.o(i.mpu_set_sensors)
    mpu_write                                0x080050cd   Thumb Code    52  mpu6050.o(i.mpu_write)
    mpu_write_mem                            0x08005101   Thumb Code    80  inv_mpu.o(i.mpu_write_mem)
    myget_ms                                 0x08005155   Thumb Code    18  mpu6050.o(i.myget_ms)
    run_self_test                            0x0800516d   Thumb Code   128  mpu6050.o(i.run_self_test)
    sqrt                                     0x08005245   Thumb Code    76  sqrt.o(i.sqrt)
    _get_lc_numeric                          0x08005291   Thumb Code    44  lc_numeric_c.o(locale$$code)
    __aeabi_d2f                              0x080052bd   Thumb Code     0  d2f.o(x$fpl$d2f)
    _d2f                                     0x080052bd   Thumb Code    98  d2f.o(x$fpl$d2f)
    __aeabi_dadd                             0x08005321   Thumb Code     0  daddsub_clz.o(x$fpl$dadd)
    _dadd                                    0x08005321   Thumb Code   332  daddsub_clz.o(x$fpl$dadd)
    __fpl_dcheck_NaN1                        0x08005471   Thumb Code    10  dcheck1.o(x$fpl$dcheck1)
    __fpl_dcmp_Inf                           0x08005481   Thumb Code    24  dcmpi.o(x$fpl$dcmpinf)
    __aeabi_ddiv                             0x08005499   Thumb Code     0  ddiv.o(x$fpl$ddiv)
    _ddiv                                    0x08005499   Thumb Code   552  ddiv.o(x$fpl$ddiv)
    __aeabi_cdcmpeq                          0x08005749   Thumb Code     0  deqf.o(x$fpl$deqf)
    _dcmpeq                                  0x08005749   Thumb Code   120  deqf.o(x$fpl$deqf)
    __aeabi_dmul                             0x080057c1   Thumb Code     0  dmul.o(x$fpl$dmul)
    _dmul                                    0x080057c1   Thumb Code   332  dmul.o(x$fpl$dmul)
    __fpl_dnaninf                            0x08005915   Thumb Code   156  dnaninf.o(x$fpl$dnaninf)
    __fpl_dretinf                            0x080059b1   Thumb Code    12  dretinf.o(x$fpl$dretinf)
    __aeabi_drsub                            0x080059bd   Thumb Code     0  daddsub_clz.o(x$fpl$drsb)
    _drsb                                    0x080059bd   Thumb Code    22  daddsub_clz.o(x$fpl$drsb)
    _dsqrt                                   0x080059d5   Thumb Code   456  dsqrt_noumaal.o(x$fpl$dsqrt)
    __aeabi_dsub                             0x08005ba1   Thumb Code     0  daddsub_clz.o(x$fpl$dsub)
    _dsub                                    0x08005ba1   Thumb Code   464  daddsub_clz.o(x$fpl$dsub)
    __aeabi_f2d                              0x08005d75   Thumb Code     0  f2d.o(x$fpl$f2d)
    _f2d                                     0x08005d75   Thumb Code    86  f2d.o(x$fpl$f2d)
    __aeabi_fadd                             0x08005dcd   Thumb Code     0  faddsub_clz.o(x$fpl$fadd)
    _fadd                                    0x08005dcd   Thumb Code   196  faddsub_clz.o(x$fpl$fadd)
    __fpl_fcheck_NaN1                        0x08005e91   Thumb Code     6  fcheck1.o(x$fpl$fcheck1)
    __aeabi_fdiv                             0x08005e9d   Thumb Code     0  fdiv.o(x$fpl$fdiv)
    _fdiv                                    0x08005e9d   Thumb Code   384  fdiv.o(x$fpl$fdiv)
    __aeabi_f2iz                             0x08006021   Thumb Code     0  ffix.o(x$fpl$ffix)
    _ffix                                    0x08006021   Thumb Code    54  ffix.o(x$fpl$ffix)
    __aeabi_f2uiz                            0x08006059   Thumb Code     0  ffixu.o(x$fpl$ffixu)
    _ffixu                                   0x08006059   Thumb Code    62  ffixu.o(x$fpl$ffixu)
    __aeabi_i2f                              0x08006099   Thumb Code     0  fflt_clz.o(x$fpl$fflt)
    _fflt                                    0x08006099   Thumb Code    48  fflt_clz.o(x$fpl$fflt)
    __aeabi_ui2f                             0x080060c9   Thumb Code     0  fflt_clz.o(x$fpl$ffltu)
    _ffltu                                   0x080060c9   Thumb Code    38  fflt_clz.o(x$fpl$ffltu)
    __aeabi_fmul                             0x080060f1   Thumb Code     0  fmul.o(x$fpl$fmul)
    _fmul                                    0x080060f1   Thumb Code   258  fmul.o(x$fpl$fmul)
    __fpl_fnaninf                            0x080061f3   Thumb Code   140  fnaninf.o(x$fpl$fnaninf)
    __fpl_fretinf                            0x0800627f   Thumb Code    10  fretinf.o(x$fpl$fretinf)
    __aeabi_fsub                             0x08006289   Thumb Code     0  faddsub_clz.o(x$fpl$fsub)
    _fsub                                    0x08006289   Thumb Code   234  faddsub_clz.o(x$fpl$fsub)
    _printf_fp_dec                           0x08006373   Thumb Code     4  printf1.o(x$fpl$printf1)
    __fpl_return_NaN                         0x08006377   Thumb Code   100  retnan.o(x$fpl$retnan)
    __ARM_scalbn                             0x080063db   Thumb Code    92  scalbn.o(x$fpl$scalbn)
    __ARM_scalbnf                            0x08006437   Thumb Code    76  scalbnf.o(x$fpl$scalbnf)
    __fpl_cmpreturn                          0x08006483   Thumb Code    48  trapv.o(x$fpl$trapveneer)
    F6x8                                     0x080064b2   Data         552  oled.o(.constdata)
    __I$use$fp                               0x080064b2   Number         0  usenofp.o(x$fpl$usenofp)
    F8X16                                    0x080066da   Data        1504  oled.o(.constdata)
    Hzk                                      0x08006cba   Data         448  oled.o(.constdata)
    reg                                      0x08006e7a   Data          30  inv_mpu.o(.constdata)
    hw                                       0x08006e98   Data          12  inv_mpu.o(.constdata)
    test                                     0x08006ea4   Data          40  inv_mpu.o(.constdata)
    AHBPrescTable                            0x08007ae6   Data          16  system_stm32f1xx.o(.constdata)
    APBPrescTable                            0x08007af6   Data           8  system_stm32f1xx.o(.constdata)
    __mathlib_zero                           0x08007bf8   Data           8  qnan.o(.constdata)
    Region$$Table$$Base                      0x08007c94   Number         0  anon$$obj.o(Region$$Table)
    Region$$Table$$Limit                     0x08007cb4   Number         0  anon$$obj.o(Region$$Table)
    CMD_Data                                 0x20000000   Data          27  oled.o(.data)
    pitch                                    0x20000054   Data           4  main.o(.data)
    roll                                     0x20000058   Data           4  main.o(.data)
    yaw                                      0x2000005c   Data           4  main.o(.data)
    uwTickFreq                               0x20000060   Data           1  stm32f1xx_hal.o(.data)
    uwTickPrio                               0x20000064   Data           4  stm32f1xx_hal.o(.data)
    uwTick                                   0x20000068   Data           4  stm32f1xx_hal.o(.data)
    SystemCoreClock                          0x2000006c   Data           4  system_stm32f1xx.o(.data)
    display_buf                              0x20000080   Data          20  main.o(.bss)
    hi2c1                                    0x20000094   Data          84  i2c.o(.bss)
    hrtc                                     0x200000e8   Data          20  rtc.o(.bss)
    __libspace_start                         0x200000fc   Data          96  libspace.o(.bss)
    __temporary_stack_top$libspace           0x2000015c   Data           0  libspace.o(.bss)



==============================================================================

Memory Map of the image

  Image Entry point : 0x080000ed

  Load Region LR_IROM1 (Base: 0x08000000, Size: 0x00007d40, Max: 0x00010000, ABSOLUTE)

    Execution Region ER_IROM1 (Exec base: 0x08000000, Load base: 0x08000000, Size: 0x00007cd0, Max: 0x00010000, ABSOLUTE)

    Exec Addr    Load Addr    Size         Type   Attr      Idx    E Section Name        Object

    0x08000000   0x08000000   0x000000ec   Data   RO            3    RESET               startup_stm32f103xb.o
    0x080000ec   0x080000ec   0x00000008   Code   RO         3106  * !!!main             c_w.l(__main.o)
    0x080000f4   0x080000f4   0x00000034   Code   RO         3646    !!!scatter          c_w.l(__scatter.o)
    0x08000128   0x08000128   0x0000001a   Code   RO         3648    !!handler_copy      c_w.l(__scatter_copy.o)
    0x08000142   0x08000142   0x00000002   PAD
    0x08000144   0x08000144   0x0000001c   Code   RO         3650    !!handler_zi        c_w.l(__scatter_zi.o)
    0x08000160   0x08000160   0x00000000   Code   RO         3097    .ARM.Collect$$_printf_percent$$00000000  c_w.l(_printf_percent.o)
    0x08000160   0x08000160   0x00000006   Code   RO         3096    .ARM.Collect$$_printf_percent$$00000003  c_w.l(_printf_f.o)
    0x08000166   0x08000166   0x00000004   Code   RO         3177    .ARM.Collect$$_printf_percent$$00000017  c_w.l(_printf_percent_end.o)
    0x0800016a   0x0800016a   0x00000002   Code   RO         3433    .ARM.Collect$$libinit$$00000000  c_w.l(libinit.o)
    0x0800016c   0x0800016c   0x00000000   Code   RO         3435    .ARM.Collect$$libinit$$00000002  c_w.l(libinit2.o)
    0x0800016c   0x0800016c   0x00000000   Code   RO         3437    .ARM.Collect$$libinit$$00000004  c_w.l(libinit2.o)
    0x0800016c   0x0800016c   0x00000000   Code   RO         3440    .ARM.Collect$$libinit$$0000000A  c_w.l(libinit2.o)
    0x0800016c   0x0800016c   0x00000000   Code   RO         3442    .ARM.Collect$$libinit$$0000000C  c_w.l(libinit2.o)
    0x0800016c   0x0800016c   0x00000000   Code   RO         3444    .ARM.Collect$$libinit$$0000000E  c_w.l(libinit2.o)
    0x0800016c   0x0800016c   0x00000006   Code   RO         3445    .ARM.Collect$$libinit$$0000000F  c_w.l(libinit2.o)
    0x08000172   0x08000172   0x00000000   Code   RO         3447    .ARM.Collect$$libinit$$00000011  c_w.l(libinit2.o)
    0x08000172   0x08000172   0x00000000   Code   RO         3449    .ARM.Collect$$libinit$$00000013  c_w.l(libinit2.o)
    0x08000172   0x08000172   0x00000000   Code   RO         3451    .ARM.Collect$$libinit$$00000015  c_w.l(libinit2.o)
    0x08000172   0x08000172   0x0000000a   Code   RO         3452    .ARM.Collect$$libinit$$00000016  c_w.l(libinit2.o)
    0x0800017c   0x0800017c   0x00000000   Code   RO         3453    .ARM.Collect$$libinit$$00000017  c_w.l(libinit2.o)
    0x0800017c   0x0800017c   0x00000000   Code   RO         3455    .ARM.Collect$$libinit$$00000019  c_w.l(libinit2.o)
    0x0800017c   0x0800017c   0x00000000   Code   RO         3457    .ARM.Collect$$libinit$$0000001B  c_w.l(libinit2.o)
    0x0800017c   0x0800017c   0x00000000   Code   RO         3459    .ARM.Collect$$libinit$$0000001D  c_w.l(libinit2.o)
    0x0800017c   0x0800017c   0x00000000   Code   RO         3461    .ARM.Collect$$libinit$$0000001F  c_w.l(libinit2.o)
    0x0800017c   0x0800017c   0x00000000   Code   RO         3463    .ARM.Collect$$libinit$$00000021  c_w.l(libinit2.o)
    0x0800017c   0x0800017c   0x00000000   Code   RO         3465    .ARM.Collect$$libinit$$00000023  c_w.l(libinit2.o)
    0x0800017c   0x0800017c   0x00000000   Code   RO         3467    .ARM.Collect$$libinit$$00000025  c_w.l(libinit2.o)
    0x0800017c   0x0800017c   0x00000000   Code   RO         3471    .ARM.Collect$$libinit$$0000002C  c_w.l(libinit2.o)
    0x0800017c   0x0800017c   0x00000000   Code   RO         3473    .ARM.Collect$$libinit$$0000002E  c_w.l(libinit2.o)
    0x0800017c   0x0800017c   0x00000000   Code   RO         3475    .ARM.Collect$$libinit$$00000030  c_w.l(libinit2.o)
    0x0800017c   0x0800017c   0x00000000   Code   RO         3477    .ARM.Collect$$libinit$$00000032  c_w.l(libinit2.o)
    0x0800017c   0x0800017c   0x00000002   Code   RO         3478    .ARM.Collect$$libinit$$00000033  c_w.l(libinit2.o)
    0x0800017e   0x0800017e   0x00000002   Code   RO         3627    .ARM.Collect$$libshutdown$$00000000  c_w.l(libshutdown.o)
    0x08000180   0x08000180   0x00000000   Code   RO         3480    .ARM.Collect$$libshutdown$$00000002  c_w.l(libshutdown2.o)
    0x08000180   0x08000180   0x00000000   Code   RO         3482    .ARM.Collect$$libshutdown$$00000004  c_w.l(libshutdown2.o)
    0x08000180   0x08000180   0x00000000   Code   RO         3484    .ARM.Collect$$libshutdown$$00000006  c_w.l(libshutdown2.o)
    0x08000180   0x08000180   0x00000000   Code   RO         3487    .ARM.Collect$$libshutdown$$00000009  c_w.l(libshutdown2.o)
    0x08000180   0x08000180   0x00000000   Code   RO         3490    .ARM.Collect$$libshutdown$$0000000C  c_w.l(libshutdown2.o)
    0x08000180   0x08000180   0x00000000   Code   RO         3492    .ARM.Collect$$libshutdown$$0000000E  c_w.l(libshutdown2.o)
    0x08000180   0x08000180   0x00000000   Code   RO         3495    .ARM.Collect$$libshutdown$$00000011  c_w.l(libshutdown2.o)
    0x08000180   0x08000180   0x00000002   Code   RO         3496    .ARM.Collect$$libshutdown$$00000012  c_w.l(libshutdown2.o)
    0x08000182   0x08000182   0x00000000   Code   RO         3162    .ARM.Collect$$rtentry$$00000000  c_w.l(__rtentry.o)
    0x08000182   0x08000182   0x00000000   Code   RO         3249    .ARM.Collect$$rtentry$$00000002  c_w.l(__rtentry2.o)
    0x08000182   0x08000182   0x00000006   Code   RO         3261    .ARM.Collect$$rtentry$$00000004  c_w.l(__rtentry4.o)
    0x08000188   0x08000188   0x00000000   Code   RO         3251    .ARM.Collect$$rtentry$$00000009  c_w.l(__rtentry2.o)
    0x08000188   0x08000188   0x00000004   Code   RO         3252    .ARM.Collect$$rtentry$$0000000A  c_w.l(__rtentry2.o)
    0x0800018c   0x0800018c   0x00000000   Code   RO         3254    .ARM.Collect$$rtentry$$0000000C  c_w.l(__rtentry2.o)
    0x0800018c   0x0800018c   0x00000008   Code   RO         3255    .ARM.Collect$$rtentry$$0000000D  c_w.l(__rtentry2.o)
    0x08000194   0x08000194   0x00000002   Code   RO         3504    .ARM.Collect$$rtexit$$00000000  c_w.l(rtexit.o)
    0x08000196   0x08000196   0x00000000   Code   RO         3566    .ARM.Collect$$rtexit$$00000002  c_w.l(rtexit2.o)
    0x08000196   0x08000196   0x00000004   Code   RO         3567    .ARM.Collect$$rtexit$$00000003  c_w.l(rtexit2.o)
    0x0800019a   0x0800019a   0x00000006   Code   RO         3568    .ARM.Collect$$rtexit$$00000004  c_w.l(rtexit2.o)
    0x080001a0   0x080001a0   0x00000040   Code   RO            4    .text               startup_stm32f103xb.o
    0x080001e0   0x080001e0   0x00000048   Code   RO         3040    .text               c_w.l(llsdiv.o)
    0x08000228   0x08000228   0x00000028   Code   RO         3048    .text               c_w.l(noretval__2sprintf.o)
    0x08000250   0x08000250   0x00000138   Code   RO         3087    .text               c_w.l(__printf_flags_wp.o)
    0x08000388   0x08000388   0x00000058   Code   RO         3098    .text               c_w.l(memcmp.o)
    0x080003e0   0x080003e0   0x00000010   Code   RO         3100    .text               c_w.l(aeabi_memset.o)
    0x080003f0   0x080003f0   0x0000004e   Code   RO         3102    .text               c_w.l(rt_memclr_w.o)
    0x0800043e   0x0800043e   0x00000006   Code   RO         3104    .text               c_w.l(heapauxi.o)
    0x08000444   0x08000444   0x000000ee   Code   RO         3163    .text               c_w.l(lludivv7m.o)
    0x08000532   0x08000532   0x00000016   Code   RO         3165    .text               c_w.l(_rserrno.o)
    0x08000548   0x08000548   0x0000041e   Code   RO         3169    .text               c_w.l(_printf_fp_dec.o)
    0x08000966   0x08000966   0x00000002   PAD
    0x08000968   0x08000968   0x00000030   Code   RO         3171    .text               c_w.l(_printf_char_common.o)
    0x08000998   0x08000998   0x0000000a   Code   RO         3173    .text               c_w.l(_sputc.o)
    0x080009a2   0x080009a2   0x00000044   Code   RO         3184    .text               c_w.l(rt_memclr.o)
    0x080009e6   0x080009e6   0x00000002   PAD
    0x080009e8   0x080009e8   0x00000008   Code   RO         3270    .text               c_w.l(rt_locale_intlibspace.o)
    0x080009f0   0x080009f0   0x00000008   Code   RO         3275    .text               c_w.l(rt_errno_addr_intlibspace.o)
    0x080009f8   0x080009f8   0x0000008a   Code   RO         3277    .text               c_w.l(lludiv10.o)
    0x08000a82   0x08000a82   0x00000002   PAD
    0x08000a84   0x08000a84   0x00000080   Code   RO         3279    .text               c_w.l(_printf_fp_infnan.o)
    0x08000b04   0x08000b04   0x000000e4   Code   RO         3283    .text               c_w.l(bigflt0.o)
    0x08000be8   0x08000be8   0x00000008   Code   RO         3342    .text               c_w.l(libspace.o)
    0x08000bf0   0x08000bf0   0x0000004a   Code   RO         3347    .text               c_w.l(sys_stackheap_outer.o)
    0x08000c3a   0x08000c3a   0x00000012   Code   RO         3420    .text               c_w.l(exit.o)
    0x08000c4c   0x08000c4c   0x00000080   Code   RO         3426    .text               c_w.l(strcmpv7m.o)
    0x08000ccc   0x08000ccc   0x00000002   Code   RO         3501    .text               c_w.l(use_no_semi.o)
    0x08000cce   0x08000cce   0x00000000   Code   RO         3503    .text               c_w.l(indicate_semi.o)
    0x08000cce   0x08000cce   0x00000002   PAD
    0x08000cd0   0x08000cd0   0x0000000c   Code   RO         3563    .text               c_w.l(sys_exit.o)
    0x08000cdc   0x08000cdc   0x0000003e   Code   RO         3286    CL$$btod_d2e        c_w.l(btod.o)
    0x08000d1a   0x08000d1a   0x00000046   Code   RO         3288    CL$$btod_d2e_denorm_low  c_w.l(btod.o)
    0x08000d60   0x08000d60   0x00000060   Code   RO         3287    CL$$btod_d2e_norm_op1  c_w.l(btod.o)
    0x08000dc0   0x08000dc0   0x00000338   Code   RO         3296    CL$$btod_div_common  c_w.l(btod.o)
    0x080010f8   0x080010f8   0x000000dc   Code   RO         3293    CL$$btod_e2e        c_w.l(btod.o)
    0x080011d4   0x080011d4   0x0000002a   Code   RO         3290    CL$$btod_ediv       c_w.l(btod.o)
    0x080011fe   0x080011fe   0x0000002a   Code   RO         3289    CL$$btod_emul       c_w.l(btod.o)
    0x08001228   0x08001228   0x00000244   Code   RO         3295    CL$$btod_mult_common  c_w.l(btod.o)
    0x0800146c   0x0800146c   0x00000002   Code   RO         1137    i.BusFault_Handler  stm32f1xx_it.o
    0x0800146e   0x0800146e   0x00000002   Code   RO         1138    i.DebugMon_Handler  stm32f1xx_it.o
    0x08001470   0x08001470   0x00000016   Code   RO           13    i.Delay_ms          delay.o
    0x08001486   0x08001486   0x00000020   Code   RO           15    i.Delay_us          delay.o
    0x080014a6   0x080014a6   0x00000004   Code   RO          982    i.Error_Handler     main.o
    0x080014aa   0x080014aa   0x00000002   PAD
    0x080014ac   0x080014ac   0x00000024   Code   RO         1723    i.HAL_Delay         stm32f1xx_hal.o
    0x080014d0   0x080014d0   0x000001e0   Code   RO         2033    i.HAL_GPIO_Init     stm32f1xx_hal_gpio.o
    0x080016b0   0x080016b0   0x0000000a   Code   RO         2035    i.HAL_GPIO_ReadPin  stm32f1xx_hal_gpio.o
    0x080016ba   0x080016ba   0x0000000a   Code   RO         2037    i.HAL_GPIO_WritePin  stm32f1xx_hal_gpio.o
    0x080016c4   0x080016c4   0x0000000c   Code   RO         1727    i.HAL_GetTick       stm32f1xx_hal.o
    0x080016d0   0x080016d0   0x00000188   Code   RO         1290    i.HAL_I2C_Init      stm32f1xx_hal_i2c.o
    0x08001858   0x08001858   0x00000130   Code   RO         1311    i.HAL_I2C_Mem_Write  stm32f1xx_hal_i2c.o
    0x08001988   0x08001988   0x00000070   Code   RO         1054    i.HAL_I2C_MspInit   i2c.o
    0x080019f8   0x080019f8   0x00000010   Code   RO         1733    i.HAL_IncTick       stm32f1xx_hal.o
    0x08001a08   0x08001a08   0x00000024   Code   RO         1734    i.HAL_Init          stm32f1xx_hal.o
    0x08001a2c   0x08001a2c   0x00000040   Code   RO         1735    i.HAL_InitTick      stm32f1xx_hal.o
    0x08001a6c   0x08001a6c   0x0000003c   Code   RO         1219    i.HAL_MspInit       stm32f1xx_hal_msp.o
    0x08001aa8   0x08001aa8   0x0000001a   Code   RO         2193    i.HAL_NVIC_EnableIRQ  stm32f1xx_hal_cortex.o
    0x08001ac2   0x08001ac2   0x00000002   PAD
    0x08001ac4   0x08001ac4   0x00000040   Code   RO         2199    i.HAL_NVIC_SetPriority  stm32f1xx_hal_cortex.o
    0x08001b04   0x08001b04   0x00000024   Code   RO         2200    i.HAL_NVIC_SetPriorityGrouping  stm32f1xx_hal_cortex.o
    0x08001b28   0x08001b28   0x0000000c   Code   RO         2315    i.HAL_PWR_EnableBkUpAccess  stm32f1xx_hal_pwr.o
    0x08001b34   0x08001b34   0x000000a4   Code   RO         1994    i.HAL_RCCEx_GetPeriphCLKFreq  stm32f1xx_hal_rcc_ex.o
    0x08001bd8   0x08001bd8   0x000000ec   Code   RO         1995    i.HAL_RCCEx_PeriphCLKConfig  stm32f1xx_hal_rcc_ex.o
    0x08001cc4   0x08001cc4   0x0000012c   Code   RO         1891    i.HAL_RCC_ClockConfig  stm32f1xx_hal_rcc.o
    0x08001df0   0x08001df0   0x00000020   Code   RO         1898    i.HAL_RCC_GetPCLK1Freq  stm32f1xx_hal_rcc.o
    0x08001e10   0x08001e10   0x00000020   Code   RO         1899    i.HAL_RCC_GetPCLK2Freq  stm32f1xx_hal_rcc.o
    0x08001e30   0x08001e30   0x0000004c   Code   RO         1900    i.HAL_RCC_GetSysClockFreq  stm32f1xx_hal_rcc.o
    0x08001e7c   0x08001e7c   0x00000320   Code   RO         1903    i.HAL_RCC_OscConfig  stm32f1xx_hal_rcc.o
    0x0800219c   0x0800219c   0x00000002   Code   RO         2693    i.HAL_RTC_AlarmAEventCallback  stm32f1xx_hal_rtc.o
    0x0800219e   0x0800219e   0x00000002   PAD
    0x080021a0   0x080021a0   0x00000034   Code   RO         2694    i.HAL_RTC_AlarmIRQHandler  stm32f1xx_hal_rtc.o
    0x080021d4   0x080021d4   0x00000094   Code   RO         2701    i.HAL_RTC_Init      stm32f1xx_hal_rtc.o
    0x08002268   0x08002268   0x00000048   Code   RO         1096    i.HAL_RTC_MspInit   rtc.o
    0x080022b0   0x080022b0   0x0000003a   Code   RO         2709    i.HAL_RTC_WaitForSynchro  stm32f1xx_hal_rtc.o
    0x080022ea   0x080022ea   0x00000028   Code   RO         2204    i.HAL_SYSTICK_Config  stm32f1xx_hal_cortex.o
    0x08002312   0x08002312   0x00000002   Code   RO         1139    i.HardFault_Handler  stm32f1xx_it.o
    0x08002314   0x08002314   0x0000002e   Code   RO         1333    i.I2C_IsAcknowledgeFailed  stm32f1xx_hal_i2c.o
    0x08002342   0x08002342   0x00000002   PAD
    0x08002344   0x08002344   0x000000a8   Code   RO         1344    i.I2C_RequestMemoryWrite  stm32f1xx_hal_i2c.o
    0x080023ec   0x080023ec   0x00000056   Code   RO         1348    i.I2C_WaitOnBTFFlagUntilTimeout  stm32f1xx_hal_i2c.o
    0x08002442   0x08002442   0x00000002   PAD
    0x08002444   0x08002444   0x00000090   Code   RO         1349    i.I2C_WaitOnFlagUntilTimeout  stm32f1xx_hal_i2c.o
    0x080024d4   0x080024d4   0x000000bc   Code   RO         1350    i.I2C_WaitOnMasterAddressFlagUntilTimeout  stm32f1xx_hal_i2c.o
    0x08002590   0x08002590   0x00000056   Code   RO         1352    i.I2C_WaitOnTXEFlagUntilTimeout  stm32f1xx_hal_i2c.o
    0x080025e6   0x080025e6   0x00000038   Code   RO          872    i.MPU_Set_LPF       mpu6050.o
    0x0800261e   0x0800261e   0x00000030   Code   RO          873    i.MPU_Set_Rate      mpu6050.o
    0x0800264e   0x0800264e   0x00000002   PAD
    0x08002650   0x08002650   0x00000080   Code   RO         1029    i.MX_GPIO_Init      gpio.o
    0x080026d0   0x080026d0   0x00000040   Code   RO         1055    i.MX_I2C1_Init      i2c.o
    0x08002710   0x08002710   0x0000002c   Code   RO         1097    i.MX_RTC_Init       rtc.o
    0x0800273c   0x0800273c   0x00000002   Code   RO         1140    i.MemManage_Handler  stm32f1xx_it.o
    0x0800273e   0x0800273e   0x00000004   Code   RO           75    i.MyI2C_Init        myi2c.o
    0x08002742   0x08002742   0x00000002   PAD
    0x08002744   0x08002744   0x0000001c   Code   RO           76    i.MyI2C_R_SDA       myi2c.o
    0x08002760   0x08002760   0x0000001e   Code   RO           77    i.MyI2C_ReceiveAck  myi2c.o
    0x0800277e   0x0800277e   0x0000003e   Code   RO           78    i.MyI2C_ReceiveByte  myi2c.o
    0x080027bc   0x080027bc   0x00000026   Code   RO           79    i.MyI2C_SendAck     myi2c.o
    0x080027e2   0x080027e2   0x00000034   Code   RO           80    i.MyI2C_SendByte    myi2c.o
    0x08002816   0x08002816   0x0000001e   Code   RO           81    i.MyI2C_Start       myi2c.o
    0x08002834   0x08002834   0x00000018   Code   RO           82    i.MyI2C_Stop        myi2c.o
    0x0800284c   0x0800284c   0x0000001c   Code   RO           83    i.MyI2C_W_SCL       myi2c.o
    0x08002868   0x08002868   0x0000001c   Code   RO           84    i.MyI2C_W_SDA       myi2c.o
    0x08002884   0x08002884   0x00000002   Code   RO         1141    i.NMI_Handler       stm32f1xx_it.o
    0x08002886   0x08002886   0x00000034   Code   RO          230    i.OLED_Clear        oled.o
    0x080028ba   0x080028ba   0x00000010   Code   RO          233    i.OLED_Init         oled.o
    0x080028ca   0x080028ca   0x00000022   Code   RO          235    i.OLED_Set_Pos      oled.o
    0x080028ec   0x080028ec   0x00000088   Code   RO          237    i.OLED_ShowChar     oled.o
    0x08002974   0x08002974   0x00000036   Code   RO          239    i.OLED_ShowString   oled.o
    0x080029aa   0x080029aa   0x00000002   PAD
    0x080029ac   0x080029ac   0x00000024   Code   RO          240    i.OLED_WR_CMD       oled.o
    0x080029d0   0x080029d0   0x00000024   Code   RO          241    i.OLED_WR_DATA      oled.o
    0x080029f4   0x080029f4   0x00000002   Code   RO         1142    i.PendSV_Handler    stm32f1xx_it.o
    0x080029f6   0x080029f6   0x00000002   PAD
    0x080029f8   0x080029f8   0x0000000c   Code   RO         1143    i.RTC_Alarm_IRQHandler  stm32f1xx_it.o
    0x08002a04   0x08002a04   0x00000034   Code   RO         2713    i.RTC_EnterInitMode  stm32f1xx_hal_rtc.o
    0x08002a38   0x08002a38   0x00000036   Code   RO         2714    i.RTC_ExitInitMode  stm32f1xx_hal_rtc.o
    0x08002a6e   0x08002a6e   0x00000002   Code   RO         1144    i.SVC_Handler       stm32f1xx_it.o
    0x08002a70   0x08002a70   0x00000004   Code   RO         1145    i.SysTick_Handler   stm32f1xx_it.o
    0x08002a74   0x08002a74   0x00000080   Code   RO          983    i.SystemClock_Config  main.o
    0x08002af4   0x08002af4   0x00000002   Code   RO         3002    i.SystemInit        system_stm32f1xx.o
    0x08002af6   0x08002af6   0x00000002   Code   RO         1146    i.UsageFault_Handler  stm32f1xx_it.o
    0x08002af8   0x08002af8   0x00000034   Code   RO          242    i.WriteCmd          oled.o
    0x08002b2c   0x08002b2c   0x00000028   Code   RO         3235    i.__ARM_fpclassify  m_ws.l(fpclassify.o)
    0x08002b54   0x08002b54   0x00000020   Code   RO         2206    i.__NVIC_SetPriority  stm32f1xx_hal_cortex.o
    0x08002b74   0x08002b74   0x000000aa   Code   RO         3237    i.__kernel_poly     m_ws.l(poly.o)
    0x08002c1e   0x08002c1e   0x00000006   Code   RO         3222    i.__mathlib_dbl_infnan  m_ws.l(dunder.o)
    0x08002c24   0x08002c24   0x00000004   Code   RO         3223    i.__mathlib_dbl_infnan2  m_ws.l(dunder.o)
    0x08002c28   0x08002c28   0x0000000c   Code   RO         3224    i.__mathlib_dbl_invalid  m_ws.l(dunder.o)
    0x08002c34   0x08002c34   0x00000010   Code   RO         3227    i.__mathlib_dbl_underflow  m_ws.l(dunder.o)
    0x08002c44   0x08002c44   0x0000000e   Code   RO         3085    i._is_digit         c_w.l(__printf_wp.o)
    0x08002c52   0x08002c52   0x00000002   PAD
    0x08002c54   0x08002c54   0x00000080   Code   RO          343    i.accel_self_test   inv_mpu.o
    0x08002cd4   0x08002cd4   0x00000270   Code   RO         3145    i.asin              m_ws.l(asin.o)
    0x08002f44   0x08002f44   0x00000220   Code   RO         3212    i.atan              m_ws.l(atan.o)
    0x08003164   0x08003164   0x0000019c   Code   RO         3155    i.atan2             m_ws.l(atan2.o)
    0x08003300   0x08003300   0x0000003a   Code   RO          684    i.dmp_enable_6x_lp_quat  inv_mpu_dmp_motion_driver.o
    0x0800333a   0x0800333a   0x00000002   PAD
    0x0800333c   0x0800333c   0x000001d8   Code   RO          685    i.dmp_enable_feature  inv_mpu_dmp_motion_driver.o
    0x08003514   0x08003514   0x0000003c   Code   RO          686    i.dmp_enable_gyro_cal  inv_mpu_dmp_motion_driver.o
    0x08003550   0x08003550   0x0000003a   Code   RO          687    i.dmp_enable_lp_quat  inv_mpu_dmp_motion_driver.o
    0x0800358a   0x0800358a   0x00000002   PAD
    0x0800358c   0x0800358c   0x00000014   Code   RO          692    i.dmp_load_motion_driver_firmware  inv_mpu_dmp_motion_driver.o
    0x080035a0   0x080035a0   0x00000164   Code   RO          693    i.dmp_read_fifo     inv_mpu_dmp_motion_driver.o
    0x08003704   0x08003704   0x000000d8   Code   RO          696    i.dmp_set_accel_bias  inv_mpu_dmp_motion_driver.o
    0x080037dc   0x080037dc   0x00000064   Code   RO          697    i.dmp_set_fifo_rate  inv_mpu_dmp_motion_driver.o
    0x08003840   0x08003840   0x000000cc   Code   RO          698    i.dmp_set_gyro_bias  inv_mpu_dmp_motion_driver.o
    0x0800390c   0x0800390c   0x0000010c   Code   RO          700    i.dmp_set_orientation  inv_mpu_dmp_motion_driver.o
    0x08003a18   0x08003a18   0x00000030   Code   RO          703    i.dmp_set_shake_reject_thresh  inv_mpu_dmp_motion_driver.o
    0x08003a48   0x08003a48   0x00000020   Code   RO          704    i.dmp_set_shake_reject_time  inv_mpu_dmp_motion_driver.o
    0x08003a68   0x08003a68   0x00000020   Code   RO          705    i.dmp_set_shake_reject_timeout  inv_mpu_dmp_motion_driver.o
    0x08003a88   0x08003a88   0x00000040   Code   RO          706    i.dmp_set_tap_axes  inv_mpu_dmp_motion_driver.o
    0x08003ac8   0x08003ac8   0x00000022   Code   RO          707    i.dmp_set_tap_count  inv_mpu_dmp_motion_driver.o
    0x08003aea   0x08003aea   0x00000002   PAD
    0x08003aec   0x08003aec   0x00000128   Code   RO          708    i.dmp_set_tap_thresh  inv_mpu_dmp_motion_driver.o
    0x08003c14   0x08003c14   0x00000020   Code   RO          709    i.dmp_set_tap_time  inv_mpu_dmp_motion_driver.o
    0x08003c34   0x08003c34   0x00000020   Code   RO          710    i.dmp_set_tap_time_multi  inv_mpu_dmp_motion_driver.o
    0x08003c54   0x08003c54   0x000000ac   Code   RO          344    i.get_accel_prod_shift  inv_mpu.o
    0x08003d00   0x08003d00   0x00000314   Code   RO          345    i.get_st_biases     inv_mpu.o
    0x08004014   0x08004014   0x000000d4   Code   RO          346    i.gyro_self_test    inv_mpu.o
    0x080040e8   0x080040e8   0x00000022   Code   RO          874    i.inv_orientation_matrix_to_scalar  mpu6050.o
    0x0800410a   0x0800410a   0x00000048   Code   RO          875    i.inv_row_2_scale   mpu6050.o
    0x08004152   0x08004152   0x00000002   PAD
    0x08004154   0x08004154   0x000000c4   Code   RO          984    i.main              main.o
    0x08004218   0x08004218   0x00000090   Code   RO          876    i.mpu6050_Init      mpu6050.o
    0x080042a8   0x080042a8   0x00000054   Code   RO          347    i.mpu_configure_fifo  inv_mpu.o
    0x080042fc   0x080042fc   0x0000019c   Code   RO          877    i.mpu_dmp_get_data  mpu6050.o
    0x08004498   0x08004498   0x0000008c   Code   RO          878    i.mpu_dmp_init      mpu6050.o
    0x08004524   0x08004524   0x0000003c   Code   RO          348    i.mpu_get_accel_fsr  inv_mpu.o
    0x08004560   0x08004560   0x00000044   Code   RO          350    i.mpu_get_accel_sens  inv_mpu.o
    0x080045a4   0x080045a4   0x00000034   Code   RO          356    i.mpu_get_gyro_fsr  inv_mpu.o
    0x080045d8   0x080045d8   0x00000040   Code   RO          358    i.mpu_get_gyro_sens  inv_mpu.o
    0x08004618   0x08004618   0x00000038   Code   RO          360    i.mpu_get_lpf       inv_mpu.o
    0x08004650   0x08004650   0x0000001c   Code   RO          362    i.mpu_get_sample_rate  inv_mpu.o
    0x0800466c   0x0800466c   0x000000b8   Code   RO          364    i.mpu_init          inv_mpu.o
    0x08004724   0x08004724   0x00000060   Code   RO          881    i.mpu_lenread       mpu6050.o
    0x08004784   0x08004784   0x00000044   Code   RO          882    i.mpu_lenwrite      mpu6050.o
    0x080047c8   0x080047c8   0x000000a0   Code   RO          365    i.mpu_load_firmware  inv_mpu.o
    0x08004868   0x08004868   0x000000b8   Code   RO          366    i.mpu_lp_accel_mode  inv_mpu.o
    0x08004920   0x08004920   0x00000046   Code   RO          883    i.mpu_read          mpu6050.o
    0x08004966   0x08004966   0x00000002   PAD
    0x08004968   0x08004968   0x00000090   Code   RO          372    i.mpu_read_fifo_stream  inv_mpu.o
    0x080049f8   0x080049f8   0x00000054   Code   RO          373    i.mpu_read_mem      inv_mpu.o
    0x08004a4c   0x08004a4c   0x00000160   Code   RO          376    i.mpu_reset_fifo    inv_mpu.o
    0x08004bac   0x08004bac   0x000000f0   Code   RO          377    i.mpu_run_self_test  inv_mpu.o
    0x08004c9c   0x08004c9c   0x00000068   Code   RO          380    i.mpu_set_accel_fsr  inv_mpu.o
    0x08004d04   0x08004d04   0x000000dc   Code   RO          381    i.mpu_set_bypass    inv_mpu.o
    0x08004de0   0x08004de0   0x00000078   Code   RO          383    i.mpu_set_dmp_state  inv_mpu.o
    0x08004e58   0x08004e58   0x0000006c   Code   RO          385    i.mpu_set_gyro_fsr  inv_mpu.o
    0x08004ec4   0x08004ec4   0x00000064   Code   RO          386    i.mpu_set_int_latched  inv_mpu.o
    0x08004f28   0x08004f28   0x0000006c   Code   RO          388    i.mpu_set_lpf       inv_mpu.o
    0x08004f94   0x08004f94   0x00000080   Code   RO          389    i.mpu_set_sample_rate  inv_mpu.o
    0x08005014   0x08005014   0x000000b8   Code   RO          390    i.mpu_set_sensors   inv_mpu.o
    0x080050cc   0x080050cc   0x00000034   Code   RO          884    i.mpu_write         mpu6050.o
    0x08005100   0x08005100   0x00000054   Code   RO          391    i.mpu_write_mem     inv_mpu.o
    0x08005154   0x08005154   0x00000018   Code   RO          885    i.myget_ms          mpu6050.o
    0x0800516c   0x0800516c   0x00000080   Code   RO          886    i.run_self_test     mpu6050.o
    0x080051ec   0x080051ec   0x00000058   Code   RO          392    i.set_int_enable    inv_mpu.o
    0x08005244   0x08005244   0x0000004c   Code   RO         3241    i.sqrt              m_ws.l(sqrt.o)
    0x08005290   0x08005290   0x0000002c   Code   RO         3323    locale$$code        c_w.l(lc_numeric_c.o)
    0x080052bc   0x080052bc   0x00000062   Code   RO         3108    x$fpl$d2f           fz_ws.l(d2f.o)
    0x0800531e   0x0800531e   0x00000002   PAD
    0x08005320   0x08005320   0x00000150   Code   RO         3186    x$fpl$dadd          fz_ws.l(daddsub_clz.o)
    0x08005470   0x08005470   0x00000010   Code   RO         3325    x$fpl$dcheck1       fz_ws.l(dcheck1.o)
    0x08005480   0x08005480   0x00000018   Code   RO         3327    x$fpl$dcmpinf       fz_ws.l(dcmpi.o)
    0x08005498   0x08005498   0x000002b0   Code   RO         3193    x$fpl$ddiv          fz_ws.l(ddiv.o)
    0x08005748   0x08005748   0x00000078   Code   RO         3196    x$fpl$deqf          fz_ws.l(deqf.o)
    0x080057c0   0x080057c0   0x00000154   Code   RO         3110    x$fpl$dmul          fz_ws.l(dmul.o)
    0x08005914   0x08005914   0x0000009c   Code   RO         3198    x$fpl$dnaninf       fz_ws.l(dnaninf.o)
    0x080059b0   0x080059b0   0x0000000c   Code   RO         3200    x$fpl$dretinf       fz_ws.l(dretinf.o)
    0x080059bc   0x080059bc   0x00000016   Code   RO         3187    x$fpl$drsb          fz_ws.l(daddsub_clz.o)
    0x080059d2   0x080059d2   0x00000002   PAD
    0x080059d4   0x080059d4   0x000001cc   Code   RO         3331    x$fpl$dsqrt         fz_ws.l(dsqrt_noumaal.o)
    0x08005ba0   0x08005ba0   0x000001d4   Code   RO         3188    x$fpl$dsub          fz_ws.l(daddsub_clz.o)
    0x08005d74   0x08005d74   0x00000056   Code   RO         3112    x$fpl$f2d           fz_ws.l(f2d.o)
    0x08005dca   0x08005dca   0x00000002   PAD
    0x08005dcc   0x08005dcc   0x000000c4   Code   RO         3114    x$fpl$fadd          fz_ws.l(faddsub_clz.o)
    0x08005e90   0x08005e90   0x0000000c   Code   RO         3202    x$fpl$fcheck1       fz_ws.l(fcheck1.o)
    0x08005e9c   0x08005e9c   0x00000184   Code   RO         3121    x$fpl$fdiv          fz_ws.l(fdiv.o)
    0x08006020   0x08006020   0x00000036   Code   RO         3124    x$fpl$ffix          fz_ws.l(ffix.o)
    0x08006056   0x08006056   0x00000002   PAD
    0x08006058   0x08006058   0x0000003e   Code   RO         3128    x$fpl$ffixu         fz_ws.l(ffixu.o)
    0x08006096   0x08006096   0x00000002   PAD
    0x08006098   0x08006098   0x00000030   Code   RO         3133    x$fpl$fflt          fz_ws.l(fflt_clz.o)
    0x080060c8   0x080060c8   0x00000026   Code   RO         3132    x$fpl$ffltu         fz_ws.l(fflt_clz.o)
    0x080060ee   0x080060ee   0x00000002   PAD
    0x080060f0   0x080060f0   0x00000102   Code   RO         3138    x$fpl$fmul          fz_ws.l(fmul.o)
    0x080061f2   0x080061f2   0x0000008c   Code   RO         3204    x$fpl$fnaninf       fz_ws.l(fnaninf.o)
    0x0800627e   0x0800627e   0x0000000a   Code   RO         3206    x$fpl$fretinf       fz_ws.l(fretinf.o)
    0x08006288   0x08006288   0x000000ea   Code   RO         3116    x$fpl$fsub          fz_ws.l(faddsub_clz.o)
    0x08006372   0x08006372   0x00000004   Code   RO         3140    x$fpl$printf1       fz_ws.l(printf1.o)
    0x08006376   0x08006376   0x00000064   Code   RO         3335    x$fpl$retnan        fz_ws.l(retnan.o)
    0x080063da   0x080063da   0x0000005c   Code   RO         3208    x$fpl$scalbn        fz_ws.l(scalbn.o)
    0x08006436   0x08006436   0x0000004c   Code   RO         3142    x$fpl$scalbnf       fz_ws.l(scalbnf.o)
    0x08006482   0x08006482   0x00000030   Code   RO         3499    x$fpl$trapveneer    fz_ws.l(trapv.o)
    0x080064b2   0x080064b2   0x00000000   Code   RO         3210    x$fpl$usenofp       fz_ws.l(usenofp.o)
    0x080064b2   0x080064b2   0x000009c8   Data   RO          244    .constdata          oled.o
    0x08006e7a   0x08006e7a   0x0000001e   Data   RO          393    .constdata          inv_mpu.o
    0x08006e98   0x08006e98   0x0000000c   Data   RO          394    .constdata          inv_mpu.o
    0x08006ea4   0x08006ea4   0x00000028   Data   RO          395    .constdata          inv_mpu.o
    0x08006ecc   0x08006ecc   0x00000bf6   Data   RO          712    .constdata          inv_mpu_dmp_motion_driver.o
    0x08007ac2   0x08007ac2   0x00000012   Data   RO         1904    .constdata          stm32f1xx_hal_rcc.o
    0x08007ad4   0x08007ad4   0x00000012   Data   RO         1996    .constdata          stm32f1xx_hal_rcc_ex.o
    0x08007ae6   0x08007ae6   0x00000010   Data   RO         3003    .constdata          system_stm32f1xx.o
    0x08007af6   0x08007af6   0x00000008   Data   RO         3004    .constdata          system_stm32f1xx.o
    0x08007afe   0x08007afe   0x00000011   Data   RO         3088    .constdata          c_w.l(__printf_flags_wp.o)
    0x08007b0f   0x08007b0f   0x00000001   PAD
    0x08007b10   0x08007b10   0x00000050   Data   RO         3146    .constdata          m_ws.l(asin.o)
    0x08007b60   0x08007b60   0x00000098   Data   RO         3213    .constdata          m_ws.l(atan.o)
    0x08007bf8   0x08007bf8   0x00000008   Data   RO         3239    .constdata          m_ws.l(qnan.o)
    0x08007c00   0x08007c00   0x00000094   Data   RO         3284    .constdata          c_w.l(bigflt0.o)
    0x08007c94   0x08007c94   0x00000020   Data   RO         3644    Region$$Table       anon$$obj.o
    0x08007cb4   0x08007cb4   0x0000001c   Data   RO         3322    locale$$data        c_w.l(lc_numeric_c.o)


    Execution Region RW_IRAM1 (Exec base: 0x20000000, Load base: 0x08007cd0, Size: 0x00000760, Max: 0x00005000, ABSOLUTE)

    Exec Addr    Load Addr    Size         Type   Attr      Idx    E Section Name        Object

    0x20000000   0x08007cd0   0x0000001b   Data   RW          245    .data               oled.o
    0x2000001b   0x08007ceb   0x00000001   PAD
    0x2000001c   0x08007cec   0x0000002c   Data   RW          396    .data               inv_mpu.o
    0x20000048   0x08007d18   0x00000009   Data   RW          887    .data               mpu6050.o
    0x20000051   0x08007d21   0x00000003   PAD
    0x20000054   0x08007d24   0x0000000c   Data   RW          986    .data               main.o
    0x20000060   0x08007d30   0x0000000c   Data   RW         1741    .data               stm32f1xx_hal.o
    0x2000006c   0x08007d3c   0x00000004   Data   RW         3005    .data               system_stm32f1xx.o
    0x20000070        -       0x00000010   Zero   RW          711    .bss                inv_mpu_dmp_motion_driver.o
    0x20000080        -       0x00000014   Zero   RW          985    .bss                main.o
    0x20000094        -       0x00000054   Zero   RW         1056    .bss                i2c.o
    0x200000e8        -       0x00000014   Zero   RW         1098    .bss                rtc.o
    0x200000fc        -       0x00000060   Zero   RW         3343    .bss                c_w.l(libspace.o)
    0x2000015c   0x08007d40   0x00000004   PAD
    0x20000160        -       0x00000200   Zero   RW            2    HEAP                startup_stm32f103xb.o
    0x20000360        -       0x00000400   Zero   RW            1    STACK               startup_stm32f103xb.o


==============================================================================

Image component sizes


      Code (inc. data)   RO Data    RW Data    ZI Data      Debug   Object Name

        54          0          0          0          0       5728   delay.o
       128          8          0          0          0        915   gpio.o
       176         30          0          0         84       1593   i2c.o
      4304        200         82         44          0      25857   inv_mpu.o
      2382        116       3062          0         16      19666   inv_mpu_dmp_motion_driver.o
       328         54          0         12         20       2301   main.o
      1344         16          0          9          0       9750   mpu6050.o
       324         12          0          0          0     398370   myi2c.o
       416         28       2504         27          0       5413   oled.o
       116         20          0          0         20       1475   rtc.o
        64         26        236          0       1536        792   startup_stm32f103xb.o
       164         28          0         12          0       5761   stm32f1xx_hal.o
       198         14          0          0          0      28839   stm32f1xx_hal_cortex.o
       500         34          0          0          0       3447   stm32f1xx_hal_gpio.o
      1414         32          0          0          0       9223   stm32f1xx_hal_i2c.o
        60          8          0          0          0        834   stm32f1xx_hal_msp.o
        12          4          0          0          0        495   stm32f1xx_hal_pwr.o
      1240         84         18          0          0       5016   stm32f1xx_hal_rcc.o
       400         28         18          0          0       2417   stm32f1xx_hal_rcc_ex.o
       366          8          0          0          0       4732   stm32f1xx_hal_rtc.o
        32          6          0          0          0       4145   stm32f1xx_it.o
         2          0         24          4          0       1067   system_stm32f1xx.o

    ----------------------------------------------------------------------
     14052        756       5976        112       1676     537836   Object Totals
         0          0         32          0          0          0   (incl. Generated)
        28          0          0          4          0          0   (incl. Padding)

    ----------------------------------------------------------------------

      Code (inc. data)   RO Data    RW Data    ZI Data      Debug   Library Member Name

         8          0          0          0          0         68   __main.o
       312          4         17          0          0         92   __printf_flags_wp.o
        14          0          0          0          0         68   __printf_wp.o
         0          0          0          0          0          0   __rtentry.o
        12          0          0          0          0          0   __rtentry2.o
         6          0          0          0          0          0   __rtentry4.o
        52          8          0          0          0          0   __scatter.o
        26          0          0          0          0          0   __scatter_copy.o
        28          0          0          0          0          0   __scatter_zi.o
        48          6          0          0          0         96   _printf_char_common.o
         6          0          0          0          0          0   _printf_f.o
      1054          0          0          0          0        216   _printf_fp_dec.o
       128         16          0          0          0         84   _printf_fp_infnan.o
         0          0          0          0          0          0   _printf_percent.o
         4          0          0          0          0          0   _printf_percent_end.o
        22          0          0          0          0        100   _rserrno.o
        10          0          0          0          0         68   _sputc.o
        16          0          0          0          0         68   aeabi_memset.o
       228          4        148          0          0         96   bigflt0.o
      1936        128          0          0          0        672   btod.o
        18          0          0          0          0         80   exit.o
         6          0          0          0          0        152   heapauxi.o
         0          0          0          0          0          0   indicate_semi.o
        44         10         28          0          0         76   lc_numeric_c.o
         2          0          0          0          0          0   libinit.o
        18          0          0          0          0          0   libinit2.o
         2          0          0          0          0          0   libshutdown.o
         2          0          0          0          0          0   libshutdown2.o
         8          4          0          0         96         68   libspace.o
        72          0          0          0          0         76   llsdiv.o
       138          0          0          0          0         80   lludiv10.o
       238          0          0          0          0        100   lludivv7m.o
        88          0          0          0          0         76   memcmp.o
        40          6          0          0          0         84   noretval__2sprintf.o
         8          4          0          0          0         68   rt_errno_addr_intlibspace.o
         8          4          0          0          0         68   rt_locale_intlibspace.o
        68          0          0          0          0         68   rt_memclr.o
        78          0          0          0          0         80   rt_memclr_w.o
         2          0          0          0          0          0   rtexit.o
        10          0          0          0          0          0   rtexit2.o
       128          0          0          0          0         68   strcmpv7m.o
        12          4          0          0          0         68   sys_exit.o
        74          0          0          0          0         80   sys_stackheap_outer.o
         2          0          0          0          0         68   use_no_semi.o
        98          4          0          0          0         92   d2f.o
       826         16          0          0          0        348   daddsub_clz.o
        16          4          0          0          0         68   dcheck1.o
        24          0          0          0          0         68   dcmpi.o
       688        140          0          0          0        208   ddiv.o
       120          4          0          0          0         92   deqf.o
       340         12          0          0          0        104   dmul.o
       156          4          0          0          0         92   dnaninf.o
        12          0          0          0          0         68   dretinf.o
       460         56          0          0          0        120   dsqrt_noumaal.o
        86          4          0          0          0         84   f2d.o
       430          8          0          0          0        168   faddsub_clz.o
        12          4          0          0          0         68   fcheck1.o
       388         76          0          0          0         96   fdiv.o
        54          4          0          0          0         84   ffix.o
        62          4          0          0          0         84   ffixu.o
        86          0          0          0          0        136   fflt_clz.o
       258          4          0          0          0         84   fmul.o
       140          4          0          0          0         84   fnaninf.o
        10          0          0          0          0         68   fretinf.o
         4          0          0          0          0         68   printf1.o
       100          0          0          0          0         68   retnan.o
        92          0          0          0          0         68   scalbn.o
        76          0          0          0          0         68   scalbnf.o
        48          0          0          0          0         68   trapv.o
         0          0          0          0          0          0   usenofp.o
       624         52         80          0          0        168   asin.o
       544         70        152          0          0        124   atan.o
       412         38          0          0          0        144   atan2.o
        38          6          0          0          0        272   dunder.o
        40          0          0          0          0         68   fpclassify.o
       170          0          0          0          0         96   poly.o
         0          0          8          0          0          0   qnan.o
        76          0          0          0          0         84   sqrt.o

    ----------------------------------------------------------------------
     11490        712        434          0        100       6500   Library Totals
        24          0          1          0          4          0   (incl. Padding)

    ----------------------------------------------------------------------

      Code (inc. data)   RO Data    RW Data    ZI Data      Debug   Library Name

      4976        198        193          0         96       2988   c_w.l
      4586        348          0          0          0       2556   fz_ws.l
      1904        166        240          0          0        956   m_ws.l

    ----------------------------------------------------------------------
     11490        712        434          0        100       6500   Library Totals

    ----------------------------------------------------------------------

==============================================================================


      Code (inc. data)   RO Data    RW Data    ZI Data      Debug   

     25542       1468       6410        112       1776     533932   Grand Totals
     25542       1468       6410        112       1776     533932   ELF Image Totals
     25542       1468       6410        112          0          0   ROM Totals

==============================================================================

    Total RO  Size (Code + RO Data)                31952 (  31.20kB)
    Total RW  Size (RW Data + ZI Data)              1888 (   1.84kB)
    Total ROM Size (Code + RO Data + RW Data)      32064 (  31.31kB)

==============================================================================

